
> waterflex-web@0.1.0 test:unit
> tsx scripts/run-unit-tests.ts

Discovered 17 unit test files:
lib\bookingLocation.test.ts
lib\bookingTestAddresses.test.ts
lib\bookingTestCore.test.ts
lib\currentRouteTiming.test.ts
lib\dailyOutcome.test.ts
lib\dispatchGeometry.test.ts
lib\fakeDataCore.test.ts
lib\geocode.test.ts
lib\monetaryContract.test.ts
lib\nullability.test.ts
lib\optimizationAnalysis.test.ts
lib\optimizationExport.test.ts
lib\phoneDate.test.ts
lib\technicianAvailability.test.ts
scripts\benchmarkDiagnostics.test.ts
scripts\benchmarkExperiment.test.ts
scripts\poll-until.test.ts
✔ a valid locality-only response is not malformed address evidence (23.3511ms)
✔ North 169th Street's Jefferson Precinct is approximate evidence for postal Bennington (6.1973ms)
✔ North 169th Street: incomplete street evidence is a manual starting point, never an exact house (2.5353ms)
✔ Reflection Circle: incomplete street evidence is a manual starting point, never an exact house (1.591ms)
✔ Appaloosa Drive: incomplete street evidence is a manual starting point, never an exact house (1.7285ms)
✔ Valley Street: incomplete street evidence is a manual starting point, never an exact house (1.131ms)
✔ Grandview Avenue: incomplete street evidence is a manual starting point, never an exact house (0.818ms)
✔ Cascio Drive: incomplete street evidence is a manual starting point, never an exact house (0.7038ms)
✔ Elkhorn suburb and rural locality categories can identify an exact address (1.3522ms)
✔ multiple street segments are retained, repeats are deduplicated, malformed mixtures fail (2.7048ms)
✔ manual request identity covers address, contact, service, pin and intent (2.4756ms)
✔ coverage includes all bearings plus margin and rejects missing persisted configuration (2.7005ms)
✔ candidate batches persist deterministic random state and rotate fairly across missing ordinals (2.4161ms)
✔ candidate sampling is deterministic and remains inside the selected run radius (1.0036ms)
✔ reverse-geocoded locations outside the selected run radius are rejected (0.5171ms)
✔ a recovered pending batch rejects duplicate and unroutable results without changing its candidates (0.5898ms)
✔ explicit seeds produce deterministic unique routable real-address inputs (1.467ms)
✔ collisions and unroutable candidates are rejected before later candidates succeed (0.709ms)
✔ attempt exhaustion reports an exact shortfall and returns no partial inputs (5.2509ms)
✔ malformed or incomplete Nominatim responses are rejected (38.3545ms)
✔ configured state completes bounded Nominatim results and rejects conflicts (1.3544ms)
✔ seeded generation uses weights and stable order (13.4936ms)
✔ offer policies choose only returned windows without mutating scheduler order (18.2058ms)
✔ horizon follows Chicago tomorrow plus ten weekdays across weekends and DST (12.8364ms)
✔ test APIs require explicit enablement and local same-origin requests (24.2591ms)
✔ current timing requires matching versions, exact confirmed coverage and valid intervals (5.7106ms)
✔ partial diagnostic coverage remains explicit and cannot become policy eligible (4.0044ms)
✔ time-off reports retain unresolved demand and remain ineligible for approval (1.7747ms)
✔ accepts road coordinates and empty schedules (1.1664ms)
✔ validates saved segment timing and coverage before rendering (0.5002ms)
✔ rejects Java tree metadata and malformed coordinates before map rendering (0.2102ms)
✔ rejects stale dates, phases, missing routes, and invalid stop times (0.226ms)
✔ seeded call planning is deterministic and uses weekdays only (4.554ms)
✔ service weighting boundaries match the requested mix (0.1928ms)
✔ each fake call gets a random street address and geocode in the Omaha metro (2.6326ms)
✔ different generated seeds produce different Omaha addresses (0.4506ms)
✔ input validation accepts 31 days and rejects invalid ranges (1.1438ms)
✔ versioned external IDs retain the service date for scoped cleanup (0.2854ms)
✔ all 206 USPS primary suffix pairs work only in suffix position (8.9078ms)
✔ Omaha direction and plaza spellings agree, with strict ZIP and road checks (9.5537ms)
✔ invalid coordinates and null address data remain malformed (2.1066ms)
✔ retries without state and labels the Papillion street result approximate (1.4165ms)
✔ rejects conflicting address details (3.213ms)
✔ rejects a street response without usable bounds as malformed (0.3273ms)
✔ accepts an exact matching house without manual confirmation (0.4476ms)
✔ separates transport, timeout, malformed response, and genuine miss (0.9342ms)
✔ technician lookup API reports misses and geocoder failures separately (6.1586ms)
✔ street abbreviations never normalize locality names (0.6174ms)
✔ monetary strings retain exact digits and reject binary-number or noncanonical inputs (1.8125ms)
✔ cent formatting retains cents at safe integer bounds and negative deltas (0.3029ms)
✔ operating rates and cost provenance preserve the exact wire contract (1.784ms)
✔ refresh preserves the browser deadline and rejects expired or malformed values before scheduling (18.5353ms)
✔ time-off travel retains unavailable history and rejects malformed accounting (1.058ms)
✔ road travel and buffer reporting rejects missing or inconsistent components (0.362ms)
✔ solver diagnostics require measured phase counts and explicit unavailable optional metrics (2.1394ms)
✔ v2 solver diagnostics preserve nulls and reject missing reasons or false observation (1.2272ms)
✔ depot pin accepts nearby adjustment and rejects distant or missing geocoder candidates (0.3635ms)
✔ invalid request bodies fail before downstream requests or writes (14.9681ms)
✔ depot ownership and technician assignment fields are required (1.2227ms)
✔ scheduler client preserves status and rejects malformed success and transport failures (1.8826ms)
✔ geocoder rejects null, blank, nonfinite and out-of-range strings but retains valid zero (3.6865ms)
✔ browser and journal decoders reject incomplete state while permitting unavailable shifts (2.248ms)
✔ appointment outcomes reject missing or contradictory search evidence (0.9348ms)
✔ scheduler search timing is kept separate from client transport duration (0.3117ms)
✔ selection conflicts preserve retryable refresh outcomes and transport failures (2.1009ms)
✔ an already abandoned search sends only durable cancellation with its own live signal (0.565ms)
✔ calendar utilities reject missing or invalid calendar values (13.3824ms)
✔ time-off contracts reject invalid categories, intervals, and persisted reports (1.8023ms)
✔ repair approval sums increases by day without cancelling them against another day's reduction (0.7157ms)
✔ quick analysis recommends a safe cross-profile winner (1.9075ms)
✔ customer tolerances and safety violations disqualify candidates (0.4087ms)
✔ drive minutes break a paid-time tie within one percent (0.2673ms)
✔ paid minutes per appointment safely handles zero bookings (0.0982ms)
✔ validation increments and wraps unsigned 32-bit seeds (0.7922ms)
✔ validation sequencing preserves completed runs when a later seed fails (0.3059ms)
✔ twenty consistent runs produce summaries and a validated recommendation (8.0995ms)
✔ partial validation results are retained but inconclusive (0.8102ms)
✔ one unsafe validation run makes the outcome inconclusive (2.8826ms)
✔ incomplete simulation results cannot produce recommendations (1.0925ms)
✔ JSON export retains reproducibility metadata and raw metrics (2.4186ms)
✔ CSV export includes configuration, metrics, and both delta forms (0.5084ms)
✔ validation JSON includes aggregate conclusions and every raw run (12.7518ms)
✔ validation CSV has one complete row per seed, profile, and strategy (5.9885ms)
✔ formatPhone formats as the number is typed (1.3029ms)
✔ formatPhone accepts pasted country codes and keeps extra text (0.2781ms)
✔ formatPhone lets backspace remove the last digit (0.1392ms)
✔ isValidPhone requires seven digits (0.1352ms)
✔ maskUsDate inserts slashes and leaves other text alone (0.2451ms)
✔ parseUsDate only accepts real calendar dates (1.3875ms)
✔ earliestMoveDate mirrors the 06:00 Chicago freeze (19.209ms)
✔ technician profile address fields are supplied together (3.5366ms)
✔ formatStoredPhone only reformats ten digit numbers (12.1825ms)
✔ weekly versions select by calendar date and preserve weekend hours (4.4581ms)
✔ tenth weekday horizon counts intervening weekends and daylight saving dates (21.0111ms)
✔ malformed weeks and technician profiles fail validation (3.1696ms)
✔ diagnostics preserve retries and explicitly identify unavailable jobs (12.6727ms)
✔ malformed required diagnostic values fail instead of becoming zero (13.3513ms)
✔ frozen horizons reject missing/null/malformed dates and expired comparisons (23.1962ms)
✔ labels cannot substitute for actual strategy and feature settings (1.3627ms)
✔ frozen calendar survives midnight, cutoff, weekend and DST: 2026-09-30T04:59:59Z (1.4504ms)
✔ frozen calendar survives midnight, cutoff, weekend and DST: 2026-09-30T10:59:59Z (1.1987ms)
✔ frozen calendar survives midnight, cutoff, weekend and DST: 2026-10-03T04:59:59Z (1.1322ms)
✔ frozen calendar survives midnight, cutoff, weekend and DST: 2026-03-08T07:59:59Z (1.0162ms)
✔ frozen calendar survives midnight, cutoff, weekend and DST: 2026-11-01T06:59:59Z (1.7567ms)
✔ effective isolation and calendar are mandatory before and after measurement (1.1499ms)
✔ polling returns the observed terminal state (3.1935ms)
✔ deadline failures include the last observed state (0.6569ms)
✔ read failures propagate instead of becoming fabricated states (0.191ms)
ℹ tests 108
ℹ suites 0
ℹ pass 108
ℹ fail 0
ℹ cancelled 0
ℹ skipped 0
ℹ todo 0
ℹ duration_ms 739.3945
