
> waterflex-web@0.1.0 test:unit
> tsx scripts/run-unit-tests.ts

Discovered 17 unit test files:
lib\bookingLocation.test.ts
lib\bookingTestAddresses.test.ts
lib\bookingTestCore.test.ts
lib\currentRouteTiming.test.ts
lib\dailyOutcome.test.ts
lib\dispatchGeometry.test.ts
lib\fakeDataCore.test.ts
lib\geocode.test.ts
lib\monetaryContract.test.ts
lib\nullability.test.ts
lib\optimizationAnalysis.test.ts
lib\optimizationExport.test.ts
lib\phoneDate.test.ts
lib\technicianAvailability.test.ts
scripts\benchmarkDiagnostics.test.ts
scripts\benchmarkExperiment.test.ts
scripts\poll-until.test.ts
✔ a valid locality-only response is not malformed address evidence (28.318ms)
✔ North 169th Street's Jefferson Precinct is approximate evidence for postal Bennington (3.0746ms)
✔ North 169th Street: incomplete street evidence is a manual starting point, never an exact house (1.8293ms)
✔ Reflection Circle: incomplete street evidence is a manual starting point, never an exact house (1.1001ms)
✔ Appaloosa Drive: incomplete street evidence is a manual starting point, never an exact house (1.1863ms)
✔ Valley Street: incomplete street evidence is a manual starting point, never an exact house (1.1799ms)
✔ Grandview Avenue: incomplete street evidence is a manual starting point, never an exact house (1.0147ms)
✔ Cascio Drive: incomplete street evidence is a manual starting point, never an exact house (0.7552ms)
✔ Elkhorn suburb and rural locality categories can identify an exact address (1.2663ms)
✔ multiple street segments are retained, repeats are deduplicated, malformed mixtures fail (4.5817ms)
✔ manual request identity covers address, contact, service, pin and intent (3.1699ms)
✔ coverage includes all bearings plus margin and rejects missing persisted configuration (2.4362ms)
✔ candidate batches persist deterministic random state and rotate fairly across missing ordinals (2.2687ms)
✔ candidate sampling is deterministic and remains inside the selected run radius (0.838ms)
✔ reverse-geocoded locations outside the selected run radius are rejected (0.4715ms)
✔ a recovered pending batch rejects duplicate and unroutable results without changing its candidates (0.5794ms)
✔ explicit seeds produce deterministic unique routable real-address inputs (0.8546ms)
✔ collisions and unroutable candidates are rejected before later candidates succeed (0.5634ms)
✔ attempt exhaustion reports an exact shortfall and returns no partial inputs (2.9644ms)
✔ malformed or incomplete Nominatim responses are rejected (28.5037ms)
✔ configured state completes bounded Nominatim results and rejects conflicts (1.0087ms)
✔ seeded generation uses weights and stable order (7.9246ms)
✔ offer policies choose only returned windows without mutating scheduler order (10.706ms)
✔ horizon follows Chicago tomorrow plus ten weekdays across weekends and DST (14.4005ms)
✔ test APIs require explicit enablement and local same-origin requests (21.639ms)
✔ current timing requires matching versions, exact confirmed coverage and valid intervals (5.137ms)
✔ partial diagnostic coverage remains explicit and cannot become policy eligible (4.1707ms)
✔ time-off reports retain unresolved demand and remain ineligible for approval (1.6757ms)
✔ accepts road coordinates and empty schedules (1.1009ms)
✔ validates saved segment timing and coverage before rendering (0.4962ms)
✔ rejects Java tree metadata and malformed coordinates before map rendering (0.2154ms)
✔ rejects stale dates, phases, missing routes, and invalid stop times (0.3249ms)
✔ seeded call planning is deterministic and uses weekdays only (6.302ms)
✔ service weighting boundaries match the requested mix (0.2421ms)
✔ each fake call gets a random street address and geocode in the Omaha metro (1.1929ms)
✔ different generated seeds produce different Omaha addresses (0.3769ms)
✔ input validation accepts 31 days and rejects invalid ranges (1.1015ms)
✔ versioned external IDs retain the service date for scoped cleanup (0.2871ms)
✔ all 206 USPS primary suffix pairs work only in suffix position (12.0454ms)
✔ Omaha direction and plaza spellings agree, with strict ZIP and road checks (9.7885ms)
✔ invalid coordinates and null address data remain malformed (2.988ms)
✔ retries without state and labels the Papillion street result approximate (1.7615ms)
✔ rejects conflicting address details (3.4941ms)
✔ rejects a street response without usable bounds as malformed (0.4629ms)
✔ accepts an exact matching house without manual confirmation (0.5285ms)
✔ separates transport, timeout, malformed response, and genuine miss (1.1364ms)
✔ technician lookup API reports misses and geocoder failures separately (6.1439ms)
✔ street abbreviations never normalize locality names (0.7776ms)
✔ monetary strings retain exact digits and reject binary-number or noncanonical inputs (2.1772ms)
✔ cent formatting retains cents at safe integer bounds and negative deltas (0.4605ms)
✔ operating rates and cost provenance preserve the exact wire contract (1.9837ms)
✔ refresh preserves the browser deadline and rejects expired or malformed values before scheduling (20.4188ms)
✔ time-off travel retains unavailable history and rejects malformed accounting (2.2565ms)
✔ road travel and buffer reporting rejects missing or inconsistent components (0.5411ms)
✔ solver diagnostics require measured phase counts and explicit unavailable optional metrics (2.2784ms)
✔ v2 solver diagnostics preserve nulls and reject missing reasons or false observation (1.1327ms)
✔ depot pin accepts nearby adjustment and rejects distant or missing geocoder candidates (0.1789ms)
✔ invalid request bodies fail before downstream requests or writes (16.3337ms)
✔ depot ownership and technician assignment fields are required (2.8674ms)
✔ scheduler client preserves status and rejects malformed success and transport failures (4.5714ms)
✔ geocoder rejects null, blank, nonfinite and out-of-range strings but retains valid zero (5.9803ms)
✔ browser and journal decoders reject incomplete state while permitting unavailable shifts (1.9023ms)
✔ appointment outcomes reject missing or contradictory search evidence (0.7749ms)
✔ scheduler search timing is kept separate from client transport duration (0.3584ms)
✔ selection conflicts preserve retryable refresh outcomes and transport failures (2.1433ms)
✔ an already abandoned search sends only durable cancellation with its own live signal (0.4483ms)
✔ calendar utilities reject missing or invalid calendar values (12.6156ms)
✔ time-off contracts reject invalid categories, intervals, and persisted reports (1.5198ms)
✔ repair approval sums increases by day without cancelling them against another day's reduction (0.5809ms)
✔ quick analysis recommends a safe cross-profile winner (1.7824ms)
✔ customer tolerances and safety violations disqualify candidates (0.3969ms)
✔ drive minutes break a paid-time tie within one percent (0.2534ms)
✔ paid minutes per appointment safely handles zero bookings (0.0981ms)
✔ validation increments and wraps unsigned 32-bit seeds (0.709ms)
✔ validation sequencing preserves completed runs when a later seed fails (0.2633ms)
✔ twenty consistent runs produce summaries and a validated recommendation (7.4876ms)
✔ partial validation results are retained but inconclusive (1.0508ms)
✔ one unsafe validation run makes the outcome inconclusive (2.9739ms)
✔ incomplete simulation results cannot produce recommendations (1.1893ms)
✔ JSON export retains reproducibility metadata and raw metrics (1.9749ms)
✔ CSV export includes configuration, metrics, and both delta forms (0.4269ms)
✔ validation JSON includes aggregate conclusions and every raw run (9.9363ms)
✔ validation CSV has one complete row per seed, profile, and strategy (6.0008ms)
✔ formatPhone formats as the number is typed (1.2542ms)
✔ formatPhone accepts pasted country codes and keeps extra text (0.1403ms)
✔ formatPhone lets backspace remove the last digit (0.0931ms)
✔ isValidPhone requires seven digits (0.146ms)
✔ maskUsDate inserts slashes and leaves other text alone (0.2483ms)
✔ parseUsDate only accepts real calendar dates (1.3792ms)
✔ earliestMoveDate mirrors the 06:00 Chicago freeze (20.0659ms)
✔ technician profile address fields are supplied together (3.315ms)
✔ formatStoredPhone only reformats ten digit numbers (11.4386ms)
✔ weekly versions select by calendar date and preserve weekend hours (5.635ms)
✔ tenth weekday horizon counts intervening weekends and daylight saving dates (21.5828ms)
✔ malformed weeks and technician profiles fail validation (2.203ms)
✔ diagnostics preserve retries and explicitly identify unavailable jobs (14.3049ms)
✔ malformed required diagnostic values fail instead of becoming zero (18.4018ms)
✔ frozen horizons reject missing/null/malformed dates and expired comparisons (26.7385ms)
✔ labels cannot substitute for actual strategy and feature settings (2.0478ms)
✔ frozen calendar survives midnight, cutoff, weekend and DST: 2026-09-30T04:59:59Z (2.2092ms)
✔ frozen calendar survives midnight, cutoff, weekend and DST: 2026-09-30T10:59:59Z (1.785ms)
✔ frozen calendar survives midnight, cutoff, weekend and DST: 2026-10-03T04:59:59Z (1.4232ms)
✔ frozen calendar survives midnight, cutoff, weekend and DST: 2026-03-08T07:59:59Z (1.3771ms)
✔ frozen calendar survives midnight, cutoff, weekend and DST: 2026-11-01T06:59:59Z (1.4317ms)
✔ effective isolation and calendar are mandatory before and after measurement (1.5552ms)
✔ polling returns the observed terminal state (3.3208ms)
✔ deadline failures include the last observed state (0.6609ms)
✔ read failures propagate instead of becoming fabricated states (0.212ms)
ℹ tests 108
ℹ suites 0
ℹ pass 108
ℹ fail 0
ℹ cancelled 0
ℹ skipped 0
ℹ todo 0
ℹ duration_ms 1247.19
