
> waterflex-web@0.1.0 test:unit
> tsx scripts/run-unit-tests.ts

Discovered 15 unit test files:
lib\bookingLocation.test.ts
lib\bookingTestAddresses.test.ts
lib\bookingTestCore.test.ts
lib\currentRouteTiming.test.ts
lib\dispatchGeometry.test.ts
lib\fakeDataCore.test.ts
lib\geocode.test.ts
lib\nullability.test.ts
lib\optimizationAnalysis.test.ts
lib\optimizationExport.test.ts
lib\phoneDate.test.ts
lib\technicianAvailability.test.ts
scripts\benchmarkDiagnostics.test.ts
scripts\benchmarkExperiment.test.ts
scripts\poll-until.test.ts
✔ a valid locality-only response is not malformed address evidence (37.0325ms)
✔ North 169th Street's Jefferson Precinct is approximate evidence for postal Bennington (3.9611ms)
✔ North 169th Street: incomplete street evidence is a manual starting point, never an exact house (4.8962ms)
✔ Reflection Circle: incomplete street evidence is a manual starting point, never an exact house (1.422ms)
✔ Appaloosa Drive: incomplete street evidence is a manual starting point, never an exact house (2.3159ms)
✔ Valley Street: incomplete street evidence is a manual starting point, never an exact house (5.0043ms)
✔ Grandview Avenue: incomplete street evidence is a manual starting point, never an exact house (1.2827ms)
✔ Cascio Drive: incomplete street evidence is a manual starting point, never an exact house (0.7326ms)
✔ Elkhorn suburb and rural locality categories can identify an exact address (1.2116ms)
✔ multiple street segments are retained, repeats are deduplicated, malformed mixtures fail (3.2432ms)
✔ manual request identity covers address, contact, service, pin and intent (5.1021ms)
✔ coverage includes all bearings plus margin and rejects missing persisted configuration (11.2313ms)
✔ candidate batches persist deterministic random state and rotate fairly across missing ordinals (2.3901ms)
✔ candidate sampling is deterministic and remains inside the selected run radius (1.5847ms)
✔ reverse-geocoded locations outside the selected run radius are rejected (0.7655ms)
✔ a recovered pending batch rejects duplicate and unroutable results without changing its candidates (0.8692ms)
✔ explicit seeds produce deterministic unique routable real-address inputs (2.0651ms)
✔ collisions and unroutable candidates are rejected before later candidates succeed (2.3052ms)
✔ attempt exhaustion reports an exact shortfall and returns no partial inputs (3.4626ms)
✔ malformed or incomplete Nominatim responses are rejected (45.87ms)
✔ configured state completes bounded Nominatim results and rejects conflicts (1.583ms)
✔ seeded generation uses weights and stable order (7.8229ms)
✔ offer policies choose only returned windows without mutating scheduler order (12.7443ms)
✔ horizon follows Chicago tomorrow plus ten weekdays across weekends and DST (14.3325ms)
✔ test APIs require explicit enablement and local same-origin requests (29.472ms)
✔ current timing requires matching versions, exact confirmed coverage and valid intervals (6.0595ms)
✔ accepts road coordinates and empty schedules (1.4333ms)
✔ validates saved segment timing and coverage before rendering (0.6145ms)
✔ rejects Java tree metadata and malformed coordinates before map rendering (0.2455ms)
✔ rejects stale dates, phases, missing routes, and invalid stop times (0.2653ms)
✔ seeded call planning is deterministic and uses weekdays only (4.8262ms)
✔ service weighting boundaries match the requested mix (0.3779ms)
✔ each fake call gets a random street address and geocode in the Omaha metro (1.5274ms)
✔ different generated seeds produce different Omaha addresses (0.4638ms)
✔ input validation accepts 31 days and rejects invalid ranges (1.2521ms)
✔ versioned external IDs retain the service date for scoped cleanup (0.3091ms)
✔ all 206 USPS primary suffix pairs work only in suffix position (12.4152ms)
✔ Omaha direction and plaza spellings agree, with strict ZIP and road checks (14.183ms)
✔ invalid coordinates and null address data remain malformed (2.9175ms)
✔ retries without state and labels the Papillion street result approximate (1.8995ms)
✔ rejects conflicting address details (2.712ms)
✔ rejects a street response without usable bounds as malformed (0.3901ms)
✔ accepts an exact matching house without manual confirmation (0.4693ms)
✔ separates transport, timeout, malformed response, and genuine miss (1.0384ms)
✔ technician lookup API reports misses and geocoder failures separately (6.619ms)
✔ street abbreviations never normalize locality names (0.6424ms)
✔ refresh preserves the browser deadline and rejects expired or malformed values before scheduling (22.7262ms)
✔ time-off travel retains unavailable history and rejects malformed accounting (2.1259ms)
✔ road travel and buffer reporting rejects missing or inconsistent components (0.4581ms)
✔ solver diagnostics require measured phase counts and explicit unavailable optional metrics (1.4591ms)
✔ depot pin accepts nearby adjustment and rejects distant or missing geocoder candidates (0.1918ms)
✔ invalid request bodies fail before downstream requests or writes (13.6118ms)
✔ depot ownership and technician assignment fields are required (2.925ms)
✔ scheduler client preserves status and rejects malformed success and transport failures (1.9108ms)
✔ geocoder rejects null, blank, nonfinite and out-of-range strings but retains valid zero (4.2821ms)
✔ browser and journal decoders reject incomplete state while permitting unavailable shifts (1.7604ms)
✔ appointment outcomes reject missing or contradictory search evidence (0.7402ms)
✔ scheduler search timing is kept separate from client transport duration (0.3057ms)
✔ selection conflicts preserve retryable refresh outcomes and transport failures (2.1596ms)
✔ an already abandoned search sends only durable cancellation with its own live signal (0.4435ms)
✔ calendar utilities reject missing or invalid calendar values (14.7043ms)
✔ time-off contracts reject invalid categories, intervals, and persisted reports (1.5189ms)
✔ repair approval sums increases by day without cancelling them against another day's reduction (0.5845ms)
✔ quick analysis recommends a safe cross-profile winner (1.7418ms)
✔ customer tolerances and safety violations disqualify candidates (0.3969ms)
✔ drive minutes break a paid-time tie within one percent (0.2678ms)
✔ paid minutes per appointment safely handles zero bookings (0.0996ms)
✔ validation increments and wraps unsigned 32-bit seeds (0.8169ms)
✔ validation sequencing preserves completed runs when a later seed fails (0.2775ms)
✔ twenty consistent runs produce summaries and a validated recommendation (8.9805ms)
✔ partial validation results are retained but inconclusive (1.426ms)
✔ one unsafe validation run makes the outcome inconclusive (3.3246ms)
✔ incomplete simulation results cannot produce recommendations (1.2177ms)
✔ JSON export retains reproducibility metadata and raw metrics (4.5466ms)
✔ CSV export includes configuration, metrics, and both delta forms (0.632ms)
✔ validation JSON includes aggregate conclusions and every raw run (15.3984ms)
✔ validation CSV has one complete row per seed, profile, and strategy (7.313ms)
✔ formatPhone formats as the number is typed (1.2886ms)
✔ formatPhone accepts pasted country codes and keeps extra text (0.2236ms)
✔ formatPhone lets backspace remove the last digit (0.091ms)
✔ isValidPhone requires seven digits (0.0975ms)
✔ maskUsDate inserts slashes and leaves other text alone (0.2473ms)
✔ parseUsDate only accepts real calendar dates (1.3603ms)
✔ earliestMoveDate mirrors the 06:00 Chicago freeze (24.7695ms)
✔ technician profile address fields are supplied together (7.4988ms)
✔ formatStoredPhone only reformats ten digit numbers (19.7178ms)
✔ weekly versions select by calendar date and preserve weekend hours (6.4205ms)
✔ tenth weekday horizon counts intervening weekends and daylight saving dates (31.017ms)
✔ malformed weeks and technician profiles fail validation (3.4321ms)
✔ diagnostics preserve retries and explicitly identify unavailable jobs (21.484ms)
✔ malformed required diagnostic values fail instead of becoming zero (30.3403ms)
✔ frozen horizons reject missing/null/malformed dates and expired comparisons (30.0726ms)
✔ labels cannot substitute for actual strategy and feature settings (1.5592ms)
✔ frozen calendar survives midnight, cutoff, weekend and DST: 2026-09-30T04:59:59Z (1.8105ms)
✔ frozen calendar survives midnight, cutoff, weekend and DST: 2026-09-30T10:59:59Z (2.9146ms)
✔ frozen calendar survives midnight, cutoff, weekend and DST: 2026-10-03T04:59:59Z (1.1893ms)
✔ frozen calendar survives midnight, cutoff, weekend and DST: 2026-03-08T07:59:59Z (1.2035ms)
✔ frozen calendar survives midnight, cutoff, weekend and DST: 2026-11-01T06:59:59Z (1.157ms)
✔ effective isolation and calendar are mandatory before and after measurement (1.2305ms)
✔ polling returns the observed terminal state (3.0422ms)
✔ deadline failures include the last observed state (0.6617ms)
✔ read failures propagate instead of becoming fabricated states (0.2513ms)
ℹ tests 102
ℹ suites 0
ℹ pass 102
ℹ fail 0
ℹ cancelled 0
ℹ skipped 0
ℹ todo 0
ℹ duration_ms 884.7232
