1 2651 WaterFlex  |  Technical review 1 / 26  WaterFlex Timefold Audit   and State ...  Expanded booking materializes neighborhoods before truncation Optimization opportunity   
2 4342 WATERFLEX Timefold audit and stateless service readiness  WaterFlex  |  Tec ... fa035d. ServiceCalendar.java:1  BookingSearchPipeline.java:45 OptimizationService.java:90 
3 3012 WATERFLEX Timefold audit and stateless service readiness  WaterFlex  |  Tec ... or assertions still hold. Experiment total budgets differ from  production phase budgets. 
4 3299 WATERFLEX Timefold audit and stateless service readiness  WaterFlex  |  Tec ...  Record reference  and accepted fairness-stage cost separately. Guide ch. 39 Guide ch. 42 
5 2747 WATERFLEX Timefold audit and stateless service readiness  WaterFlex  |  Tec ... ion occurred.  Community selector parsing does not establish Enterprise API availability. 
6 3494 WATERFLEX Timefold audit and stateless service readiness  WaterFlex  |  Tec ... tor when optimizing timing.  RouteTimeline.java:17 RouteTimingSearch.java:17 Guide ch. 47 
7 4029 WATERFLEX Timefold audit and stateless service readiness  WaterFlex  |  Tec ...  completion, allocation and request latency. No speedup or additional offers are claimed. 
8 2918 WATERFLEX Timefold audit and stateless service readiness  WaterFlex  |  Tec ... bility; admission counts solver plus workers. Evaluate after eliminating  redundant work. 
9 3052 WATERFLEX Timefold audit and stateless service readiness  WaterFlex  |  Tec ... ater completion does not make it complete. No new count is asserted for this  campaign.   
10 3218 WATERFLEX Timefold audit and stateless service readiness  WaterFlex  |  Tec ... ntrol, testing a faithful Timefold alternative after proving initialization and promises. 
11 2772 WATERFLEX Timefold audit and stateless service readiness  WaterFlex  |  Tec ... tion  decision. See S01 Introduction, S02 Quickstart overview and S03 Service quickstart. 
12 3783 WATERFLEX Timefold audit and stateless service readiness  WaterFlex  |  Tec ... e checks also protect today's daily preview/apply  workflow against missing appointments. 
13 3733 WATERFLEX Timefold audit and stateless service readiness  WaterFlex  |  Tec ... gular rate yields a feasible result with zero cost because  Math.round(NaN) returns zero. 
14 3987 WATERFLEX Timefold audit and stateless service readiness  WaterFlex  |  Tec ... ling getFinalBestSolution on the request  thread would still leave the HTTP wait problem. 
15 3675 WATERFLEX Timefold audit and stateless service readiness  WaterFlex  |  Tec ...  plus NON_INTRUSIVE_FULL_ASSERT runs. Runtime configurations explicitly select NO_ASSERT. 
16 3623 WATERFLEX Timefold audit and stateless service readiness  WaterFlex  |  Tec ... ot create inconsistent matrices  or demanded-service sets; copies preserve that revision. 
17 3732 WATERFLEX Timefold audit and stateless service readiness  WaterFlex  |  Tec ... , inspects the result, and applies it using the caller's  transaction and version checks. 
18 3007 WATERFLEX Timefold audit and stateless service readiness  WaterFlex  |  Tec ... ervice  measurements. Profile the identified hot paths only after correctness gates pass. 
19 2823 WATERFLEX Timefold audit and stateless service readiness  WaterFlex  |  Tec ... nt-security certification, mathematical optimality, or  measured scalability improvement. 
20 2382 WATERFLEX Timefold audit and stateless service readiness  WaterFlex  |  Tec ... rhoods Change, swap, sublist, k-opt and ruin/recreate  variants exist and build on 2.6.0. 
21 1950 WATERFLEX Timefold audit and stateless service readiness  WaterFlex  |  Tec ...  is the best  candidate found within its prescribed work, not proof of global optimality. 
22 2373 WATERFLEX Timefold audit and stateless service readiness  WaterFlex  |  Tec ...  invariant work before adding threads; list  aggregation loses downstream incrementality. 
23 2333 WATERFLEX Timefold audit and stateless service readiness  WaterFlex  |  Tec ... 13224)  R. Deployment packaging does not remove ownership, versioning or  license duties. 
24 2389 WATERFLEX Timefold audit and stateless service readiness  WaterFlex  |  Tec ...  our human  planners? (line 19653) R. Human review remains a useful experimental control. 
25 2539 WATERFLEX Timefold audit and stateless service readiness  WaterFlex  |  Tec ... vice Routing is an alternative product  evaluation, not an implementation recommendation. 
26 2293 WATERFLEX Timefold audit and stateless service readiness  WaterFlex  |  Tec ... in unchanged. This is a storage-format  discrepancy, not newly rerun historical evidence. 
Rendered 26 pages
