WARNING: A restricted method in java.lang.System has been called
WARNING: java.lang.System::load has been called by org.fusesource.jansi.internal.JansiLoader in an unnamed module (file:/C:/Users/mcgee/.m2/wrapper/dists/apache-maven-3.9.16-bin/4200fbc6/apache-maven-3.9.16/lib/jansi-2.4.3.jar)
WARNING: Use --enable-native-access=ALL-UNNAMED to avoid a warning for callers in this module
WARNING: Restricted methods will be blocked in a future release unless native access is enabled

[INFO] Scanning for projects...
[WARNING] The requested profile "campaign-benchmark" could not be activated because it does not exist.
[INFO] ------------------------------------------------------------------------
[INFO] Reactor Build Order:
[INFO] 
[INFO] calculation-engine                                                 [jar]
[INFO] campaign-benchmark                                                 [jar]
[INFO] 
[INFO] ------------------< dev.waterflex:calculation-engine >------------------
[INFO] Building calculation-engine 0.1.0-SNAPSHOT                         [1/2]
[INFO]   from pom.xml
[INFO] --------------------------------[ jar ]---------------------------------
[INFO] 
[INFO] --- resources:3.5.0:resources (default-resources) @ calculation-engine ---
[INFO] Copying 0 resource from src\main\resources to target\classes
[INFO] Copying 1 resource from src\main\resources to target\classes
[INFO] 
[INFO] --- compiler:3.15.0:compile (default-compile) @ calculation-engine ---
[INFO] Recompiling the module because of changed source code.
[INFO] Compiling with eclipse [debug parameters release 25] to target\classes
[INFO] C:\Users\mcgee\OneDrive\Desktop\waterflex\waterflex-scheduler-java\calculation-engine\src\main\java\dev\waterflex\scheduler\BookingSnapshot.java:[190,26] Unsafe null type conversion (type annotations): The value of type 'java.util.AbstractMap.@NonNull SimpleImmutableEntry<java.lang.@NonNull String,dev.waterflex.scheduler.BookingSnapshot.@NonNull Visit>' is made accessible using the less-annotated type 'java.util.Map.Entry<java.lang.String,dev.waterflex.scheduler.BookingSnapshot.Visit>', corresponding supertype is 'java.util.Map.Entry<java.lang.@NonNull String,dev.waterflex.scheduler.BookingSnapshot.@NonNull Visit>'
[INFO] C:\Users\mcgee\OneDrive\Desktop\waterflex\waterflex-scheduler-java\calculation-engine\src\main\java\dev\waterflex\scheduler\BoundedBookingSearch.java:[489,34] Unsafe null type conversion (type annotations): The value of type 'java.util.Optional<dev.waterflex.scheduler.BoundedBookingSearch.@NonNull Ranked>' is made accessible using the less-annotated type 'java.util.Optional<dev.waterflex.scheduler.BoundedBookingSearch.Ranked>'
[INFO] C:\Users\mcgee\OneDrive\Desktop\waterflex\waterflex-scheduler-java\calculation-engine\src\main\java\dev\waterflex\scheduler\optimizer\DailyCalculation.java:[25,100] Unsafe null type conversion (type annotations): The value of type 'java.util.List<dev.waterflex.scheduler.optimizer.DailySolver.@NonNull Phase>' is made accessible using the less-annotated type 'java.util.@Nullable List<dev.waterflex.scheduler.optimizer.DailySolver.Phase>'
[INFO] C:\Users\mcgee\OneDrive\Desktop\waterflex\waterflex-scheduler-java\calculation-engine\src\main\java\dev\waterflex\scheduler\optimizer\DailyOutcome.java:[13,33] Unsafe null type conversion (type annotations): The value of type 'java.util.@NonNull List<java.lang.@NonNull String>' is made accessible using the less-annotated type 'java.util.List<java.lang.String>'
[INFO] C:\Users\mcgee\OneDrive\Desktop\waterflex\waterflex-scheduler-java\calculation-engine\src\main\java\dev\waterflex\scheduler\optimizer\DayPlan.java:[64,16] Unsafe null type conversion (type annotations): The value of type 'java.util.@NonNull List<java.lang.@NonNull String>' is made accessible using the less-annotated type 'java.util.@NonNull List<java.lang.String>'
[INFO] C:\Users\mcgee\OneDrive\Desktop\waterflex\waterflex-scheduler-java\calculation-engine\src\main\java\dev\waterflex\scheduler\optimizer\TechRoute.java:[53,17] Unsafe null type conversion (type annotations): The value of type 'java.util.@NonNull List<java.lang.@NonNull String>' is made accessible using the less-annotated type 'java.util.@NonNull List<java.lang.String>'
[INFO] 
[INFO] ------------------< dev.waterflex:campaign-benchmark >------------------
[INFO] Building campaign-benchmark 0.1.0-SNAPSHOT                         [2/2]
[INFO]   from C:\Users\mcgee\OneDrive\Desktop\waterflex\waterflex-scheduler-java\campaign-benchmark\pom.xml
[INFO] --------------------------------[ jar ]---------------------------------
[INFO] 
[INFO] --- resources:3.5.0:resources (default-resources) @ campaign-benchmark ---
[INFO] skip non existing resourceDirectory C:\Users\mcgee\OneDrive\Desktop\waterflex\waterflex-scheduler-java\campaign-benchmark\src\main\resources
[INFO] skip non existing resourceDirectory C:\Users\mcgee\OneDrive\Desktop\waterflex\waterflex-scheduler-java\campaign-benchmark\src\main\resources
[INFO] 
[INFO] --- compiler:3.15.0:compile (default-compile) @ campaign-benchmark ---
[INFO] Recompiling the module because of changed dependency.
[INFO] Compiling with eclipse [debug parameters release 25] to target\classes
[INFO] C:\Users\mcgee\OneDrive\Desktop\waterflex\waterflex-scheduler-java\campaign-benchmark\src\main\java\dev\waterflex\benchmark\SnapshotFileIO.java:[39,69] Unsafe null type conversion (type annotations): The value of type 'java.util.@NonNull List<java.lang.@NonNull String>' is made accessible using the less-annotated type 'java.util.List<java.lang.String>'
[INFO] -------------------------------------------------------------
[ERROR] COMPILATION ERROR : 
[INFO] -------------------------------------------------------------
[ERROR] C:\Users\mcgee\OneDrive\Desktop\waterflex\waterflex-scheduler-java\campaign-benchmark\src\main\java\dev\waterflex\benchmark\CampaignMain.java:[20,73] Null type safety (type annotations): The expression of type 'java.io.File' needs unchecked conversion to conform to 'java.io.@NonNull File'
[ERROR] C:\Users\mcgee\OneDrive\Desktop\waterflex\waterflex-scheduler-java\campaign-benchmark\src\main\java\dev\waterflex\benchmark\CampaignMain.java:[52,36] Null type safety: parameter 'this' provided via method descriptor java.util.function.Function<java.lang.Integer,java.lang.Long>.apply(Integer) needs unchecked conversion to conform to 'java.lang.@NonNull Integer'
[ERROR] C:\Users\mcgee\OneDrive\Desktop\waterflex\waterflex-scheduler-java\campaign-benchmark\src\main\java\dev\waterflex\benchmark\CampaignMain.java:[87,42] Null type safety (type annotations): The expression of type 'java.io.File' needs unchecked conversion to conform to 'java.io.@NonNull File'
[ERROR] C:\Users\mcgee\OneDrive\Desktop\waterflex\waterflex-scheduler-java\campaign-benchmark\src\main\java\dev\waterflex\benchmark\CampaignMain.java:[89,42] Null type safety (type annotations): The expression of type 'java.io.File' needs unchecked conversion to conform to 'java.io.@NonNull File'
[ERROR] C:\Users\mcgee\OneDrive\Desktop\waterflex\waterflex-scheduler-java\campaign-benchmark\src\main\java\dev\waterflex\benchmark\CampaignMain.java:[91,72] Null type safety (type annotations): The expression of type 'java.io.File' needs unchecked conversion to conform to 'java.io.@NonNull File'
[ERROR] C:\Users\mcgee\OneDrive\Desktop\waterflex\waterflex-scheduler-java\campaign-benchmark\src\main\java\dev\waterflex\benchmark\CampaignMain.java:[91,109] Null type safety (type annotations): The expression of type 'java.util.List<java.io.@NonNull File>' needs unchecked conversion to conform to 'java.util.@NonNull List<java.io.@NonNull File>'
[ERROR] C:\Users\mcgee\OneDrive\Desktop\waterflex\waterflex-scheduler-java\campaign-benchmark\src\main\java\dev\waterflex\benchmark\CampaignMain.java:[91,117] Null type safety (type annotations): The expression of type 'java.io.File' needs unchecked conversion to conform to 'java.io.@NonNull File'
[ERROR] C:\Users\mcgee\OneDrive\Desktop\waterflex\waterflex-scheduler-java\campaign-benchmark\src\main\java\dev\waterflex\benchmark\CampaignMain.java:[91,150] Null type safety (type annotations): The expression of type 'java.util.List<ai.timefold.solver.benchmark.config.statistic.ProblemStatisticType>' needs unchecked conversion to conform to 'java.util.@NonNull List<ai.timefold.solver.benchmark.config.statistic.@NonNull ProblemStatisticType>'
[ERROR] C:\Users\mcgee\OneDrive\Desktop\waterflex\waterflex-scheduler-java\campaign-benchmark\src\main\java\dev\waterflex\benchmark\CampaignMain.java:[95,75] Null type safety (type annotations): The expression of type 'java.io.File' needs unchecked conversion to conform to 'java.io.@NonNull File'
[ERROR] C:\Users\mcgee\OneDrive\Desktop\waterflex\waterflex-scheduler-java\campaign-benchmark\src\main\java\dev\waterflex\benchmark\CampaignMain.java:[99,106] Null type safety (type annotations): The expression of type 'java.lang.String' needs unchecked conversion to conform to 'java.lang.@NonNull Object'
[ERROR] C:\Users\mcgee\OneDrive\Desktop\waterflex\waterflex-scheduler-java\campaign-benchmark\src\main\java\dev\waterflex\benchmark\CampaignMain.java:[109,38] Null type safety (type annotations): The expression of type 'java.io.File' needs unchecked conversion to conform to 'java.io.@NonNull File'
[ERROR] C:\Users\mcgee\OneDrive\Desktop\waterflex\waterflex-scheduler-java\campaign-benchmark\src\main\java\dev\waterflex\benchmark\CampaignMain.java:[112,38] Null type safety (type annotations): The expression of type 'java.io.File' needs unchecked conversion to conform to 'java.io.@NonNull File'
[ERROR] C:\Users\mcgee\OneDrive\Desktop\waterflex\waterflex-scheduler-java\campaign-benchmark\src\main\java\dev\waterflex\benchmark\CampaignMain.java:[117,79] Null type safety (type annotations): The expression of type 'java.io.File' needs unchecked conversion to conform to 'java.io.@NonNull File'
[ERROR] C:\Users\mcgee\OneDrive\Desktop\waterflex\waterflex-scheduler-java\campaign-benchmark\src\main\java\dev\waterflex\benchmark\CampaignMain.java:[142,16] Null type safety (type annotations): The expression of type 'java.util.Map<java.lang.String,java.lang.Object>' needs unchecked conversion to conform to 'java.util.@NonNull Map<java.lang.String,java.lang.Object>'
[INFO] 14 errors 
[INFO] -------------------------------------------------------------
[INFO] ------------------------------------------------------------------------
[INFO] Reactor Summary for calculation-engine 0.1.0-SNAPSHOT:
[INFO] 
[INFO] calculation-engine ................................. SUCCESS [  2.707 s]
[INFO] campaign-benchmark ................................. FAILURE [  0.706 s]
[INFO] ------------------------------------------------------------------------
[INFO] BUILD FAILURE
[INFO] ------------------------------------------------------------------------
[INFO] Total time:  3.825 s
[INFO] Finished at: 2026-10-06T21:58:19-05:00
[INFO] ------------------------------------------------------------------------
[WARNING] The requested profile "campaign-benchmark" could not be activated because it does not exist.
[ERROR] Failed to execute goal org.apache.maven.plugins:maven-compiler-plugin:3.15.0:compile (default-compile) on project campaign-benchmark: Compilation failure: Compilation failure: 
[ERROR] C:\Users\mcgee\OneDrive\Desktop\waterflex\waterflex-scheduler-java\campaign-benchmark\src\main\java\dev\waterflex\benchmark\CampaignMain.java:[20,73] Null type safety (type annotations): The expression of type 'java.io.File' needs unchecked conversion to conform to 'java.io.@NonNull File'
[ERROR] C:\Users\mcgee\OneDrive\Desktop\waterflex\waterflex-scheduler-java\campaign-benchmark\src\main\java\dev\waterflex\benchmark\CampaignMain.java:[52,36] Null type safety: parameter 'this' provided via method descriptor java.util.function.Function<java.lang.Integer,java.lang.Long>.apply(Integer) needs unchecked conversion to conform to 'java.lang.@NonNull Integer'
[ERROR] C:\Users\mcgee\OneDrive\Desktop\waterflex\waterflex-scheduler-java\campaign-benchmark\src\main\java\dev\waterflex\benchmark\CampaignMain.java:[87,42] Null type safety (type annotations): The expression of type 'java.io.File' needs unchecked conversion to conform to 'java.io.@NonNull File'
[ERROR] C:\Users\mcgee\OneDrive\Desktop\waterflex\waterflex-scheduler-java\campaign-benchmark\src\main\java\dev\waterflex\benchmark\CampaignMain.java:[89,42] Null type safety (type annotations): The expression of type 'java.io.File' needs unchecked conversion to conform to 'java.io.@NonNull File'
[ERROR] C:\Users\mcgee\OneDrive\Desktop\waterflex\waterflex-scheduler-java\campaign-benchmark\src\main\java\dev\waterflex\benchmark\CampaignMain.java:[91,72] Null type safety (type annotations): The expression of type 'java.io.File' needs unchecked conversion to conform to 'java.io.@NonNull File'
[ERROR] C:\Users\mcgee\OneDrive\Desktop\waterflex\waterflex-scheduler-java\campaign-benchmark\src\main\java\dev\waterflex\benchmark\CampaignMain.java:[91,109] Null type safety (type annotations): The expression of type 'java.util.List<java.io.@NonNull File>' needs unchecked conversion to conform to 'java.util.@NonNull List<java.io.@NonNull File>'
[ERROR] C:\Users\mcgee\OneDrive\Desktop\waterflex\waterflex-scheduler-java\campaign-benchmark\src\main\java\dev\waterflex\benchmark\CampaignMain.java:[91,117] Null type safety (type annotations): The expression of type 'java.io.File' needs unchecked conversion to conform to 'java.io.@NonNull File'
[ERROR] C:\Users\mcgee\OneDrive\Desktop\waterflex\waterflex-scheduler-java\campaign-benchmark\src\main\java\dev\waterflex\benchmark\CampaignMain.java:[91,150] Null type safety (type annotations): The expression of type 'java.util.List<ai.timefold.solver.benchmark.config.statistic.ProblemStatisticType>' needs unchecked conversion to conform to 'java.util.@NonNull List<ai.timefold.solver.benchmark.config.statistic.@NonNull ProblemStatisticType>'
[ERROR] C:\Users\mcgee\OneDrive\Desktop\waterflex\waterflex-scheduler-java\campaign-benchmark\src\main\java\dev\waterflex\benchmark\CampaignMain.java:[95,75] Null type safety (type annotations): The expression of type 'java.io.File' needs unchecked conversion to conform to 'java.io.@NonNull File'
[ERROR] C:\Users\mcgee\OneDrive\Desktop\waterflex\waterflex-scheduler-java\campaign-benchmark\src\main\java\dev\waterflex\benchmark\CampaignMain.java:[99,106] Null type safety (type annotations): The expression of type 'java.lang.String' needs unchecked conversion to conform to 'java.lang.@NonNull Object'
[ERROR] C:\Users\mcgee\OneDrive\Desktop\waterflex\waterflex-scheduler-java\campaign-benchmark\src\main\java\dev\waterflex\benchmark\CampaignMain.java:[109,38] Null type safety (type annotations): The expression of type 'java.io.File' needs unchecked conversion to conform to 'java.io.@NonNull File'
[ERROR] C:\Users\mcgee\OneDrive\Desktop\waterflex\waterflex-scheduler-java\campaign-benchmark\src\main\java\dev\waterflex\benchmark\CampaignMain.java:[112,38] Null type safety (type annotations): The expression of type 'java.io.File' needs unchecked conversion to conform to 'java.io.@NonNull File'
[ERROR] C:\Users\mcgee\OneDrive\Desktop\waterflex\waterflex-scheduler-java\campaign-benchmark\src\main\java\dev\waterflex\benchmark\CampaignMain.java:[117,79] Null type safety (type annotations): The expression of type 'java.io.File' needs unchecked conversion to conform to 'java.io.@NonNull File'
[ERROR] C:\Users\mcgee\OneDrive\Desktop\waterflex\waterflex-scheduler-java\campaign-benchmark\src\main\java\dev\waterflex\benchmark\CampaignMain.java:[142,16] Null type safety (type annotations): The expression of type 'java.util.Map<java.lang.String,java.lang.Object>' needs unchecked conversion to conform to 'java.util.@NonNull Map<java.lang.String,java.lang.Object>'
[ERROR] -> [Help 1]
[ERROR] 
[ERROR] To see the full stack trace of the errors, re-run Maven with the -e switch.
[ERROR] Re-run Maven using the -X switch to enable full debug logging.
[ERROR] 
[ERROR] For more information about the errors and possible solutions, please read the following articles:
[ERROR] [Help 1] http://cwiki.apache.org/confluence/display/MAVEN/MojoFailureException
[ERROR] 
[ERROR] After correcting the problems, you can resume the build with the command
[ERROR]   mvn <args> -rf :campaign-benchmark
