
> waterflex-web@0.1.0 test:unit
> tsx scripts/run-unit-tests.ts

Discovered 18 unit test files:
lib\bookingLocation.test.ts
lib\bookingTestAddresses.test.ts
lib\bookingTestCore.test.ts
lib\currentRouteTiming.test.ts
lib\dailyOutcome.test.ts
lib\dailyPolicyDiagnostics.test.ts
lib\dispatchGeometry.test.ts
lib\fakeDataCore.test.ts
lib\geocode.test.ts
lib\monetaryContract.test.ts
lib\nullability.test.ts
lib\optimizationAnalysis.test.ts
lib\optimizationExport.test.ts
lib\phoneDate.test.ts
lib\technicianAvailability.test.ts
scripts\benchmarkDiagnostics.test.ts
scripts\benchmarkExperiment.test.ts
scripts\poll-until.test.ts
✔ a valid locality-only response is not malformed address evidence (33.6793ms)
✔ North 169th Street's Jefferson Precinct is approximate evidence for postal Bennington (2.7009ms)
✔ North 169th Street: incomplete street evidence is a manual starting point, never an exact house (2.0779ms)
✔ Reflection Circle: incomplete street evidence is a manual starting point, never an exact house (1.0881ms)
✔ Appaloosa Drive: incomplete street evidence is a manual starting point, never an exact house (1.2293ms)
✔ Valley Street: incomplete street evidence is a manual starting point, never an exact house (0.9129ms)
✔ Grandview Avenue: incomplete street evidence is a manual starting point, never an exact house (0.7575ms)
✔ Cascio Drive: incomplete street evidence is a manual starting point, never an exact house (0.7072ms)
✔ Elkhorn suburb and rural locality categories can identify an exact address (1.279ms)
✔ multiple street segments are retained, repeats are deduplicated, malformed mixtures fail (2.1786ms)
✔ manual request identity covers address, contact, service, pin and intent (2.2039ms)
✔ coverage includes all bearings plus margin and rejects missing persisted configuration (2.6709ms)
✔ candidate batches persist deterministic random state and rotate fairly across missing ordinals (2.2252ms)
✔ candidate sampling is deterministic and remains inside the selected run radius (0.8959ms)
✔ reverse-geocoded locations outside the selected run radius are rejected (0.4006ms)
✔ a recovered pending batch rejects duplicate and unroutable results without changing its candidates (0.505ms)
✔ explicit seeds produce deterministic unique routable real-address inputs (0.9818ms)
✔ collisions and unroutable candidates are rejected before later candidates succeed (0.5578ms)
✔ attempt exhaustion reports an exact shortfall and returns no partial inputs (6.383ms)
✔ malformed or incomplete Nominatim responses are rejected (40.2668ms)
✔ configured state completes bounded Nominatim results and rejects conflicts (1.1875ms)
✔ seeded generation uses weights and stable order (8.7025ms)
✔ offer policies choose only returned windows without mutating scheduler order (10.4058ms)
✔ horizon follows Chicago tomorrow plus ten weekdays across weekends and DST (11.2612ms)
✔ test APIs require explicit enablement and local same-origin requests (19.051ms)
✔ current timing requires matching versions, exact confirmed coverage and valid intervals (5.8017ms)
✔ partial diagnostic coverage remains explicit and cannot become policy eligible (3.3448ms)
✔ time-off reports retain unresolved demand and remain ineligible for approval (1.4881ms)
▶ Daily policy diagnostic boundaries
  ✔ preserves a rejected overtime improvement separately from apply coverage (2.9689ms)
  ✔ rejects fabricated or missing reference targets and duplicate unresolved identities (1.7685ms)
✔ Daily policy diagnostic boundaries (6.712ms)
✔ accepts road coordinates and empty schedules (1.2755ms)
✔ validates saved segment timing and coverage before rendering (0.8924ms)
✔ rejects Java tree metadata and malformed coordinates before map rendering (0.3313ms)
✔ rejects stale dates, phases, missing routes, and invalid stop times (0.3283ms)
✔ seeded call planning is deterministic and uses weekdays only (4.2863ms)
✔ service weighting boundaries match the requested mix (0.1785ms)
✔ each fake call gets a random street address and geocode in the Omaha metro (2.7319ms)
✔ different generated seeds produce different Omaha addresses (0.3921ms)
✔ input validation accepts 31 days and rejects invalid ranges (1.0164ms)
✔ versioned external IDs retain the service date for scoped cleanup (0.2538ms)
✔ all 206 USPS primary suffix pairs work only in suffix position (15.7803ms)
✔ Omaha direction and plaza spellings agree, with strict ZIP and road checks (10.449ms)
✔ invalid coordinates and null address data remain malformed (3.0512ms)
✔ retries without state and labels the Papillion street result approximate (1.5506ms)
✔ rejects conflicting address details (2.9729ms)
✔ rejects a street response without usable bounds as malformed (0.5749ms)
✔ accepts an exact matching house without manual confirmation (0.4389ms)
✔ separates transport, timeout, malformed response, and genuine miss (1.2552ms)
✔ technician lookup API reports misses and geocoder failures separately (6.8139ms)
✔ street abbreviations never normalize locality names (0.9471ms)
✔ monetary strings retain exact digits and reject binary-number or noncanonical inputs (1.9898ms)
✔ cent formatting retains cents at safe integer bounds and negative deltas (0.3434ms)
✔ operating rates and cost provenance preserve the exact wire contract (2.0253ms)
✔ refresh preserves the browser deadline and rejects expired or malformed values before scheduling (20.419ms)
✔ time-off travel retains unavailable history and rejects malformed accounting (1.0938ms)
✔ road travel and buffer reporting rejects missing or inconsistent components (0.3649ms)
✔ solver diagnostics require measured phase counts and explicit unavailable optional metrics (2.0518ms)
✔ v2 solver diagnostics preserve nulls and reject missing reasons or false observation (1.3063ms)
✔ depot pin accepts nearby adjustment and rejects distant or missing geocoder candidates (0.1855ms)
✔ invalid request bodies fail before downstream requests or writes (11.2829ms)
✔ depot ownership and technician assignment fields are required (1.2193ms)
✔ scheduler client preserves status and rejects malformed success and transport failures (1.799ms)
✔ geocoder rejects null, blank, nonfinite and out-of-range strings but retains valid zero (3.1863ms)
✔ browser and journal decoders reject incomplete state while permitting unavailable shifts (1.2629ms)
✔ appointment outcomes reject missing or contradictory search evidence (0.5438ms)
✔ scheduler search timing is kept separate from client transport duration (0.2144ms)
✔ selection conflicts preserve retryable refresh outcomes and transport failures (1.5573ms)
✔ an already abandoned search sends only durable cancellation with its own live signal (0.3156ms)
✔ calendar utilities reject missing or invalid calendar values (11.8823ms)
✔ time-off contracts reject invalid categories, intervals, and persisted reports (1.2407ms)
✔ repair approval sums increases by day without cancelling them against another day's reduction (0.4754ms)
✔ quick analysis recommends a safe cross-profile winner (2.3848ms)
✔ customer tolerances and safety violations disqualify candidates (0.4227ms)
✔ drive minutes break a paid-time tie within one percent (0.2366ms)
✔ paid minutes per appointment safely handles zero bookings (0.092ms)
✔ validation increments and wraps unsigned 32-bit seeds (0.6083ms)
✔ validation sequencing preserves completed runs when a later seed fails (1.5984ms)
✔ twenty consistent runs produce summaries and a validated recommendation (5.3536ms)
✔ partial validation results are retained but inconclusive (1.0376ms)
✔ one unsafe validation run makes the outcome inconclusive (1.7033ms)
✔ incomplete simulation results cannot produce recommendations (0.7678ms)
✔ JSON export retains reproducibility metadata and raw metrics (1.7865ms)
✔ CSV export includes configuration, metrics, and both delta forms (2.0652ms)
✔ validation JSON includes aggregate conclusions and every raw run (10.039ms)
✔ validation CSV has one complete row per seed, profile, and strategy (5.7694ms)
✔ formatPhone formats as the number is typed (0.9352ms)
✔ formatPhone accepts pasted country codes and keeps extra text (0.2031ms)
✔ formatPhone lets backspace remove the last digit (0.1227ms)
✔ isValidPhone requires seven digits (0.1378ms)
✔ maskUsDate inserts slashes and leaves other text alone (0.184ms)
✔ parseUsDate only accepts real calendar dates (1.341ms)
✔ earliestMoveDate mirrors the 06:00 Chicago freeze (18.2138ms)
✔ technician profile address fields are supplied together (4.5362ms)
✔ formatStoredPhone only reformats ten digit numbers (10.6064ms)
✔ weekly versions select by calendar date and preserve weekend hours (6.987ms)
✔ tenth weekday horizon counts intervening weekends and daylight saving dates (17.9459ms)
✔ malformed weeks and technician profiles fail validation (1.8093ms)
✔ diagnostics preserve retries and explicitly identify unavailable jobs (11.4107ms)
✔ malformed required diagnostic values fail instead of becoming zero (12.8394ms)
✔ frozen horizons reject missing/null/malformed dates and expired comparisons (26.0729ms)
✔ labels cannot substitute for actual strategy and feature settings (2.5369ms)
✔ frozen calendar survives midnight, cutoff, weekend and DST: 2026-09-30T04:59:59Z (3.3897ms)
✔ frozen calendar survives midnight, cutoff, weekend and DST: 2026-09-30T10:59:59Z (3.5794ms)
✔ frozen calendar survives midnight, cutoff, weekend and DST: 2026-10-03T04:59:59Z (1.8683ms)
✔ frozen calendar survives midnight, cutoff, weekend and DST: 2026-03-08T07:59:59Z (0.9495ms)
✔ frozen calendar survives midnight, cutoff, weekend and DST: 2026-11-01T06:59:59Z (1.0954ms)
✔ effective isolation and calendar are mandatory before and after measurement (1.1406ms)
✔ polling returns the observed terminal state (2.5868ms)
✔ deadline failures include the last observed state (0.5865ms)
✔ read failures propagate instead of becoming fabricated states (0.184ms)
ℹ tests 110
ℹ suites 1
ℹ pass 110
ℹ fail 0
ℹ cancelled 0
ℹ skipped 0
ℹ todo 0
ℹ duration_ms 724.0871
