
> waterflex-web@0.1.0 test:unit
> tsx scripts/run-unit-tests.ts

Discovered 17 unit test files:
lib\bookingLocation.test.ts
lib\bookingTestAddresses.test.ts
lib\bookingTestCore.test.ts
lib\currentRouteTiming.test.ts
lib\dailyOutcome.test.ts
lib\dispatchGeometry.test.ts
lib\fakeDataCore.test.ts
lib\geocode.test.ts
lib\monetaryContract.test.ts
lib\nullability.test.ts
lib\optimizationAnalysis.test.ts
lib\optimizationExport.test.ts
lib\phoneDate.test.ts
lib\technicianAvailability.test.ts
scripts\benchmarkDiagnostics.test.ts
scripts\benchmarkExperiment.test.ts
scripts\poll-until.test.ts
✔ a valid locality-only response is not malformed address evidence (30.9657ms)
✔ North 169th Street's Jefferson Precinct is approximate evidence for postal Bennington (5.7912ms)
✔ North 169th Street: incomplete street evidence is a manual starting point, never an exact house (2.6921ms)
✔ Reflection Circle: incomplete street evidence is a manual starting point, never an exact house (1.2532ms)
✔ Appaloosa Drive: incomplete street evidence is a manual starting point, never an exact house (1.0569ms)
✔ Valley Street: incomplete street evidence is a manual starting point, never an exact house (0.9564ms)
✔ Grandview Avenue: incomplete street evidence is a manual starting point, never an exact house (0.6938ms)
✔ Cascio Drive: incomplete street evidence is a manual starting point, never an exact house (0.6357ms)
✔ Elkhorn suburb and rural locality categories can identify an exact address (1.0641ms)
✔ multiple street segments are retained, repeats are deduplicated, malformed mixtures fail (2.1888ms)
✔ manual request identity covers address, contact, service, pin and intent (2.4812ms)
✔ coverage includes all bearings plus margin and rejects missing persisted configuration (3.4958ms)
✔ candidate batches persist deterministic random state and rotate fairly across missing ordinals (2.4286ms)
✔ candidate sampling is deterministic and remains inside the selected run radius (1.1278ms)
✔ reverse-geocoded locations outside the selected run radius are rejected (1.8733ms)
✔ a recovered pending batch rejects duplicate and unroutable results without changing its candidates (0.6892ms)
✔ explicit seeds produce deterministic unique routable real-address inputs (1.1704ms)
✔ collisions and unroutable candidates are rejected before later candidates succeed (0.5919ms)
✔ attempt exhaustion reports an exact shortfall and returns no partial inputs (2.6554ms)
✔ malformed or incomplete Nominatim responses are rejected (37.5885ms)
✔ configured state completes bounded Nominatim results and rejects conflicts (0.9848ms)
✔ seeded generation uses weights and stable order (10.0523ms)
✔ offer policies choose only returned windows without mutating scheduler order (12.3541ms)
✔ horizon follows Chicago tomorrow plus ten weekdays across weekends and DST (16.2721ms)
✔ test APIs require explicit enablement and local same-origin requests (19.4338ms)
✔ current timing requires matching versions, exact confirmed coverage and valid intervals (4.5013ms)
✔ partial diagnostic coverage remains explicit and cannot become policy eligible (6.6078ms)
✔ time-off reports retain unresolved demand and remain ineligible for approval (1.8227ms)
✔ accepts road coordinates and empty schedules (1.1151ms)
✔ validates saved segment timing and coverage before rendering (0.5543ms)
✔ rejects Java tree metadata and malformed coordinates before map rendering (0.2355ms)
✔ rejects stale dates, phases, missing routes, and invalid stop times (0.2424ms)
✔ seeded call planning is deterministic and uses weekdays only (3.8997ms)
✔ service weighting boundaries match the requested mix (0.1759ms)
✔ each fake call gets a random street address and geocode in the Omaha metro (0.97ms)
✔ different generated seeds produce different Omaha addresses (0.3773ms)
✔ input validation accepts 31 days and rejects invalid ranges (2.6521ms)
✔ versioned external IDs retain the service date for scoped cleanup (0.2323ms)
✔ all 206 USPS primary suffix pairs work only in suffix position (9.1133ms)
✔ Omaha direction and plaza spellings agree, with strict ZIP and road checks (10.6464ms)
✔ invalid coordinates and null address data remain malformed (2.3635ms)
✔ retries without state and labels the Papillion street result approximate (2.1137ms)
✔ rejects conflicting address details (2.7177ms)
✔ rejects a street response without usable bounds as malformed (0.6063ms)
✔ accepts an exact matching house without manual confirmation (0.628ms)
✔ separates transport, timeout, malformed response, and genuine miss (1.447ms)
✔ technician lookup API reports misses and geocoder failures separately (6.5106ms)
✔ street abbreviations never normalize locality names (0.8543ms)
✔ monetary strings retain exact digits and reject binary-number or noncanonical inputs (2.3927ms)
✔ cent formatting retains cents at safe integer bounds and negative deltas (0.435ms)
✔ operating rates and cost provenance preserve the exact wire contract (2.0816ms)
✔ refresh preserves the browser deadline and rejects expired or malformed values before scheduling (21.7087ms)
✔ time-off travel retains unavailable history and rejects malformed accounting (1.3966ms)
✔ road travel and buffer reporting rejects missing or inconsistent components (0.3942ms)
✔ solver diagnostics require measured phase counts and explicit unavailable optional metrics (2.0423ms)
✔ v2 solver diagnostics preserve nulls and reject missing reasons or false observation (1.1761ms)
✔ depot pin accepts nearby adjustment and rejects distant or missing geocoder candidates (0.1789ms)
✔ invalid request bodies fail before downstream requests or writes (11.4349ms)
✔ depot ownership and technician assignment fields are required (1.2193ms)
✔ scheduler client preserves status and rejects malformed success and transport failures (1.8159ms)
✔ geocoder rejects null, blank, nonfinite and out-of-range strings but retains valid zero (3.3551ms)
✔ browser and journal decoders reject incomplete state while permitting unavailable shifts (1.3194ms)
✔ appointment outcomes reject missing or contradictory search evidence (0.5092ms)
✔ scheduler search timing is kept separate from client transport duration (0.2192ms)
✔ selection conflicts preserve retryable refresh outcomes and transport failures (1.5261ms)
✔ an already abandoned search sends only durable cancellation with its own live signal (0.3098ms)
✔ calendar utilities reject missing or invalid calendar values (11.6645ms)
✔ time-off contracts reject invalid categories, intervals, and persisted reports (1.1787ms)
✔ repair approval sums increases by day without cancelling them against another day's reduction (0.7886ms)
✔ quick analysis recommends a safe cross-profile winner (1.9213ms)
✔ customer tolerances and safety violations disqualify candidates (0.3692ms)
✔ drive minutes break a paid-time tie within one percent (0.2067ms)
✔ paid minutes per appointment safely handles zero bookings (0.0839ms)
✔ validation increments and wraps unsigned 32-bit seeds (0.6605ms)
✔ validation sequencing preserves completed runs when a later seed fails (0.2522ms)
✔ twenty consistent runs produce summaries and a validated recommendation (6.6501ms)
✔ partial validation results are retained but inconclusive (0.814ms)
✔ one unsafe validation run makes the outcome inconclusive (2.3551ms)
✔ incomplete simulation results cannot produce recommendations (0.7482ms)
✔ JSON export retains reproducibility metadata and raw metrics (2.0075ms)
✔ CSV export includes configuration, metrics, and both delta forms (0.4483ms)
✔ validation JSON includes aggregate conclusions and every raw run (11.3382ms)
✔ validation CSV has one complete row per seed, profile, and strategy (8.7805ms)
✔ formatPhone formats as the number is typed (1.6654ms)
✔ formatPhone accepts pasted country codes and keeps extra text (0.3103ms)
✔ formatPhone lets backspace remove the last digit (0.3383ms)
✔ isValidPhone requires seven digits (0.2951ms)
✔ maskUsDate inserts slashes and leaves other text alone (0.4117ms)
✔ parseUsDate only accepts real calendar dates (1.6622ms)
✔ earliestMoveDate mirrors the 06:00 Chicago freeze (17.2665ms)
✔ technician profile address fields are supplied together (2.8479ms)
✔ formatStoredPhone only reformats ten digit numbers (10.6408ms)
✔ weekly versions select by calendar date and preserve weekend hours (6.5115ms)
✔ tenth weekday horizon counts intervening weekends and daylight saving dates (18.0857ms)
✔ malformed weeks and technician profiles fail validation (3.8293ms)
✔ diagnostics preserve retries and explicitly identify unavailable jobs (12.7117ms)
✔ malformed required diagnostic values fail instead of becoming zero (14.5067ms)
✔ frozen horizons reject missing/null/malformed dates and expired comparisons (21.4079ms)
✔ labels cannot substitute for actual strategy and feature settings (1.7291ms)
✔ frozen calendar survives midnight, cutoff, weekend and DST: 2026-09-30T04:59:59Z (1.7198ms)
✔ frozen calendar survives midnight, cutoff, weekend and DST: 2026-09-30T10:59:59Z (1.3651ms)
✔ frozen calendar survives midnight, cutoff, weekend and DST: 2026-10-03T04:59:59Z (1.3888ms)
✔ frozen calendar survives midnight, cutoff, weekend and DST: 2026-03-08T07:59:59Z (1.674ms)
✔ frozen calendar survives midnight, cutoff, weekend and DST: 2026-11-01T06:59:59Z (1.1934ms)
✔ effective isolation and calendar are mandatory before and after measurement (1.2479ms)
✔ polling returns the observed terminal state (2.7342ms)
✔ deadline failures include the last observed state (0.5946ms)
✔ read failures propagate instead of becoming fabricated states (0.2139ms)
ℹ tests 108
ℹ suites 0
ℹ pass 108
ℹ fail 0
ℹ cancelled 0
ℹ skipped 0
ℹ todo 0
ℹ duration_ms 736.7727
