WARNING: A restricted method in java.lang.System has been called
WARNING: java.lang.System::load has been called by org.fusesource.jansi.internal.JansiLoader in an unnamed module (file:/C:/Users/mcgee/.m2/wrapper/dists/apache-maven-3.9.16-bin/4200fbc6/apache-maven-3.9.16/lib/jansi-2.4.3.jar)
WARNING: Use --enable-native-access=ALL-UNNAMED to avoid a warning for callers in this module
WARNING: Restricted methods will be blocked in a future release unless native access is enabled

[INFO] Scanning for projects...
[INFO] ------------------------------------------------------------------------
[INFO] Reactor Build Order:
[INFO] 
[INFO] calculation-engine                                                 [jar]
[INFO] solver-service                                                     [jar]
[INFO] 
[INFO] ------------------< dev.waterflex:calculation-engine >------------------
[INFO] Building calculation-engine 0.1.0-SNAPSHOT                         [1/2]
[INFO]   from pom.xml
[INFO] --------------------------------[ jar ]---------------------------------
[INFO] 
[INFO] --- resources:3.5.0:resources (default-resources) @ calculation-engine ---
[INFO] Copying 0 resource from src\main\resources to target\classes
[INFO] Copying 1 resource from src\main\resources to target\classes
[INFO] 
[INFO] --- compiler:3.15.0:compile (default-compile) @ calculation-engine ---
[INFO] Nothing to compile - all classes are up to date.
[INFO] 
[INFO] --- resources:3.5.0:testResources (default-testResources) @ calculation-engine ---
[INFO] skip non existing resourceDirectory C:\Users\mcgee\OneDrive\Desktop\waterflex\waterflex-scheduler-java\calculation-engine\src\test\resources
[INFO] 
[INFO] --- compiler:3.15.0:testCompile (default-testCompile) @ calculation-engine ---
[INFO] No sources to compile
[INFO] 
[INFO] --- surefire:3.5.6:test (default-test) @ calculation-engine ---
[INFO] No tests to run.
[INFO] 
[INFO] --------------------< dev.waterflex:solver-service >--------------------
[INFO] Building solver-service 0.1.0-SNAPSHOT                             [2/2]
[INFO]   from C:\Users\mcgee\OneDrive\Desktop\waterflex\waterflex-scheduler-java\solver-service\pom.xml
[INFO] --------------------------------[ jar ]---------------------------------
[INFO] 
[INFO] --- resources:3.5.0:resources (default-resources) @ solver-service ---
[INFO] Copying 1 resource from src\main\resources to target\classes
[INFO] Copying 0 resource from src\main\resources to target\classes
[INFO] 
[INFO] --- compiler:3.15.0:compile (default-compile) @ solver-service ---
[INFO] Nothing to compile - all classes are up to date.
[INFO] 
[INFO] --- resources:3.5.0:testResources (default-testResources) @ solver-service ---
[INFO] Copying 1 resource from src\test\resources to target\test-classes
[INFO] 
[INFO] --- compiler:3.15.0:testCompile (default-testCompile) @ solver-service ---
[INFO] Recompiling the module because of changed source code.
[INFO] Compiling 4 source files with javac [debug parameters release 25] to target\test-classes
[INFO] 
[INFO] --- surefire:3.5.6:test (default-test) @ solver-service ---
[INFO] Using auto detected provider org.apache.maven.surefire.junitplatform.JUnitPlatformProvider
[INFO] 
[INFO] -------------------------------------------------------
[INFO]  T E S T S
[INFO] -------------------------------------------------------
[INFO] Running dev.waterflex.solver.SolverReplayTest
20:12:42.333 [main] INFO org.springframework.test.context.support.AnnotationConfigContextLoaderUtils -- Could not detect default configuration classes for test class [dev.waterflex.solver.SolverReplayTest]: SolverReplayTest does not declare any static, non-private, non-final, nested classes annotated with @Configuration.
20:12:42.428 [main] INFO org.springframework.boot.test.context.SpringBootTestContextBootstrapper -- Found @SpringBootConfiguration dev.waterflex.solver.SolverApplication for test class dev.waterflex.solver.SolverReplayTest
20:12:42.494 [main] INFO org.springframework.test.context.support.AnnotationConfigContextLoaderUtils -- Could not detect default configuration classes for test class [dev.waterflex.solver.SolverReplayTest]: SolverReplayTest does not declare any static, non-private, non-final, nested classes annotated with @Configuration.
20:12:42.495 [main] INFO org.springframework.boot.test.context.SpringBootTestContextBootstrapper -- Found @SpringBootConfiguration dev.waterflex.solver.SolverApplication for test class dev.waterflex.solver.SolverReplayTest

  .   ____          _            __ _ _
 /\\ / ___'_ __ _ _(_)_ __  __ _ \ \ \ \
( ( )\___ | '_ | '_| | '_ \/ _` | \ \ \ \
 \\/  ___)| |_)| | | | | || (_| |  ) ) ) )
  '  |____| .__|_| |_|_| |_\__, | / / / /
 =========|_|==============|___/=/_/_/_/

 :: Spring Boot ::                (v4.1.1)

2026-10-06T20:12:42.707-05:00  INFO 55684 --- [           main] dev.waterflex.solver.SolverReplayTest    : Starting SolverReplayTest using Java 25.0.1 with PID 55684 (started by mcgee in C:\Users\mcgee\OneDrive\Desktop\waterflex\waterflex-scheduler-java\solver-service)
2026-10-06T20:12:42.708-05:00  INFO 55684 --- [           main] dev.waterflex.solver.SolverReplayTest    : No active profile set, falling back to 1 default profile: "default"
2026-10-06T20:12:43.319-05:00  INFO 55684 --- [           main] o.s.boot.tomcat.TomcatWebServer          : Tomcat initialized with port 0 (http)
2026-10-06T20:12:43.329-05:00  INFO 55684 --- [           main] o.apache.catalina.core.StandardService   : Starting service [Tomcat]
2026-10-06T20:12:43.330-05:00  INFO 55684 --- [           main] o.apache.catalina.core.StandardEngine    : Starting Servlet engine: [Apache Tomcat/11.0.24]
2026-10-06T20:12:43.377-05:00  INFO 55684 --- [           main] b.w.c.s.WebApplicationContextInitializer : Root WebApplicationContext: initialization completed in 650 ms
2026-10-06T20:12:44.134-05:00  INFO 55684 --- [           main] o.s.boot.tomcat.TomcatWebServer          : Tomcat started on port 53222 (http) with context path '/'
2026-10-06T20:12:44.137-05:00  INFO 55684 --- [           main] dev.waterflex.solver.SolverReplayTest    : Started SolverReplayTest in 1.606 seconds (process running for 2.329)
Mockito is currently self-attaching to enable the inline-mock-maker. This will no longer work in future releases of the JDK. Please add Mockito as an agent to your build as described in Mockito's documentation: https://javadoc.io/doc/org.mockito/mockito-core/latest/org.mockito/org/mockito/Mockito.html#0.3
Java HotSpot(TM) 64-Bit Server VM warning: Sharing is only supported for boot loader classes because bootstrap classpath has been appended
WARNING: A Java agent has been loaded dynamically (C:\Users\mcgee\.m2\repository\net\bytebuddy\byte-buddy-agent\1.18.11\byte-buddy-agent-1.18.11.jar)
WARNING: If a serviceability tool is in use, please run with -XX:+EnableDynamicAgentLoading to hide this warning
WARNING: If a serviceability tool is not in use, please run with -Djdk.instrument.traceUsage for more information
WARNING: Dynamic loading of agents will be disallowed by default in a future release
2026-10-06T20:12:44.843-05:00  INFO 55684 --- [1-auto-1-exec-1] o.a.c.c.C.[Tomcat].[localhost].[/]       : Initializing Spring DispatcherServlet 'dispatcherServlet'
2026-10-06T20:12:44.844-05:00  INFO 55684 --- [1-auto-1-exec-1] o.s.web.servlet.DispatcherServlet        : Initializing Servlet 'dispatcherServlet'
2026-10-06T20:12:44.844-05:00  INFO 55684 --- [1-auto-1-exec-1] o.s.web.servlet.DispatcherServlet        : Completed initialization in 0 ms
2026-10-06T20:12:45.345-05:00  INFO 55684 --- [ce-d3a9c88cf57a] a.t.s.core.impl.solver.DefaultSolver     : Solving started: time spent (5), best score ([0/0/-2/0/0]hard/[0/0]soft), environment mode (NO_ASSERT), move thread count (NONE), random (seed 17).
2026-10-06T20:12:45.346-05:00  INFO 55684 --- [ce-d3a9c88cf57a] a.t.s.core.impl.solver.DefaultSolver     : Problem scale: genuine entity count (2), genuine variable count (2), approximate value count (2), approximate problem scale (12).
2026-10-06T20:12:45.359-05:00  INFO 55684 --- [ce-d3a9c88cf57a] .c.i.c.DefaultConstructionHeuristicPhase : Construction Heuristic phase (0) ended: time spent (19), best score ([0/0/0/0/0]hard/[0/-4604]soft), move evaluation speed (538/sec), step total (2).
2026-10-06T20:12:45.898-05:00  INFO 55684 --- [ce-d3a9c88cf57a] a.t.s.c.i.l.DefaultLocalSearchPhase      : Local Search phase (1) ended: time spent (558), best score ([0/0/0/0/0]hard/[0/-4604]soft), move evaluation speed (186219/sec), step total (1000).
2026-10-06T20:12:45.899-05:00  INFO 55684 --- [ce-d3a9c88cf57a] a.t.s.core.impl.solver.DefaultSolver     : Solving ended: time spent (558), best score ([0/0/0/0/0]hard/[0/-4604]soft), move evaluation speed (179224/sec), phase total (2), environment mode (NO_ASSERT), move thread count (NONE).
2026-10-06T20:12:45.946-05:00  INFO 55684 --- [ce-d3a9c88cf57a] a.t.s.core.impl.solver.DefaultSolver     : Solving started: time spent (2), best score ([0/0/0/0/0]hard/[-0.03567901234567901234567901234567903/-4604]soft), environment mode (NO_ASSERT), move thread count (NONE), random (seed 17).
2026-10-06T20:12:45.946-05:00  INFO 55684 --- [ce-d3a9c88cf57a] a.t.s.core.impl.solver.DefaultSolver     : Problem scale: genuine entity count (2), genuine variable count (2), approximate value count (2), approximate problem scale (12).
2026-10-06T20:12:46.661-05:00  INFO 55684 --- [ce-d3a9c88cf57a] a.t.s.c.i.l.DefaultLocalSearchPhase      : Local Search phase (0) ended: time spent (717), best score ([0/0/0/0/0]hard/[-0.000007716049382716049382716049382715894/-4680]soft), move evaluation speed (140056/sec), step total (1000).
2026-10-06T20:12:46.661-05:00  INFO 55684 --- [ce-d3a9c88cf57a] a.t.s.core.impl.solver.DefaultSolver     : Solving ended: time spent (717), best score ([0/0/0/0/0]hard/[-0.000007716049382716049382716049382715894/-4680]soft), move evaluation speed (139470/sec), phase total (1), environment mode (NO_ASSERT), move thread count (NONE).
2026-10-06T20:12:46.887-05:00  INFO 55684 --- [50-70510a4b9f20] a.t.s.core.impl.solver.DefaultSolver     : Solving started: time spent (2), best score ([0/0/0/0/0]hard/[0/-4680]soft), environment mode (NO_ASSERT), move thread count (NONE), random (seed 17).
2026-10-06T20:12:46.887-05:00  INFO 55684 --- [50-70510a4b9f20] a.t.s.core.impl.solver.DefaultSolver     : Problem scale: genuine entity count (2), genuine variable count (2), approximate value count (2), approximate problem scale (12).
2026-10-06T20:12:47.104-05:00  INFO 55684 --- [50-70510a4b9f20] a.t.s.c.i.l.DefaultLocalSearchPhase      : Local Search phase (0) ended: time spent (219), best score ([0/0/0/0/0]hard/[0/-4604]soft), move evaluation speed (460829/sec), step total (1000).
2026-10-06T20:12:47.105-05:00  INFO 55684 --- [50-70510a4b9f20] a.t.s.core.impl.solver.DefaultSolver     : Solving ended: time spent (220), best score ([0/0/0/0/0]hard/[0/-4604]soft), move evaluation speed (454545/sec), phase total (1), environment mode (NO_ASSERT), move thread count (NONE).
2026-10-06T20:12:47.109-05:00  INFO 55684 --- [50-70510a4b9f20] a.t.s.core.impl.solver.DefaultSolver     : Solving started: time spent (1), best score ([0/0/0/0/0]hard/[-0.03567901234567901234567901234567903/-4604]soft), environment mode (NO_ASSERT), move thread count (NONE), random (seed 17).
2026-10-06T20:12:47.109-05:00  INFO 55684 --- [50-70510a4b9f20] a.t.s.core.impl.solver.DefaultSolver     : Problem scale: genuine entity count (2), genuine variable count (2), approximate value count (2), approximate problem scale (12).
2026-10-06T20:12:47.505-05:00  INFO 55684 --- [50-70510a4b9f20] a.t.s.c.i.l.DefaultLocalSearchPhase      : Local Search phase (0) ended: time spent (397), best score ([0/0/0/0/0]hard/[-0.000007716049382716049382716049382715894/-4680]soft), move evaluation speed (252525/sec), step total (1000).
2026-10-06T20:12:47.505-05:00  INFO 55684 --- [50-70510a4b9f20] a.t.s.core.impl.solver.DefaultSolver     : Solving ended: time spent (397), best score ([0/0/0/0/0]hard/[-0.000007716049382716049382716049382715894/-4680]soft), move evaluation speed (251889/sec), phase total (1), environment mode (NO_ASSERT), move thread count (NONE).
2026-10-06T20:12:47.514-05:00  INFO 55684 --- [f6-4e60df399930] a.t.s.core.impl.solver.DefaultSolver     : Solving started: time spent (2), best score ([0/0/0/0/0]hard/[0/-4680]soft), environment mode (NO_ASSERT), move thread count (NONE), random (seed 17).
2026-10-06T20:12:47.514-05:00  INFO 55684 --- [f6-4e60df399930] a.t.s.core.impl.solver.DefaultSolver     : Problem scale: genuine entity count (2), genuine variable count (2), approximate value count (2), approximate problem scale (12).
2026-10-06T20:12:47.714-05:00  INFO 55684 --- [f6-4e60df399930] a.t.s.c.i.l.DefaultLocalSearchPhase      : Local Search phase (0) ended: time spent (202), best score ([0/0/0/0/0]hard/[0/-4604]soft), move evaluation speed (500000/sec), step total (1000).
2026-10-06T20:12:47.714-05:00  INFO 55684 --- [f6-4e60df399930] a.t.s.core.impl.solver.DefaultSolver     : Solving ended: time spent (202), best score ([0/0/0/0/0]hard/[0/-4604]soft), move evaluation speed (495049/sec), phase total (1), environment mode (NO_ASSERT), move thread count (NONE).
2026-10-06T20:12:47.718-05:00  INFO 55684 --- [f6-4e60df399930] a.t.s.core.impl.solver.DefaultSolver     : Solving started: time spent (0), best score ([0/0/0/0/0]hard/[-0.03567901234567901234567901234567903/-4604]soft), environment mode (NO_ASSERT), move thread count (NONE), random (seed 17).
2026-10-06T20:12:47.718-05:00  INFO 55684 --- [f6-4e60df399930] a.t.s.core.impl.solver.DefaultSolver     : Problem scale: genuine entity count (2), genuine variable count (2), approximate value count (2), approximate problem scale (12).
2026-10-06T20:12:48.111-05:00  INFO 55684 --- [f6-4e60df399930] a.t.s.c.i.l.DefaultLocalSearchPhase      : Local Search phase (0) ended: time spent (393), best score ([0/0/0/0/0]hard/[-0.000007716049382716049382716049382715894/-4680]soft), move evaluation speed (255102/sec), step total (1000).
2026-10-06T20:12:48.111-05:00  INFO 55684 --- [f6-4e60df399930] a.t.s.core.impl.solver.DefaultSolver     : Solving ended: time spent (393), best score ([0/0/0/0/0]hard/[-0.000007716049382716049382716049382715894/-4680]soft), move evaluation speed (254452/sec), phase total (1), environment mode (NO_ASSERT), move thread count (NONE).
[ERROR] Tests run: 8, Failures: 1, Errors: 0, Skipped: 0, Time elapsed: 5.951 s <<< FAILURE! -- in dev.waterflex.solver.SolverReplayTest
[ERROR] dev.waterflex.solver.SolverReplayTest.requiredRearrangementReplaysInsertionThenRefinementOverHttp -- Time elapsed: 0.978 s <<< FAILURE!
org.opentest4j.AssertionFailedError: {"error":"INCOMPLETE_CALCULATION_FACTS"} ==> expected: <200> but was: <422>
	at org.junit.jupiter.api.AssertionFailureBuilder.build(AssertionFailureBuilder.java:158)
	at org.junit.jupiter.api.AssertionFailureBuilder.buildAndThrow(AssertionFailureBuilder.java:139)
	at org.junit.jupiter.api.AssertEquals.failNotEqual(AssertEquals.java:201)
	at org.junit.jupiter.api.AssertEquals.assertEquals(AssertEquals.java:152)
	at org.junit.jupiter.api.Assertions.assertEquals(Assertions.java:590)
	at dev.waterflex.solver.SolverReplayTest.requiredRearrangementReplaysInsertionThenRefinementOverHttp(SolverReplayTest.java:50)

[INFO] 
[INFO] Results:
[INFO] 
[ERROR] Failures: 
[ERROR]   SolverReplayTest.requiredRearrangementReplaysInsertionThenRefinementOverHttp:50 {"error":"INCOMPLETE_CALCULATION_FACTS"} ==> expected: <200> but was: <422>
[INFO] 
[ERROR] Tests run: 8, Failures: 1, Errors: 0, Skipped: 0
[INFO] 
[INFO] ------------------------------------------------------------------------
[INFO] Reactor Summary for calculation-engine 0.1.0-SNAPSHOT:
[INFO] 
[INFO] calculation-engine ................................. SUCCESS [  0.574 s]
[INFO] solver-service ..................................... FAILURE [  7.747 s]
[INFO] ------------------------------------------------------------------------
[INFO] BUILD FAILURE
[INFO] ------------------------------------------------------------------------
[INFO] Total time:  8.573 s
[INFO] Finished at: 2026-10-06T20:12:48-05:00
[INFO] ------------------------------------------------------------------------
[ERROR] Failed to execute goal org.apache.maven.plugins:maven-surefire-plugin:3.5.6:test (default-test) on project solver-service: There are test failures.
[ERROR] 
[ERROR] See C:\Users\mcgee\OneDrive\Desktop\waterflex\waterflex-scheduler-java\solver-service\target\surefire-reports for the individual test results.
[ERROR] See dump files (if any exist) [date].dump, [date]-jvmRun[N].dump and [date].dumpstream.
[ERROR] -> [Help 1]
[ERROR] 
[ERROR] To see the full stack trace of the errors, re-run Maven with the -e switch.
[ERROR] Re-run Maven using the -X switch to enable full debug logging.
[ERROR] 
[ERROR] For more information about the errors and possible solutions, please read the following articles:
[ERROR] [Help 1] http://cwiki.apache.org/confluence/display/MAVEN/MojoFailureException
[ERROR] 
[ERROR] After correcting the problems, you can resume the build with the command
[ERROR]   mvn <args> -rf :solver-service
