WARNING: A restricted method in java.lang.System has been called
WARNING: java.lang.System::load has been called by org.fusesource.jansi.internal.JansiLoader in an unnamed module (file:/C:/Users/mcgee/.m2/wrapper/dists/apache-maven-3.9.16-bin/4200fbc6/apache-maven-3.9.16/lib/jansi-2.4.3.jar)
WARNING: Use --enable-native-access=ALL-UNNAMED to avoid a warning for callers in this module
WARNING: Restricted methods will be blocked in a future release unless native access is enabled

[INFO] Scanning for projects...
[INFO] 
[INFO] ------------------< dev.waterflex:scheduler-service >-------------------
[INFO] Building scheduler-service 0.1.0-SNAPSHOT
[INFO]   from pom.xml
[INFO] --------------------------------[ jar ]---------------------------------
[INFO] 
[INFO] --- resources:3.5.0:resources (default-resources) @ scheduler-service ---
[INFO] Copying 2 resources from src\main\resources to target\classes
[INFO] Copying 0 resource from src\main\resources to target\classes
[INFO] 
[INFO] --- compiler:3.15.0:compile (default-compile) @ scheduler-service ---
[INFO] Nothing to compile - all classes are up to date.
[INFO] 
[INFO] --- resources:3.5.0:testResources (default-testResources) @ scheduler-service ---
[INFO] Copying 1 resource from src\test\resources to target\test-classes
[INFO] 
[INFO] --- compiler:3.15.0:testCompile (default-testCompile) @ scheduler-service ---
[INFO] Nothing to compile - all classes are up to date.
[INFO] 
[INFO] --- surefire:3.5.6:test (default-test) @ scheduler-service ---
[INFO] Using auto detected provider org.apache.maven.surefire.junitplatform.JUnitPlatformProvider
[WARNING] System property [assertions.mode] overwritten by user properties from Maven session
[INFO] 
[INFO] -------------------------------------------------------
[INFO]  T E S T S
[INFO] -------------------------------------------------------
[INFO] Running dev.waterflex.scheduler.optimizer.AssertionCampaignTest
19:49:59.557 [main] INFO ai.timefold.solver.core.impl.solver.DefaultSolver -- Solving started: time spent (5), best score ([0/0/0/0/0]hard/[0/-17241]soft), environment mode (PHASE_ASSERT), move thread count (NONE), random (seed 17).
19:49:59.560 [main] INFO ai.timefold.solver.core.impl.solver.DefaultSolver -- Problem scale: genuine entity count (3), genuine variable count (3), approximate value count (6), approximate problem scale (60,480).
19:49:59.808 [main] INFO ai.timefold.solver.core.impl.localsearch.DefaultLocalSearchPhase -- Local Search phase (0) ended: time spent (256), best score ([0/0/0/0/0]hard/[0/-16541]soft), move evaluation speed (85866/sec), step total (213).
19:49:59.809 [main] INFO ai.timefold.solver.core.impl.solver.DefaultSolver -- Solving ended: time spent (256), best score ([0/0/0/0/0]hard/[0/-16541]soft), move evaluation speed (82847/sec), phase total (1), environment mode (PHASE_ASSERT), move thread count (NONE).
19:49:59.891 [main] INFO ai.timefold.solver.core.impl.solver.DefaultSolver -- Solving started: time spent (1), best score ([0/0/-4/0/0]hard/[0/-3000]soft), environment mode (PHASE_ASSERT), move thread count (NONE), random (seed 17).
19:49:59.891 [main] INFO ai.timefold.solver.core.impl.solver.DefaultSolver -- Problem scale: genuine entity count (3), genuine variable count (3), approximate value count (6), approximate problem scale (60,480).
19:49:59.901 [main] INFO ai.timefold.solver.core.impl.constructionheuristic.DefaultConstructionHeuristicPhase -- Construction Heuristic phase (0) ended: time spent (11), best score ([0/0/0/0/0]hard/[0/-9000]soft), move evaluation speed (3250/sec), step total (4).
19:50:00.140 [main] INFO ai.timefold.solver.core.impl.localsearch.DefaultLocalSearchPhase -- Local Search phase (1) ended: time spent (250), best score ([0/0/0/0/0]hard/[0/-9000]soft), move evaluation speed (279768/sec), step total (666).
19:50:00.141 [main] INFO ai.timefold.solver.core.impl.solver.DefaultSolver -- Solving ended: time spent (251), best score ([0/0/0/0/0]hard/[0/-9000]soft), move evaluation speed (265382/sec), phase total (2), environment mode (PHASE_ASSERT), move thread count (NONE).
19:50:00.150 [main] INFO ai.timefold.solver.core.impl.solver.DefaultSolver -- Solving started: time spent (2), best score ([0/-21120/0/0/0]hard/[0/-17891]soft), environment mode (PHASE_ASSERT), move thread count (NONE), random (seed 17).
19:50:00.150 [main] INFO ai.timefold.solver.core.impl.solver.DefaultSolver -- Problem scale: genuine entity count (3), genuine variable count (3), approximate value count (6), approximate problem scale (60,480).
19:50:00.399 [main] INFO ai.timefold.solver.core.impl.localsearch.DefaultLocalSearchPhase -- Local Search phase (0) ended: time spent (251), best score ([0/0/0/0/0]hard/[0/-17083]soft), move evaluation speed (252887/sec), step total (630).
19:50:00.399 [main] INFO ai.timefold.solver.core.impl.solver.DefaultSolver -- Solving ended: time spent (251), best score ([0/0/0/0/0]hard/[0/-17083]soft), move evaluation speed (250872/sec), phase total (1), environment mode (PHASE_ASSERT), move thread count (NONE).
19:50:00.410 [main] INFO ai.timefold.solver.core.impl.solver.DefaultSolver -- Solving started: time spent (2), best score ([0/0/0/0/0]hard/[-0.1131468572778827977315689981096409/-17241]soft), environment mode (PHASE_ASSERT), move thread count (NONE), random (seed 17).
19:50:00.410 [main] INFO ai.timefold.solver.core.impl.solver.DefaultSolver -- Problem scale: genuine entity count (3), genuine variable count (3), approximate value count (6), approximate problem scale (60,480).
19:50:00.659 [main] INFO ai.timefold.solver.core.impl.localsearch.DefaultLocalSearchPhase -- Local Search phase (0) ended: time spent (251), best score ([0/0/0/0/0]hard/[-0.026401688195757193866834698592732620/-17283]soft), move evaluation speed (144983/sec), step total (362).
19:50:00.660 [main] INFO ai.timefold.solver.core.impl.solver.DefaultSolver -- Solving ended: time spent (252), best score ([0/0/0/0/0]hard/[-0.026401688195757193866834698592732620/-17283]soft), move evaluation speed (143257/sec), phase total (1), environment mode (PHASE_ASSERT), move thread count (NONE).
19:50:00.698 [main] INFO ai.timefold.solver.core.impl.solver.DefaultSolver -- Solving started: time spent (0), best score ([0/0/0/0/0]hard/[0/-17241]soft), environment mode (PHASE_ASSERT), move thread count (NONE), random (seed 17).
19:50:00.700 [main] INFO ai.timefold.solver.core.impl.solver.DefaultSolver -- Problem scale: genuine entity count (3), genuine variable count (3), approximate value count (6), approximate problem scale (60,480).
19:50:00.949 [main] INFO ai.timefold.solver.core.impl.localsearch.DefaultLocalSearchPhase -- Local Search phase (0) ended: time spent (251), best score ([0/0/0/0/0]hard/[0/-16541]soft), move evaluation speed (368759/sec), step total (919).
19:50:00.949 [main] INFO ai.timefold.solver.core.impl.solver.DefaultSolver -- Solving ended: time spent (251), best score ([0/0/0/0/0]hard/[0/-16541]soft), move evaluation speed (365820/sec), phase total (1), environment mode (PHASE_ASSERT), move thread count (NONE).
19:50:00.986 [main] INFO ai.timefold.solver.core.impl.solver.DefaultSolver -- Solving started: time spent (2), best score ([0/0/-4/0/0]hard/[0/-3000]soft), environment mode (PHASE_ASSERT), move thread count (NONE), random (seed 17).
19:50:00.986 [main] INFO ai.timefold.solver.core.impl.solver.DefaultSolver -- Problem scale: genuine entity count (3), genuine variable count (3), approximate value count (6), approximate problem scale (60,480).
19:50:00.988 [main] INFO ai.timefold.solver.core.impl.constructionheuristic.DefaultConstructionHeuristicPhase -- Construction Heuristic phase (0) ended: time spent (4), best score ([0/0/0/0/0]hard/[0/-9000]soft), move evaluation speed (26000/sec), step total (4).
19:50:01.235 [main] INFO ai.timefold.solver.core.impl.localsearch.DefaultLocalSearchPhase -- Local Search phase (1) ended: time spent (251), best score ([0/0/0/0/0]hard/[0/-9000]soft), move evaluation speed (386833/sec), step total (952).
19:50:01.235 [main] INFO ai.timefold.solver.core.impl.solver.DefaultSolver -- Solving ended: time spent (251), best score ([0/0/0/0/0]hard/[0/-9000]soft), move evaluation speed (379231/sec), phase total (2), environment mode (PHASE_ASSERT), move thread count (NONE).
19:50:01.240 [main] INFO ai.timefold.solver.core.impl.solver.DefaultSolver -- Solving started: time spent (1), best score ([0/-21120/0/0/0]hard/[0/-17891]soft), environment mode (PHASE_ASSERT), move thread count (NONE), random (seed 17).
19:50:01.240 [main] INFO ai.timefold.solver.core.impl.solver.DefaultSolver -- Problem scale: genuine entity count (3), genuine variable count (3), approximate value count (6), approximate problem scale (60,480).
19:50:01.490 [main] INFO ai.timefold.solver.core.impl.localsearch.DefaultLocalSearchPhase -- Local Search phase (0) ended: time spent (251), best score ([0/0/0/0/0]hard/[0/-17083]soft), move evaluation speed (300148/sec), step total (751).
19:50:01.491 [main] INFO ai.timefold.solver.core.impl.solver.DefaultSolver -- Solving ended: time spent (252), best score ([0/0/0/0/0]hard/[0/-17083]soft), move evaluation speed (297765/sec), phase total (1), environment mode (PHASE_ASSERT), move thread count (NONE).
19:50:01.496 [main] INFO ai.timefold.solver.core.impl.solver.DefaultSolver -- Solving started: time spent (0), best score ([0/0/0/0/0]hard/[-0.1131468572778827977315689981096409/-17241]soft), environment mode (PHASE_ASSERT), move thread count (NONE), random (seed 17).
19:50:01.496 [main] INFO ai.timefold.solver.core.impl.solver.DefaultSolver -- Problem scale: genuine entity count (3), genuine variable count (3), approximate value count (6), approximate problem scale (60,480).
19:50:01.746 [main] INFO ai.timefold.solver.core.impl.localsearch.DefaultLocalSearchPhase -- Local Search phase (0) ended: time spent (250), best score ([0/0/0/0/0]hard/[-0.026401688195757193866834698592732620/-17283]soft), move evaluation speed (183124/sec), step total (458).
19:50:01.746 [main] INFO ai.timefold.solver.core.impl.solver.DefaultSolver -- Solving ended: time spent (250), best score ([0/0/0/0/0]hard/[-0.026401688195757193866834698592732620/-17283]soft), move evaluation speed (183124/sec), phase total (1), environment mode (PHASE_ASSERT), move thread count (NONE).
19:50:01.786 [main] INFO ai.timefold.solver.core.impl.solver.DefaultSolver -- Solving started: time spent (1), best score ([0/0/0/0/0]hard/[0/-17241]soft), environment mode (PHASE_ASSERT), move thread count (NONE), random (seed 17).
19:50:01.786 [main] INFO ai.timefold.solver.core.impl.solver.DefaultSolver -- Problem scale: genuine entity count (3), genuine variable count (3), approximate value count (6), approximate problem scale (60,480).
19:50:02.036 [main] INFO ai.timefold.solver.core.impl.localsearch.DefaultLocalSearchPhase -- Local Search phase (0) ended: time spent (251), best score ([0/0/0/0/0]hard/[0/-16541]soft), move evaluation speed (349804/sec), step total (545).
19:50:02.036 [main] INFO ai.timefold.solver.core.impl.solver.DefaultSolver -- Solving ended: time spent (251), best score ([0/0/0/0/0]hard/[0/-16541]soft), move evaluation speed (348410/sec), phase total (1), environment mode (PHASE_ASSERT), move thread count (NONE).
19:50:02.071 [main] INFO ai.timefold.solver.core.impl.solver.DefaultSolver -- Solving started: time spent (1), best score ([0/0/-4/0/0]hard/[0/-3000]soft), environment mode (PHASE_ASSERT), move thread count (NONE), random (seed 17).
19:50:02.071 [main] INFO ai.timefold.solver.core.impl.solver.DefaultSolver -- Problem scale: genuine entity count (3), genuine variable count (3), approximate value count (6), approximate problem scale (60,480).
19:50:02.073 [main] INFO ai.timefold.solver.core.impl.constructionheuristic.DefaultConstructionHeuristicPhase -- Construction Heuristic phase (0) ended: time spent (3), best score ([0/0/0/0/0]hard/[0/-9000]soft), move evaluation speed (13000/sec), step total (4).
19:50:02.321 [main] INFO ai.timefold.solver.core.impl.localsearch.DefaultLocalSearchPhase -- Local Search phase (1) ended: time spent (251), best score ([0/0/0/0/0]hard/[0/-9000]soft), move evaluation speed (228753/sec), step total (49130).
19:50:02.321 [main] INFO ai.timefold.solver.core.impl.solver.DefaultSolver -- Solving ended: time spent (251), best score ([0/0/0/0/0]hard/[0/-9000]soft), move evaluation speed (225211/sec), phase total (2), environment mode (PHASE_ASSERT), move thread count (NONE).
19:50:02.327 [main] INFO ai.timefold.solver.core.impl.solver.DefaultSolver -- Solving started: time spent (2), best score ([0/-21120/0/0/0]hard/[0/-17891]soft), environment mode (PHASE_ASSERT), move thread count (NONE), random (seed 17).
19:50:02.328 [main] INFO ai.timefold.solver.core.impl.solver.DefaultSolver -- Problem scale: genuine entity count (3), genuine variable count (3), approximate value count (6), approximate problem scale (60,480).
19:50:02.576 [main] INFO ai.timefold.solver.core.impl.localsearch.DefaultLocalSearchPhase -- Local Search phase (0) ended: time spent (251), best score ([0/0/0/0/0]hard/[0/-16591]soft), move evaluation speed (298008/sec), step total (1005).
19:50:02.576 [main] INFO ai.timefold.solver.core.impl.solver.DefaultSolver -- Solving ended: time spent (251), best score ([0/0/0/0/0]hard/[0/-16591]soft), move evaluation speed (294446/sec), phase total (1), environment mode (PHASE_ASSERT), move thread count (NONE).
19:50:02.581 [main] INFO ai.timefold.solver.core.impl.solver.DefaultSolver -- Solving started: time spent (0), best score ([0/0/0/0/0]hard/[-0.1131468572778827977315689981096409/-17241]soft), environment mode (PHASE_ASSERT), move thread count (NONE), random (seed 17).
19:50:02.582 [main] INFO ai.timefold.solver.core.impl.solver.DefaultSolver -- Problem scale: genuine entity count (3), genuine variable count (3), approximate value count (6), approximate problem scale (60,480).
19:50:02.832 [main] INFO ai.timefold.solver.core.impl.localsearch.DefaultLocalSearchPhase -- Local Search phase (0) ended: time spent (251), best score ([0/0/0/0/0]hard/[-0.03217804820415879017013232514177693/-17183]soft), move evaluation speed (192464/sec), step total (1914).
19:50:02.833 [main] INFO ai.timefold.solver.core.impl.solver.DefaultSolver -- Solving ended: time spent (252), best score ([0/0/0/0/0]hard/[-0.03217804820415879017013232514177693/-17183]soft), move evaluation speed (190936/sec), phase total (1), environment mode (PHASE_ASSERT), move thread count (NONE).
19:50:02.868 [main] INFO ai.timefold.solver.core.impl.solver.DefaultSolver -- Solving started: time spent (1), best score ([0/0/0/0/0]hard/[0/-17241]soft), environment mode (PHASE_ASSERT), move thread count (NONE), random (seed 17).
19:50:02.868 [main] INFO ai.timefold.solver.core.impl.solver.DefaultSolver -- Problem scale: genuine entity count (3), genuine variable count (3), approximate value count (6), approximate problem scale (60,480).
19:50:03.118 [main] INFO ai.timefold.solver.core.impl.localsearch.DefaultLocalSearchPhase -- Local Search phase (0) ended: time spent (251), best score ([0/0/0/0/0]hard/[0/-16541]soft), move evaluation speed (323080/sec), step total (501).
19:50:03.118 [main] INFO ai.timefold.solver.core.impl.solver.DefaultSolver -- Solving ended: time spent (251), best score ([0/0/0/0/0]hard/[0/-16541]soft), move evaluation speed (321792/sec), phase total (1), environment mode (PHASE_ASSERT), move thread count (NONE).
19:50:03.147 [main] INFO ai.timefold.solver.core.impl.solver.DefaultSolver -- Solving started: time spent (2), best score ([0/0/-4/0/0]hard/[0/-3000]soft), environment mode (PHASE_ASSERT), move thread count (NONE), random (seed 17).
19:50:03.147 [main] INFO ai.timefold.solver.core.impl.solver.DefaultSolver -- Problem scale: genuine entity count (3), genuine variable count (3), approximate value count (6), approximate problem scale (60,480).
19:50:03.148 [main] INFO ai.timefold.solver.core.impl.constructionheuristic.DefaultConstructionHeuristicPhase -- Construction Heuristic phase (0) ended: time spent (3), best score ([0/0/0/0/0]hard/[0/-9000]soft), move evaluation speed (26000/sec), step total (4).
19:50:03.396 [main] INFO ai.timefold.solver.core.impl.localsearch.DefaultLocalSearchPhase -- Local Search phase (1) ended: time spent (251), best score ([0/0/0/0/0]hard/[0/-9000]soft), move evaluation speed (272303/sec), step total (62959).
19:50:03.396 [main] INFO ai.timefold.solver.core.impl.solver.DefaultSolver -- Solving ended: time spent (251), best score ([0/0/0/0/0]hard/[0/-9000]soft), move evaluation speed (268067/sec), phase total (2), environment mode (PHASE_ASSERT), move thread count (NONE).
19:50:03.400 [main] INFO ai.timefold.solver.core.impl.solver.DefaultSolver -- Solving started: time spent (0), best score ([0/-21120/0/0/0]hard/[0/-17891]soft), environment mode (PHASE_ASSERT), move thread count (NONE), random (seed 17).
19:50:03.400 [main] INFO ai.timefold.solver.core.impl.solver.DefaultSolver -- Problem scale: genuine entity count (3), genuine variable count (3), approximate value count (6), approximate problem scale (60,480).
19:50:03.651 [main] INFO ai.timefold.solver.core.impl.localsearch.DefaultLocalSearchPhase -- Local Search phase (0) ended: time spent (251), best score ([0/0/0/0/0]hard/[0/-16591]soft), move evaluation speed (361135/sec), step total (462).
19:50:03.651 [main] INFO ai.timefold.solver.core.impl.solver.DefaultSolver -- Solving ended: time spent (251), best score ([0/0/0/0/0]hard/[0/-16591]soft), move evaluation speed (361135/sec), phase total (1), environment mode (PHASE_ASSERT), move thread count (NONE).
19:50:03.655 [main] INFO ai.timefold.solver.core.impl.solver.DefaultSolver -- Solving started: time spent (1), best score ([0/0/0/0/0]hard/[-0.1131468572778827977315689981096409/-17241]soft), environment mode (PHASE_ASSERT), move thread count (NONE), random (seed 17).
19:50:03.655 [main] INFO ai.timefold.solver.core.impl.solver.DefaultSolver -- Problem scale: genuine entity count (3), genuine variable count (3), approximate value count (6), approximate problem scale (60,480).
19:50:03.905 [main] INFO ai.timefold.solver.core.impl.localsearch.DefaultLocalSearchPhase -- Local Search phase (0) ended: time spent (251), best score ([0/0/0/0/0]hard/[-0.032178048204158790170132325141776930/-17183]soft), move evaluation speed (187664/sec), step total (1544).
19:50:03.905 [main] INFO ai.timefold.solver.core.impl.solver.DefaultSolver -- Solving ended: time spent (251), best score ([0/0/0/0/0]hard/[-0.032178048204158790170132325141776930/-17183]soft), move evaluation speed (186916/sec), phase total (1), environment mode (PHASE_ASSERT), move thread count (NONE).
19:50:03.935 [main] INFO ai.timefold.solver.core.impl.solver.DefaultSolver -- Solving started: time spent (0), best score ([0/0/0/0/0]hard/[0/-17241]soft), environment mode (PHASE_ASSERT), move thread count (NONE), random (seed 17).
19:50:03.935 [main] INFO ai.timefold.solver.core.impl.solver.DefaultSolver -- Problem scale: genuine entity count (3), genuine variable count (3), approximate value count (6), approximate problem scale (60,480).
19:50:04.186 [main] INFO ai.timefold.solver.core.impl.localsearch.DefaultLocalSearchPhase -- Local Search phase (0) ended: time spent (251), best score ([0/0/0/0/0]hard/[0/-16541]soft), move evaluation speed (366056/sec), step total (11).
19:50:04.186 [main] INFO ai.timefold.solver.core.impl.solver.DefaultSolver -- Solving ended: time spent (251), best score ([0/0/0/0/0]hard/[0/-16541]soft), move evaluation speed (364597/sec), phase total (1), environment mode (PHASE_ASSERT), move thread count (NONE).
19:50:04.215 [main] INFO ai.timefold.solver.core.impl.solver.DefaultSolver -- Solving started: time spent (1), best score ([0/0/-4/0/0]hard/[0/-3000]soft), environment mode (PHASE_ASSERT), move thread count (NONE), random (seed 17).
19:50:04.215 [main] INFO ai.timefold.solver.core.impl.solver.DefaultSolver -- Problem scale: genuine entity count (3), genuine variable count (3), approximate value count (6), approximate problem scale (60,480).
19:50:04.217 [main] INFO ai.timefold.solver.core.impl.constructionheuristic.DefaultConstructionHeuristicPhase -- Construction Heuristic phase (0) ended: time spent (3), best score ([0/0/0/0/0]hard/[0/-9000]soft), move evaluation speed (13000/sec), step total (4).
19:50:04.464 [main] INFO ai.timefold.solver.core.impl.localsearch.DefaultLocalSearchPhase -- Local Search phase (1) ended: time spent (250), best score ([0/0/0/0/0]hard/[0/-9000]soft), move evaluation speed (411809/sec), step total (12).
19:50:04.465 [main] INFO ai.timefold.solver.core.impl.solver.DefaultSolver -- Solving ended: time spent (251), best score ([0/0/0/0/0]hard/[0/-9000]soft), move evaluation speed (405350/sec), phase total (2), environment mode (PHASE_ASSERT), move thread count (NONE).
19:50:04.468 [main] INFO ai.timefold.solver.core.impl.solver.DefaultSolver -- Solving started: time spent (0), best score ([0/-21120/0/0/0]hard/[0/-17891]soft), environment mode (PHASE_ASSERT), move thread count (NONE), random (seed 17).
19:50:04.468 [main] INFO ai.timefold.solver.core.impl.solver.DefaultSolver -- Problem scale: genuine entity count (3), genuine variable count (3), approximate value count (6), approximate problem scale (60,480).
19:50:04.719 [main] INFO ai.timefold.solver.core.impl.localsearch.DefaultLocalSearchPhase -- Local Search phase (0) ended: time spent (251), best score ([0/0/0/0/0]hard/[0/-17683]soft), move evaluation speed (276733/sec), step total (10).
19:50:04.719 [main] INFO ai.timefold.solver.core.impl.solver.DefaultSolver -- Solving ended: time spent (251), best score ([0/0/0/0/0]hard/[0/-17683]soft), move evaluation speed (276733/sec), phase total (1), environment mode (PHASE_ASSERT), move thread count (NONE).
19:50:04.725 [main] INFO ai.timefold.solver.core.impl.solver.DefaultSolver -- Solving started: time spent (1), best score ([0/0/0/0/0]hard/[-0.1131468572778827977315689981096409/-17241]soft), environment mode (PHASE_ASSERT), move thread count (NONE), random (seed 17).
19:50:04.725 [main] INFO ai.timefold.solver.core.impl.solver.DefaultSolver -- Problem scale: genuine entity count (3), genuine variable count (3), approximate value count (6), approximate problem scale (60,480).
19:50:04.975 [main] INFO ai.timefold.solver.core.impl.localsearch.DefaultLocalSearchPhase -- Local Search phase (0) ended: time spent (251), best score ([0/0/0/0/0]hard/[-0.032178048204158790170132325141776930/-17183]soft), move evaluation speed (206344/sec), step total (7).
19:50:04.975 [main] INFO ai.timefold.solver.core.impl.solver.DefaultSolver -- Solving ended: time spent (251), best score ([0/0/0/0/0]hard/[-0.032178048204158790170132325141776930/-17183]soft), move evaluation speed (205521/sec), phase total (1), environment mode (PHASE_ASSERT), move thread count (NONE).
19:50:05.007 [main] INFO ai.timefold.solver.core.impl.solver.DefaultSolver -- Solving started: time spent (1), best score ([0/0/0/0/0]hard/[0/-17241]soft), environment mode (PHASE_ASSERT), move thread count (NONE), random (seed 17).
19:50:05.007 [main] INFO ai.timefold.solver.core.impl.solver.DefaultSolver -- Problem scale: genuine entity count (3), genuine variable count (3), approximate value count (6), approximate problem scale (60,480).
19:50:05.257 [main] INFO ai.timefold.solver.core.impl.localsearch.DefaultLocalSearchPhase -- Local Search phase (0) ended: time spent (251), best score ([0/0/0/0/0]hard/[0/-16541]soft), move evaluation speed (312664/sec), step total (505).
19:50:05.257 [main] INFO ai.timefold.solver.core.impl.solver.DefaultSolver -- Solving ended: time spent (251), best score ([0/0/0/0/0]hard/[0/-16541]soft), move evaluation speed (311418/sec), phase total (1), environment mode (PHASE_ASSERT), move thread count (NONE).
19:50:05.284 [main] INFO ai.timefold.solver.core.impl.solver.DefaultSolver -- Solving started: time spent (0), best score ([0/0/-4/0/0]hard/[0/-3000]soft), environment mode (PHASE_ASSERT), move thread count (NONE), random (seed 17).
19:50:05.285 [main] INFO ai.timefold.solver.core.impl.solver.DefaultSolver -- Problem scale: genuine entity count (3), genuine variable count (3), approximate value count (6), approximate problem scale (60,480).
19:50:05.285 [main] INFO ai.timefold.solver.core.impl.constructionheuristic.DefaultConstructionHeuristicPhase -- Construction Heuristic phase (0) ended: time spent (1), best score ([0/0/0/0/0]hard/[0/-9000]soft), move evaluation speed (26000/sec), step total (4).
19:50:05.535 [main] INFO ai.timefold.solver.core.impl.localsearch.DefaultLocalSearchPhase -- Local Search phase (1) ended: time spent (251), best score ([0/0/0/0/0]hard/[0/-9000]soft), move evaluation speed (209689/sec), step total (48503).
19:50:05.535 [main] INFO ai.timefold.solver.core.impl.solver.DefaultSolver -- Solving ended: time spent (251), best score ([0/0/0/0/0]hard/[0/-9000]soft), move evaluation speed (207286/sec), phase total (2), environment mode (PHASE_ASSERT), move thread count (NONE).
19:50:05.539 [main] INFO ai.timefold.solver.core.impl.solver.DefaultSolver -- Solving started: time spent (0), best score ([0/-21120/0/0/0]hard/[0/-17891]soft), environment mode (PHASE_ASSERT), move thread count (NONE), random (seed 17).
19:50:05.540 [main] INFO ai.timefold.solver.core.impl.solver.DefaultSolver -- Problem scale: genuine entity count (3), genuine variable count (3), approximate value count (6), approximate problem scale (60,480).
19:50:05.790 [main] INFO ai.timefold.solver.core.impl.localsearch.DefaultLocalSearchPhase -- Local Search phase (0) ended: time spent (251), best score ([0/0/0/0/0]hard/[0/-16591]soft), move evaluation speed (373320/sec), step total (442).
19:50:05.790 [main] INFO ai.timefold.solver.core.impl.solver.DefaultSolver -- Solving ended: time spent (251), best score ([0/0/0/0/0]hard/[0/-16591]soft), move evaluation speed (371832/sec), phase total (1), environment mode (PHASE_ASSERT), move thread count (NONE).
19:50:05.796 [main] INFO ai.timefold.solver.core.impl.solver.DefaultSolver -- Solving started: time spent (3), best score ([0/0/0/0/0]hard/[-0.1131468572778827977315689981096409/-17241]soft), environment mode (PHASE_ASSERT), move thread count (NONE), random (seed 17).
19:50:05.796 [main] INFO ai.timefold.solver.core.impl.solver.DefaultSolver -- Problem scale: genuine entity count (3), genuine variable count (3), approximate value count (6), approximate problem scale (60,480).
19:50:06.044 [main] INFO ai.timefold.solver.core.impl.localsearch.DefaultLocalSearchPhase -- Local Search phase (0) ended: time spent (251), best score ([0/0/0/0/0]hard/[-0.02640168819575719386683469859273262000/-17283]soft), move evaluation speed (171173/sec), step total (1453).
19:50:06.044 [main] INFO ai.timefold.solver.core.impl.solver.DefaultSolver -- Solving ended: time spent (251), best score ([0/0/0/0/0]hard/[-0.02640168819575719386683469859273262000/-17283]soft), move evaluation speed (169127/sec), phase total (1), environment mode (PHASE_ASSERT), move thread count (NONE).
19:50:06.074 [main] INFO ai.timefold.solver.core.impl.solver.DefaultSolver -- Solving started: time spent (1), best score ([0/0/0/0/0]hard/[0/-17241]soft), environment mode (PHASE_ASSERT), move thread count (NONE), random (seed 17).
19:50:06.074 [main] INFO ai.timefold.solver.core.impl.solver.DefaultSolver -- Problem scale: genuine entity count (3), genuine variable count (3), approximate value count (6), approximate problem scale (60,480).
19:50:06.323 [main] INFO ai.timefold.solver.core.impl.localsearch.DefaultLocalSearchPhase -- Local Search phase (0) ended: time spent (250), best score ([0/0/0/0/0]hard/[0/-16541]soft), move evaluation speed (236867/sec), step total (964).
19:50:06.324 [main] INFO ai.timefold.solver.core.impl.solver.DefaultSolver -- Solving ended: time spent (251), best score ([0/0/0/0/0]hard/[0/-16541]soft), move evaluation speed (234980/sec), phase total (1), environment mode (PHASE_ASSERT), move thread count (NONE).
19:50:06.350 [main] INFO ai.timefold.solver.core.impl.solver.DefaultSolver -- Solving started: time spent (2), best score ([0/0/-4/0/0]hard/[0/-3000]soft), environment mode (PHASE_ASSERT), move thread count (NONE), random (seed 17).
19:50:06.350 [main] INFO ai.timefold.solver.core.impl.solver.DefaultSolver -- Problem scale: genuine entity count (3), genuine variable count (3), approximate value count (6), approximate problem scale (60,480).
19:50:06.350 [main] INFO ai.timefold.solver.core.impl.constructionheuristic.DefaultConstructionHeuristicPhase -- Construction Heuristic phase (0) ended: time spent (2), best score ([0/0/0/0/0]hard/[0/-9000]soft), move evaluation speed (26000/sec), step total (4).
19:50:06.598 [main] INFO ai.timefold.solver.core.impl.localsearch.DefaultLocalSearchPhase -- Local Search phase (1) ended: time spent (250), best score ([0/0/0/0/0]hard/[0/-9000]soft), move evaluation speed (124259/sec), step total (28741).
19:50:06.599 [main] INFO ai.timefold.solver.core.impl.solver.DefaultSolver -- Solving ended: time spent (251), best score ([0/0/0/0/0]hard/[0/-9000]soft), move evaluation speed (122382/sec), phase total (2), environment mode (PHASE_ASSERT), move thread count (NONE).
19:50:06.602 [main] INFO ai.timefold.solver.core.impl.solver.DefaultSolver -- Solving started: time spent (0), best score ([0/-21120/0/0/0]hard/[0/-17891]soft), environment mode (PHASE_ASSERT), move thread count (NONE), random (seed 17).
19:50:06.602 [main] INFO ai.timefold.solver.core.impl.solver.DefaultSolver -- Problem scale: genuine entity count (3), genuine variable count (3), approximate value count (6), approximate problem scale (60,480).
19:50:06.853 [main] INFO ai.timefold.solver.core.impl.localsearch.DefaultLocalSearchPhase -- Local Search phase (0) ended: time spent (250), best score ([0/0/0/0/0]hard/[0/-16591]soft), move evaluation speed (270948/sec), step total (1307).
19:50:06.853 [main] INFO ai.timefold.solver.core.impl.solver.DefaultSolver -- Solving ended: time spent (251), best score ([0/0/0/0/0]hard/[0/-16591]soft), move evaluation speed (269868/sec), phase total (1), environment mode (PHASE_ASSERT), move thread count (NONE).
19:50:06.856 [main] INFO ai.timefold.solver.core.impl.solver.DefaultSolver -- Solving started: time spent (0), best score ([0/0/0/0/0]hard/[-0.1131468572778827977315689981096409/-17241]soft), environment mode (PHASE_ASSERT), move thread count (NONE), random (seed 17).
19:50:06.856 [main] INFO ai.timefold.solver.core.impl.solver.DefaultSolver -- Problem scale: genuine entity count (3), genuine variable count (3), approximate value count (6), approximate problem scale (60,480).
19:50:07.107 [main] INFO ai.timefold.solver.core.impl.localsearch.DefaultLocalSearchPhase -- Local Search phase (0) ended: time spent (251), best score ([0/0/0/0/0]hard/[-0.0264016881957571938668346985927326200/-17283]soft), move evaluation speed (159729/sec), step total (1507).
19:50:07.108 [main] INFO ai.timefold.solver.core.impl.solver.DefaultSolver -- Solving ended: time spent (252), best score ([0/0/0/0/0]hard/[-0.0264016881957571938668346985927326200/-17283]soft), move evaluation speed (159095/sec), phase total (1), environment mode (PHASE_ASSERT), move thread count (NONE).
19:50:07.137 [main] INFO ai.timefold.solver.core.impl.solver.DefaultSolver -- Solving started: time spent (1), best score ([0/0/0/0/0]hard/[0/-17241]soft), environment mode (PHASE_ASSERT), move thread count (NONE), random (seed 17).
19:50:07.137 [main] INFO ai.timefold.solver.core.impl.solver.DefaultSolver -- Problem scale: genuine entity count (3), genuine variable count (3), approximate value count (6), approximate problem scale (60,480).
19:50:07.386 [main] INFO ai.timefold.solver.core.impl.localsearch.DefaultLocalSearchPhase -- Local Search phase (0) ended: time spent (251), best score ([0/0/0/0/0]hard/[0/-16541]soft), move evaluation speed (151449/sec), step total (1745).
19:50:07.386 [main] INFO ai.timefold.solver.core.impl.solver.DefaultSolver -- Solving ended: time spent (251), best score ([0/0/0/0/0]hard/[0/-16541]soft), move evaluation speed (150243/sec), phase total (1), environment mode (PHASE_ASSERT), move thread count (NONE).
19:50:07.416 [main] INFO ai.timefold.solver.core.impl.solver.DefaultSolver -- Solving started: time spent (1), best score ([0/-21120/0/0/0]hard/[0/-17891]soft), environment mode (PHASE_ASSERT), move thread count (NONE), random (seed 17).
19:50:07.416 [main] INFO ai.timefold.solver.core.impl.solver.DefaultSolver -- Problem scale: genuine entity count (3), genuine variable count (3), approximate value count (6), approximate problem scale (60,480).
19:50:07.666 [main] INFO ai.timefold.solver.core.impl.localsearch.DefaultLocalSearchPhase -- Local Search phase (0) ended: time spent (251), best score ([0/0/0/0/0]hard/[0/-16591]soft), move evaluation speed (175324/sec), step total (413).
19:50:07.666 [main] INFO ai.timefold.solver.core.impl.solver.DefaultSolver -- Solving ended: time spent (251), best score ([0/0/0/0/0]hard/[0/-16591]soft), move evaluation speed (174625/sec), phase total (1), environment mode (PHASE_ASSERT), move thread count (NONE).
19:50:07.670 [main] INFO ai.timefold.solver.core.impl.solver.DefaultSolver -- Solving started: time spent (2), best score ([0/0/0/0/0]hard/[-0.1131468572778827977315689981096409/-17241]soft), environment mode (PHASE_ASSERT), move thread count (NONE), random (seed 17).
19:50:07.670 [main] INFO ai.timefold.solver.core.impl.solver.DefaultSolver -- Problem scale: genuine entity count (3), genuine variable count (3), approximate value count (6), approximate problem scale (60,480).
19:50:07.918 [main] INFO ai.timefold.solver.core.impl.localsearch.DefaultLocalSearchPhase -- Local Search phase (0) ended: time spent (250), best score ([0/0/0/0/0]hard/[-0.026401688195757193866834698592732620/-17283]soft), move evaluation speed (128538/sec), step total (1471).
19:50:07.918 [main] INFO ai.timefold.solver.core.impl.solver.DefaultSolver -- Solving ended: time spent (250), best score ([0/0/0/0/0]hard/[-0.026401688195757193866834698592732620/-17283]soft), move evaluation speed (126996/sec), phase total (1), environment mode (PHASE_ASSERT), move thread count (NONE).
19:50:07.942 [main] INFO ai.timefold.solver.core.impl.solver.DefaultSolver -- Solving started: time spent (1), best score ([0/0/0/0/0]hard/[0/-17241]soft), environment mode (PHASE_ASSERT), move thread count (NONE), random (seed 29).
19:50:07.942 [main] INFO ai.timefold.solver.core.impl.solver.DefaultSolver -- Problem scale: genuine entity count (3), genuine variable count (3), approximate value count (6), approximate problem scale (60,480).
19:50:08.191 [main] INFO ai.timefold.solver.core.impl.localsearch.DefaultLocalSearchPhase -- Local Search phase (0) ended: time spent (250), best score ([0/0/0/0/0]hard/[0/-16541]soft), move evaluation speed (370148/sec), step total (922).
19:50:08.192 [main] INFO ai.timefold.solver.core.impl.solver.DefaultSolver -- Solving ended: time spent (251), best score ([0/0/0/0/0]hard/[0/-16541]soft), move evaluation speed (367199/sec), phase total (1), environment mode (PHASE_ASSERT), move thread count (NONE).
19:50:08.209 [main] INFO ai.timefold.solver.core.impl.solver.DefaultSolver -- Solving started: time spent (0), best score ([0/0/-4/0/0]hard/[0/-3000]soft), environment mode (PHASE_ASSERT), move thread count (NONE), random (seed 29).
19:50:08.209 [main] INFO ai.timefold.solver.core.impl.solver.DefaultSolver -- Problem scale: genuine entity count (3), genuine variable count (3), approximate value count (6), approximate problem scale (60,480).
19:50:08.211 [main] INFO ai.timefold.solver.core.impl.constructionheuristic.DefaultConstructionHeuristicPhase -- Construction Heuristic phase (0) ended: time spent (1), best score ([0/0/0/0/0]hard/[0/-9000]soft), move evaluation speed (26000/sec), step total (4).
19:50:08.459 [main] INFO ai.timefold.solver.core.impl.localsearch.DefaultLocalSearchPhase -- Local Search phase (1) ended: time spent (250), best score ([0/0/0/0/0]hard/[0/-9000]soft), move evaluation speed (369681/sec), step total (917).
19:50:08.460 [main] INFO ai.timefold.solver.core.impl.solver.DefaultSolver -- Solving ended: time spent (251), best score ([0/0/0/0/0]hard/[0/-9000]soft), move evaluation speed (365366/sec), phase total (2), environment mode (PHASE_ASSERT), move thread count (NONE).
19:50:08.462 [main] INFO ai.timefold.solver.core.impl.solver.DefaultSolver -- Solving started: time spent (0), best score ([0/-21120/0/0/0]hard/[0/-17891]soft), environment mode (PHASE_ASSERT), move thread count (NONE), random (seed 29).
19:50:08.463 [main] INFO ai.timefold.solver.core.impl.solver.DefaultSolver -- Problem scale: genuine entity count (3), genuine variable count (3), approximate value count (6), approximate problem scale (60,480).
19:50:08.712 [main] INFO ai.timefold.solver.core.impl.localsearch.DefaultLocalSearchPhase -- Local Search phase (0) ended: time spent (250), best score ([0/0/0/0/0]hard/[0/-16591]soft), move evaluation speed (362044/sec), step total (902).
19:50:08.713 [main] INFO ai.timefold.solver.core.impl.solver.DefaultSolver -- Solving ended: time spent (251), best score ([0/0/0/0/0]hard/[0/-16591]soft), move evaluation speed (359159/sec), phase total (1), environment mode (PHASE_ASSERT), move thread count (NONE).
19:50:08.717 [main] INFO ai.timefold.solver.core.impl.solver.DefaultSolver -- Solving started: time spent (0), best score ([0/0/0/0/0]hard/[-0.1131468572778827977315689981096409/-17241]soft), environment mode (PHASE_ASSERT), move thread count (NONE), random (seed 29).
19:50:08.717 [main] INFO ai.timefold.solver.core.impl.solver.DefaultSolver -- Problem scale: genuine entity count (3), genuine variable count (3), approximate value count (6), approximate problem scale (60,480).
19:50:08.968 [main] INFO ai.timefold.solver.core.impl.localsearch.DefaultLocalSearchPhase -- Local Search phase (0) ended: time spent (251), best score ([0/0/0/0/0]hard/[-0.026401688195757193866834698592732620/-17283]soft), move evaluation speed (202282/sec), step total (508).
19:50:08.968 [main] INFO ai.timefold.solver.core.impl.solver.DefaultSolver -- Solving ended: time spent (251), best score ([0/0/0/0/0]hard/[-0.026401688195757193866834698592732620/-17283]soft), move evaluation speed (202282/sec), phase total (1), environment mode (PHASE_ASSERT), move thread count (NONE).
19:50:08.992 [main] INFO ai.timefold.solver.core.impl.solver.DefaultSolver -- Solving started: time spent (1), best score ([0/0/0/0/0]hard/[0/-17241]soft), environment mode (PHASE_ASSERT), move thread count (NONE), random (seed 29).
19:50:08.992 [main] INFO ai.timefold.solver.core.impl.solver.DefaultSolver -- Problem scale: genuine entity count (3), genuine variable count (3), approximate value count (6), approximate problem scale (60,480).
19:50:09.241 [main] INFO ai.timefold.solver.core.impl.localsearch.DefaultLocalSearchPhase -- Local Search phase (0) ended: time spent (250), best score ([0/0/0/0/0]hard/[0/-16541]soft), move evaluation speed (394582/sec), step total (983).
19:50:09.241 [main] INFO ai.timefold.solver.core.impl.solver.DefaultSolver -- Solving ended: time spent (250), best score ([0/0/0/0/0]hard/[0/-16541]soft), move evaluation speed (393004/sec), phase total (1), environment mode (PHASE_ASSERT), move thread count (NONE).
19:50:09.263 [main] INFO ai.timefold.solver.core.impl.solver.DefaultSolver -- Solving started: time spent (0), best score ([0/0/-4/0/0]hard/[0/-3000]soft), environment mode (PHASE_ASSERT), move thread count (NONE), random (seed 29).
19:50:09.263 [main] INFO ai.timefold.solver.core.impl.solver.DefaultSolver -- Problem scale: genuine entity count (3), genuine variable count (3), approximate value count (6), approximate problem scale (60,480).
19:50:09.264 [main] INFO ai.timefold.solver.core.impl.constructionheuristic.DefaultConstructionHeuristicPhase -- Construction Heuristic phase (0) ended: time spent (1), best score ([0/0/0/0/0]hard/[0/-9000]soft), move evaluation speed (26000/sec), step total (4).
19:50:09.514 [main] INFO ai.timefold.solver.core.impl.localsearch.DefaultLocalSearchPhase -- Local Search phase (1) ended: time spent (251), best score ([0/0/0/0/0]hard/[0/-9000]soft), move evaluation speed (364228/sec), step total (911).
19:50:09.514 [main] INFO ai.timefold.solver.core.impl.solver.DefaultSolver -- Solving ended: time spent (251), best score ([0/0/0/0/0]hard/[0/-9000]soft), move evaluation speed (362880/sec), phase total (2), environment mode (PHASE_ASSERT), move thread count (NONE).
19:50:09.517 [main] INFO ai.timefold.solver.core.impl.solver.DefaultSolver -- Solving started: time spent (1), best score ([0/-21120/0/0/0]hard/[0/-17891]soft), environment mode (PHASE_ASSERT), move thread count (NONE), random (seed 29).
19:50:09.517 [main] INFO ai.timefold.solver.core.impl.solver.DefaultSolver -- Problem scale: genuine entity count (3), genuine variable count (3), approximate value count (6), approximate problem scale (60,480).
19:50:09.766 [main] INFO ai.timefold.solver.core.impl.localsearch.DefaultLocalSearchPhase -- Local Search phase (0) ended: time spent (250), best score ([0/0/0/0/0]hard/[0/-16591]soft), move evaluation speed (350381/sec), step total (873).
19:50:09.766 [main] INFO ai.timefold.solver.core.impl.solver.DefaultSolver -- Solving ended: time spent (250), best score ([0/0/0/0/0]hard/[0/-16591]soft), move evaluation speed (348980/sec), phase total (1), environment mode (PHASE_ASSERT), move thread count (NONE).
19:50:09.770 [main] INFO ai.timefold.solver.core.impl.solver.DefaultSolver -- Solving started: time spent (0), best score ([0/0/0/0/0]hard/[-0.1131468572778827977315689981096409/-17241]soft), environment mode (PHASE_ASSERT), move thread count (NONE), random (seed 29).
19:50:09.770 [main] INFO ai.timefold.solver.core.impl.solver.DefaultSolver -- Problem scale: genuine entity count (3), genuine variable count (3), approximate value count (6), approximate problem scale (60,480).
19:50:10.021 [main] INFO ai.timefold.solver.core.impl.localsearch.DefaultLocalSearchPhase -- Local Search phase (0) ended: time spent (251), best score ([0/0/0/0/0]hard/[-0.026401688195757193866834698592732620/-17283]soft), move evaluation speed (213880/sec), step total (537).
19:50:10.022 [main] INFO ai.timefold.solver.core.impl.solver.DefaultSolver -- Solving ended: time spent (252), best score ([0/0/0/0/0]hard/[-0.026401688195757193866834698592732620/-17283]soft), move evaluation speed (213031/sec), phase total (1), environment mode (PHASE_ASSERT), move thread count (NONE).
19:50:10.043 [main] INFO ai.timefold.solver.core.impl.solver.DefaultSolver -- Solving started: time spent (1), best score ([0/0/0/0/0]hard/[0/-17241]soft), environment mode (PHASE_ASSERT), move thread count (NONE), random (seed 29).
19:50:10.043 [main] INFO ai.timefold.solver.core.impl.solver.DefaultSolver -- Problem scale: genuine entity count (3), genuine variable count (3), approximate value count (6), approximate problem scale (60,480).
19:50:10.293 [main] INFO ai.timefold.solver.core.impl.localsearch.DefaultLocalSearchPhase -- Local Search phase (0) ended: time spent (251), best score ([0/0/0/0/0]hard/[0/-16541]soft), move evaluation speed (372336/sec), step total (542).
19:50:10.293 [main] INFO ai.timefold.solver.core.impl.solver.DefaultSolver -- Solving ended: time spent (251), best score ([0/0/0/0/0]hard/[0/-16541]soft), move evaluation speed (370852/sec), phase total (1), environment mode (PHASE_ASSERT), move thread count (NONE).
19:50:10.314 [main] INFO ai.timefold.solver.core.impl.solver.DefaultSolver -- Solving started: time spent (0), best score ([0/0/-4/0/0]hard/[0/-3000]soft), environment mode (PHASE_ASSERT), move thread count (NONE), random (seed 29).
19:50:10.315 [main] INFO ai.timefold.solver.core.impl.solver.DefaultSolver -- Problem scale: genuine entity count (3), genuine variable count (3), approximate value count (6), approximate problem scale (60,480).
19:50:10.315 [main] INFO ai.timefold.solver.core.impl.constructionheuristic.DefaultConstructionHeuristicPhase -- Construction Heuristic phase (0) ended: time spent (1), best score ([0/0/0/0/0]hard/[0/-9000]soft), move evaluation speed (26000/sec), step total (4).
19:50:10.564 [main] INFO ai.timefold.solver.core.impl.localsearch.DefaultLocalSearchPhase -- Local Search phase (1) ended: time spent (250), best score ([0/0/0/0/0]hard/[0/-9000]soft), move evaluation speed (286879/sec), step total (62139).
19:50:10.564 [main] INFO ai.timefold.solver.core.impl.solver.DefaultSolver -- Solving ended: time spent (250), best score ([0/0/0/0/0]hard/[0/-9000]soft), move evaluation speed (285836/sec), phase total (2), environment mode (PHASE_ASSERT), move thread count (NONE).
19:50:10.566 [main] INFO ai.timefold.solver.core.impl.solver.DefaultSolver -- Solving started: time spent (0), best score ([0/-21120/0/0/0]hard/[0/-17891]soft), environment mode (PHASE_ASSERT), move thread count (NONE), random (seed 29).
19:50:10.566 [main] INFO ai.timefold.solver.core.impl.solver.DefaultSolver -- Problem scale: genuine entity count (3), genuine variable count (3), approximate value count (6), approximate problem scale (60,480).
19:50:10.816 [main] INFO ai.timefold.solver.core.impl.localsearch.DefaultLocalSearchPhase -- Local Search phase (0) ended: time spent (250), best score ([0/0/0/0/0]hard/[0/-16591]soft), move evaluation speed (337964/sec), step total (737).
19:50:10.817 [main] INFO ai.timefold.solver.core.impl.solver.DefaultSolver -- Solving ended: time spent (251), best score ([0/0/0/0/0]hard/[0/-16591]soft), move evaluation speed (336617/sec), phase total (1), environment mode (PHASE_ASSERT), move thread count (NONE).
19:50:10.820 [main] INFO ai.timefold.solver.core.impl.solver.DefaultSolver -- Solving started: time spent (1), best score ([0/0/0/0/0]hard/[-0.1131468572778827977315689981096409/-17241]soft), environment mode (PHASE_ASSERT), move thread count (NONE), random (seed 29).
19:50:10.820 [main] INFO ai.timefold.solver.core.impl.solver.DefaultSolver -- Problem scale: genuine entity count (3), genuine variable count (3), approximate value count (6), approximate problem scale (60,480).
19:50:11.069 [main] INFO ai.timefold.solver.core.impl.localsearch.DefaultLocalSearchPhase -- Local Search phase (0) ended: time spent (250), best score ([0/0/0/0/0]hard/[-0.032178048204158790170132325141776930/-17183]soft), move evaluation speed (195313/sec), step total (841).
19:50:11.069 [main] INFO ai.timefold.solver.core.impl.solver.DefaultSolver -- Solving ended: time spent (250), best score ([0/0/0/0/0]hard/[-0.032178048204158790170132325141776930/-17183]soft), move evaluation speed (194532/sec), phase total (1), environment mode (PHASE_ASSERT), move thread count (NONE).
19:50:11.090 [main] INFO ai.timefold.solver.core.impl.solver.DefaultSolver -- Solving started: time spent (1), best score ([0/0/0/0/0]hard/[0/-17241]soft), environment mode (PHASE_ASSERT), move thread count (NONE), random (seed 29).
19:50:11.090 [main] INFO ai.timefold.solver.core.impl.solver.DefaultSolver -- Problem scale: genuine entity count (3), genuine variable count (3), approximate value count (6), approximate problem scale (60,480).
19:50:11.339 [main] INFO ai.timefold.solver.core.impl.localsearch.DefaultLocalSearchPhase -- Local Search phase (0) ended: time spent (250), best score ([0/0/0/0/0]hard/[0/-16541]soft), move evaluation speed (380839/sec), step total (490).
19:50:11.339 [main] INFO ai.timefold.solver.core.impl.solver.DefaultSolver -- Solving ended: time spent (250), best score ([0/0/0/0/0]hard/[0/-16541]soft), move evaluation speed (379316/sec), phase total (1), environment mode (PHASE_ASSERT), move thread count (NONE).
19:50:11.360 [main] INFO ai.timefold.solver.core.impl.solver.DefaultSolver -- Solving started: time spent (2), best score ([0/0/-4/0/0]hard/[0/-3000]soft), environment mode (PHASE_ASSERT), move thread count (NONE), random (seed 29).
19:50:11.360 [main] INFO ai.timefold.solver.core.impl.solver.DefaultSolver -- Problem scale: genuine entity count (3), genuine variable count (3), approximate value count (6), approximate problem scale (60,480).
19:50:11.361 [main] INFO ai.timefold.solver.core.impl.constructionheuristic.DefaultConstructionHeuristicPhase -- Construction Heuristic phase (0) ended: time spent (3), best score ([0/0/0/0/0]hard/[0/-9000]soft), move evaluation speed (26000/sec), step total (4).
19:50:11.608 [main] INFO ai.timefold.solver.core.impl.localsearch.DefaultLocalSearchPhase -- Local Search phase (1) ended: time spent (250), best score ([0/0/0/0/0]hard/[0/-9000]soft), move evaluation speed (244101/sec), step total (56467).
19:50:11.608 [main] INFO ai.timefold.solver.core.impl.solver.DefaultSolver -- Solving ended: time spent (250), best score ([0/0/0/0/0]hard/[0/-9000]soft), move evaluation speed (241276/sec), phase total (2), environment mode (PHASE_ASSERT), move thread count (NONE).
19:50:11.612 [main] INFO ai.timefold.solver.core.impl.solver.DefaultSolver -- Solving started: time spent (1), best score ([0/-21120/0/0/0]hard/[0/-17891]soft), environment mode (PHASE_ASSERT), move thread count (NONE), random (seed 29).
19:50:11.612 [main] INFO ai.timefold.solver.core.impl.solver.DefaultSolver -- Problem scale: genuine entity count (3), genuine variable count (3), approximate value count (6), approximate problem scale (60,480).
19:50:11.861 [main] INFO ai.timefold.solver.core.impl.localsearch.DefaultLocalSearchPhase -- Local Search phase (0) ended: time spent (250), best score ([0/0/0/0/0]hard/[0/-16591]soft), move evaluation speed (293477/sec), step total (1063).
19:50:11.862 [main] INFO ai.timefold.solver.core.impl.solver.DefaultSolver -- Solving ended: time spent (251), best score ([0/0/0/0/0]hard/[0/-16591]soft), move evaluation speed (291139/sec), phase total (1), environment mode (PHASE_ASSERT), move thread count (NONE).
19:50:11.865 [main] INFO ai.timefold.solver.core.impl.solver.DefaultSolver -- Solving started: time spent (0), best score ([0/0/0/0/0]hard/[-0.1131468572778827977315689981096409/-17241]soft), environment mode (PHASE_ASSERT), move thread count (NONE), random (seed 29).
19:50:11.865 [main] INFO ai.timefold.solver.core.impl.solver.DefaultSolver -- Problem scale: genuine entity count (3), genuine variable count (3), approximate value count (6), approximate problem scale (60,480).
19:50:12.115 [main] INFO ai.timefold.solver.core.impl.localsearch.DefaultLocalSearchPhase -- Local Search phase (0) ended: time spent (250), best score ([0/0/0/0/0]hard/[-0.032178048204158790170132325141776930/-17183]soft), move evaluation speed (177572/sec), step total (1390).
19:50:12.116 [main] INFO ai.timefold.solver.core.impl.solver.DefaultSolver -- Solving ended: time spent (251), best score ([0/0/0/0/0]hard/[-0.032178048204158790170132325141776930/-17183]soft), move evaluation speed (176864/sec), phase total (1), environment mode (PHASE_ASSERT), move thread count (NONE).
19:50:12.137 [main] INFO ai.timefold.solver.core.impl.solver.DefaultSolver -- Solving started: time spent (0), best score ([0/0/0/0/0]hard/[0/-17241]soft), environment mode (PHASE_ASSERT), move thread count (NONE), random (seed 29).
19:50:12.138 [main] INFO ai.timefold.solver.core.impl.solver.DefaultSolver -- Problem scale: genuine entity count (3), genuine variable count (3), approximate value count (6), approximate problem scale (60,480).
19:50:12.387 [main] INFO ai.timefold.solver.core.impl.localsearch.DefaultLocalSearchPhase -- Local Search phase (0) ended: time spent (250), best score ([0/0/0/0/0]hard/[0/-16541]soft), move evaluation speed (369506/sec), step total (11).
19:50:12.388 [main] INFO ai.timefold.solver.core.impl.solver.DefaultSolver -- Solving ended: time spent (251), best score ([0/0/0/0/0]hard/[0/-16541]soft), move evaluation speed (366561/sec), phase total (1), environment mode (PHASE_ASSERT), move thread count (NONE).
19:50:12.411 [main] INFO ai.timefold.solver.core.impl.solver.DefaultSolver -- Solving started: time spent (0), best score ([0/0/-4/0/0]hard/[0/-3000]soft), environment mode (PHASE_ASSERT), move thread count (NONE), random (seed 29).
19:50:12.411 [main] INFO ai.timefold.solver.core.impl.solver.DefaultSolver -- Problem scale: genuine entity count (3), genuine variable count (3), approximate value count (6), approximate problem scale (60,480).
19:50:12.413 [main] INFO ai.timefold.solver.core.impl.constructionheuristic.DefaultConstructionHeuristicPhase -- Construction Heuristic phase (0) ended: time spent (2), best score ([0/0/0/0/0]hard/[0/-9000]soft), move evaluation speed (13000/sec), step total (4).
19:50:12.661 [main] INFO ai.timefold.solver.core.impl.localsearch.DefaultLocalSearchPhase -- Local Search phase (1) ended: time spent (250), best score ([0/0/0/0/0]hard/[0/-9000]soft), move evaluation speed (337951/sec), step total (10).
19:50:12.661 [main] INFO ai.timefold.solver.core.impl.solver.DefaultSolver -- Solving ended: time spent (250), best score ([0/0/0/0/0]hard/[0/-9000]soft), move evaluation speed (335352/sec), phase total (2), environment mode (PHASE_ASSERT), move thread count (NONE).
19:50:12.664 [main] INFO ai.timefold.solver.core.impl.solver.DefaultSolver -- Solving started: time spent (0), best score ([0/-21120/0/0/0]hard/[0/-17891]soft), environment mode (PHASE_ASSERT), move thread count (NONE), random (seed 29).
19:50:12.664 [main] INFO ai.timefold.solver.core.impl.solver.DefaultSolver -- Problem scale: genuine entity count (3), genuine variable count (3), approximate value count (6), approximate problem scale (60,480).
19:50:12.915 [main] INFO ai.timefold.solver.core.impl.localsearch.DefaultLocalSearchPhase -- Local Search phase (0) ended: time spent (250), best score ([0/0/0/0/0]hard/[0/-17683]soft), move evaluation speed (256156/sec), step total (9).
19:50:12.915 [main] INFO ai.timefold.solver.core.impl.solver.DefaultSolver -- Solving ended: time spent (251), best score ([0/0/0/0/0]hard/[0/-17683]soft), move evaluation speed (255135/sec), phase total (1), environment mode (PHASE_ASSERT), move thread count (NONE).
19:50:12.917 [main] INFO ai.timefold.solver.core.impl.solver.DefaultSolver -- Solving started: time spent (0), best score ([0/0/0/0/0]hard/[-0.1131468572778827977315689981096409/-17241]soft), environment mode (PHASE_ASSERT), move thread count (NONE), random (seed 29).
19:50:12.918 [main] INFO ai.timefold.solver.core.impl.solver.DefaultSolver -- Problem scale: genuine entity count (3), genuine variable count (3), approximate value count (6), approximate problem scale (60,480).
19:50:13.167 [main] INFO ai.timefold.solver.core.impl.localsearch.DefaultLocalSearchPhase -- Local Search phase (0) ended: time spent (250), best score ([0/0/0/0/0]hard/[-0.036644321796141266840699732949260360/-17033]soft), move evaluation speed (206397/sec), step total (7).
19:50:13.168 [main] INFO ai.timefold.solver.core.impl.solver.DefaultSolver -- Solving ended: time spent (251), best score ([0/0/0/0/0]hard/[-0.036644321796141266840699732949260360/-17033]soft), move evaluation speed (204752/sec), phase total (1), environment mode (PHASE_ASSERT), move thread count (NONE).
19:50:13.190 [main] INFO ai.timefold.solver.core.impl.solver.DefaultSolver -- Solving started: time spent (0), best score ([0/0/0/0/0]hard/[0/-17241]soft), environment mode (PHASE_ASSERT), move thread count (NONE), random (seed 29).
19:50:13.190 [main] INFO ai.timefold.solver.core.impl.solver.DefaultSolver -- Problem scale: genuine entity count (3), genuine variable count (3), approximate value count (6), approximate problem scale (60,480).
19:50:13.441 [main] INFO ai.timefold.solver.core.impl.localsearch.DefaultLocalSearchPhase -- Local Search phase (0) ended: time spent (251), best score ([0/0/0/0/0]hard/[0/-16541]soft), move evaluation speed (322713/sec), step total (436).
19:50:13.441 [main] INFO ai.timefold.solver.core.impl.solver.DefaultSolver -- Solving ended: time spent (251), best score ([0/0/0/0/0]hard/[0/-16541]soft), move evaluation speed (322713/sec), phase total (1), environment mode (PHASE_ASSERT), move thread count (NONE).
19:50:13.464 [main] INFO ai.timefold.solver.core.impl.solver.DefaultSolver -- Solving started: time spent (0), best score ([0/0/-4/0/0]hard/[0/-3000]soft), environment mode (PHASE_ASSERT), move thread count (NONE), random (seed 29).
19:50:13.464 [main] INFO ai.timefold.solver.core.impl.solver.DefaultSolver -- Problem scale: genuine entity count (3), genuine variable count (3), approximate value count (6), approximate problem scale (60,480).
19:50:13.465 [main] INFO ai.timefold.solver.core.impl.constructionheuristic.DefaultConstructionHeuristicPhase -- Construction Heuristic phase (0) ended: time spent (1), best score ([0/0/0/0/0]hard/[0/-9000]soft), move evaluation speed (26000/sec), step total (4).
19:50:13.714 [main] INFO ai.timefold.solver.core.impl.localsearch.DefaultLocalSearchPhase -- Local Search phase (1) ended: time spent (250), best score ([0/0/0/0/0]hard/[0/-9000]soft), move evaluation speed (201862/sec), step total (46706).
19:50:13.715 [main] INFO ai.timefold.solver.core.impl.solver.DefaultSolver -- Solving ended: time spent (251), best score ([0/0/0/0/0]hard/[0/-9000]soft), move evaluation speed (199553/sec), phase total (2), environment mode (PHASE_ASSERT), move thread count (NONE).
19:50:13.718 [main] INFO ai.timefold.solver.core.impl.solver.DefaultSolver -- Solving started: time spent (0), best score ([0/-21120/0/0/0]hard/[0/-17891]soft), environment mode (PHASE_ASSERT), move thread count (NONE), random (seed 29).
19:50:13.718 [main] INFO ai.timefold.solver.core.impl.solver.DefaultSolver -- Problem scale: genuine entity count (3), genuine variable count (3), approximate value count (6), approximate problem scale (60,480).
19:50:13.969 [main] INFO ai.timefold.solver.core.impl.localsearch.DefaultLocalSearchPhase -- Local Search phase (0) ended: time spent (251), best score ([0/0/0/0/0]hard/[0/-16591]soft), move evaluation speed (322912/sec), step total (841).
19:50:13.969 [main] INFO ai.timefold.solver.core.impl.solver.DefaultSolver -- Solving ended: time spent (251), best score ([0/0/0/0/0]hard/[0/-16591]soft), move evaluation speed (322912/sec), phase total (1), environment mode (PHASE_ASSERT), move thread count (NONE).
19:50:13.972 [main] INFO ai.timefold.solver.core.impl.solver.DefaultSolver -- Solving started: time spent (0), best score ([0/0/0/0/0]hard/[-0.1131468572778827977315689981096409/-17241]soft), environment mode (PHASE_ASSERT), move thread count (NONE), random (seed 29).
19:50:13.972 [main] INFO ai.timefold.solver.core.impl.solver.DefaultSolver -- Problem scale: genuine entity count (3), genuine variable count (3), approximate value count (6), approximate problem scale (60,480).
19:50:14.225 [main] INFO ai.timefold.solver.core.impl.localsearch.DefaultLocalSearchPhase -- Local Search phase (0) ended: time spent (253), best score ([0/0/0/0/0]hard/[-0.02640168819575719386683469859273262000/-17283]soft), move evaluation speed (182375/sec), step total (1796).
19:50:14.225 [main] INFO ai.timefold.solver.core.impl.solver.DefaultSolver -- Solving ended: time spent (253), best score ([0/0/0/0/0]hard/[-0.02640168819575719386683469859273262000/-17283]soft), move evaluation speed (182375/sec), phase total (1), environment mode (PHASE_ASSERT), move thread count (NONE).
19:50:14.250 [main] INFO ai.timefold.solver.core.impl.solver.DefaultSolver -- Solving started: time spent (1), best score ([0/0/0/0/0]hard/[0/-17241]soft), environment mode (PHASE_ASSERT), move thread count (NONE), random (seed 29).
19:50:14.250 [main] INFO ai.timefold.solver.core.impl.solver.DefaultSolver -- Problem scale: genuine entity count (3), genuine variable count (3), approximate value count (6), approximate problem scale (60,480).
19:50:14.499 [main] INFO ai.timefold.solver.core.impl.localsearch.DefaultLocalSearchPhase -- Local Search phase (0) ended: time spent (250), best score ([0/0/0/0/0]hard/[0/-16541]soft), move evaluation speed (277562/sec), step total (703).
19:50:14.500 [main] INFO ai.timefold.solver.core.impl.solver.DefaultSolver -- Solving ended: time spent (251), best score ([0/0/0/0/0]hard/[0/-16541]soft), move evaluation speed (275350/sec), phase total (1), environment mode (PHASE_ASSERT), move thread count (NONE).
19:50:14.523 [main] INFO ai.timefold.solver.core.impl.solver.DefaultSolver -- Solving started: time spent (1), best score ([0/0/-4/0/0]hard/[0/-3000]soft), environment mode (PHASE_ASSERT), move thread count (NONE), random (seed 29).
19:50:14.523 [main] INFO ai.timefold.solver.core.impl.solver.DefaultSolver -- Problem scale: genuine entity count (3), genuine variable count (3), approximate value count (6), approximate problem scale (60,480).
19:50:14.524 [main] INFO ai.timefold.solver.core.impl.constructionheuristic.DefaultConstructionHeuristicPhase -- Construction Heuristic phase (0) ended: time spent (2), best score ([0/0/0/0/0]hard/[0/-9000]soft), move evaluation speed (26000/sec), step total (4).
19:50:14.773 [main] INFO ai.timefold.solver.core.impl.localsearch.DefaultLocalSearchPhase -- Local Search phase (1) ended: time spent (251), best score ([0/0/0/0/0]hard/[0/-9000]soft), move evaluation speed (167220/sec), step total (39030).
19:50:14.773 [main] INFO ai.timefold.solver.core.impl.solver.DefaultSolver -- Solving ended: time spent (251), best score ([0/0/0/0/0]hard/[0/-9000]soft), move evaluation speed (165992/sec), phase total (2), environment mode (PHASE_ASSERT), move thread count (NONE).
19:50:14.778 [main] INFO ai.timefold.solver.core.impl.solver.DefaultSolver -- Solving started: time spent (1), best score ([0/-21120/0/0/0]hard/[0/-17891]soft), environment mode (PHASE_ASSERT), move thread count (NONE), random (seed 29).
19:50:14.778 [main] INFO ai.timefold.solver.core.impl.solver.DefaultSolver -- Problem scale: genuine entity count (3), genuine variable count (3), approximate value count (6), approximate problem scale (60,480).
19:50:15.028 [main] INFO ai.timefold.solver.core.impl.localsearch.DefaultLocalSearchPhase -- Local Search phase (0) ended: time spent (251), best score ([0/0/0/0/0]hard/[0/-16591]soft), move evaluation speed (278524/sec), step total (1795).
19:50:15.028 [main] INFO ai.timefold.solver.core.impl.solver.DefaultSolver -- Solving ended: time spent (251), best score ([0/0/0/0/0]hard/[0/-16591]soft), move evaluation speed (277414/sec), phase total (1), environment mode (PHASE_ASSERT), move thread count (NONE).
19:50:15.031 [main] INFO ai.timefold.solver.core.impl.solver.DefaultSolver -- Solving started: time spent (0), best score ([0/0/0/0/0]hard/[-0.1131468572778827977315689981096409/-17241]soft), environment mode (PHASE_ASSERT), move thread count (NONE), random (seed 29).
19:50:15.031 [main] INFO ai.timefold.solver.core.impl.solver.DefaultSolver -- Problem scale: genuine entity count (3), genuine variable count (3), approximate value count (6), approximate problem scale (60,480).
19:50:15.281 [main] INFO ai.timefold.solver.core.impl.localsearch.DefaultLocalSearchPhase -- Local Search phase (0) ended: time spent (250), best score ([0/0/0/0/0]hard/[-0.026401688195757193866834698592732620/-17283]soft), move evaluation speed (155012/sec), step total (1348).
19:50:15.282 [main] INFO ai.timefold.solver.core.impl.solver.DefaultSolver -- Solving ended: time spent (251), best score ([0/0/0/0/0]hard/[-0.026401688195757193866834698592732620/-17283]soft), move evaluation speed (154394/sec), phase total (1), environment mode (PHASE_ASSERT), move thread count (NONE).
19:50:15.303 [main] INFO ai.timefold.solver.core.impl.solver.DefaultSolver -- Solving started: time spent (0), best score ([0/0/0/0/0]hard/[0/-17241]soft), environment mode (PHASE_ASSERT), move thread count (NONE), random (seed 29).
19:50:15.303 [main] INFO ai.timefold.solver.core.impl.solver.DefaultSolver -- Problem scale: genuine entity count (3), genuine variable count (3), approximate value count (6), approximate problem scale (60,480).
19:50:15.554 [main] INFO ai.timefold.solver.core.impl.localsearch.DefaultLocalSearchPhase -- Local Search phase (0) ended: time spent (251), best score ([0/0/0/0/0]hard/[0/-16541]soft), move evaluation speed (175501/sec), step total (1509).
19:50:15.554 [main] INFO ai.timefold.solver.core.impl.solver.DefaultSolver -- Solving ended: time spent (251), best score ([0/0/0/0/0]hard/[0/-16541]soft), move evaluation speed (175501/sec), phase total (1), environment mode (PHASE_ASSERT), move thread count (NONE).
19:50:15.577 [main] INFO ai.timefold.solver.core.impl.solver.DefaultSolver -- Solving started: time spent (1), best score ([0/-21120/0/0/0]hard/[0/-17891]soft), environment mode (PHASE_ASSERT), move thread count (NONE), random (seed 29).
19:50:15.577 [main] INFO ai.timefold.solver.core.impl.solver.DefaultSolver -- Problem scale: genuine entity count (3), genuine variable count (3), approximate value count (6), approximate problem scale (60,480).
19:50:15.826 [main] INFO ai.timefold.solver.core.impl.localsearch.DefaultLocalSearchPhase -- Local Search phase (0) ended: time spent (250), best score ([0/0/0/0/0]hard/[0/-16591]soft), move evaluation speed (151128/sec), step total (1959).
19:50:15.826 [main] INFO ai.timefold.solver.core.impl.solver.DefaultSolver -- Solving ended: time spent (250), best score ([0/0/0/0/0]hard/[0/-16591]soft), move evaluation speed (150524/sec), phase total (1), environment mode (PHASE_ASSERT), move thread count (NONE).
19:50:15.831 [main] INFO ai.timefold.solver.core.impl.solver.DefaultSolver -- Solving started: time spent (2), best score ([0/0/0/0/0]hard/[-0.1131468572778827977315689981096409/-17241]soft), environment mode (PHASE_ASSERT), move thread count (NONE), random (seed 29).
19:50:15.831 [main] INFO ai.timefold.solver.core.impl.solver.DefaultSolver -- Problem scale: genuine entity count (3), genuine variable count (3), approximate value count (6), approximate problem scale (60,480).
19:50:16.079 [main] INFO ai.timefold.solver.core.impl.localsearch.DefaultLocalSearchPhase -- Local Search phase (0) ended: time spent (250), best score ([0/0/0/0/0]hard/[-0.0264016881957571938668346985927326200/-17283]soft), move evaluation speed (114495/sec), step total (1265).
19:50:16.080 [main] INFO ai.timefold.solver.core.impl.solver.DefaultSolver -- Solving ended: time spent (251), best score ([0/0/0/0/0]hard/[-0.0264016881957571938668346985927326200/-17283]soft), move evaluation speed (113127/sec), phase total (1), environment mode (PHASE_ASSERT), move thread count (NONE).
19:50:16.102 [main] INFO ai.timefold.solver.core.impl.solver.DefaultSolver -- Solving started: time spent (0), best score ([0/0/0/0/0]hard/[0/-17241]soft), environment mode (PHASE_ASSERT), move thread count (NONE), random (seed 41).
19:50:16.102 [main] INFO ai.timefold.solver.core.impl.solver.DefaultSolver -- Problem scale: genuine entity count (3), genuine variable count (3), approximate value count (6), approximate problem scale (60,480).
19:50:16.353 [main] INFO ai.timefold.solver.core.impl.localsearch.DefaultLocalSearchPhase -- Local Search phase (0) ended: time spent (251), best score ([0/0/0/0/0]hard/[0/-16541]soft), move evaluation speed (288083/sec), step total (724).
19:50:16.353 [main] INFO ai.timefold.solver.core.impl.solver.DefaultSolver -- Solving ended: time spent (251), best score ([0/0/0/0/0]hard/[0/-16541]soft), move evaluation speed (288083/sec), phase total (1), environment mode (PHASE_ASSERT), move thread count (NONE).
19:50:16.374 [main] INFO ai.timefold.solver.core.impl.solver.DefaultSolver -- Solving started: time spent (1), best score ([0/0/-4/0/0]hard/[0/-3000]soft), environment mode (PHASE_ASSERT), move thread count (NONE), random (seed 41).
19:50:16.374 [main] INFO ai.timefold.solver.core.impl.solver.DefaultSolver -- Problem scale: genuine entity count (3), genuine variable count (3), approximate value count (6), approximate problem scale (60,480).
19:50:16.374 [main] INFO ai.timefold.solver.core.impl.constructionheuristic.DefaultConstructionHeuristicPhase -- Construction Heuristic phase (0) ended: time spent (1), best score ([0/0/0/0/0]hard/[0/-9000]soft), move evaluation speed (26000/sec), step total (4).
19:50:16.623 [main] INFO ai.timefold.solver.core.impl.localsearch.DefaultLocalSearchPhase -- Local Search phase (1) ended: time spent (250), best score ([0/0/0/0/0]hard/[0/-9000]soft), move evaluation speed (333419/sec), step total (827).
19:50:16.624 [main] INFO ai.timefold.solver.core.impl.solver.DefaultSolver -- Solving ended: time spent (251), best score ([0/0/0/0/0]hard/[0/-9000]soft), move evaluation speed (329537/sec), phase total (2), environment mode (PHASE_ASSERT), move thread count (NONE).
19:50:16.626 [main] INFO ai.timefold.solver.core.impl.solver.DefaultSolver -- Solving started: time spent (0), best score ([0/-21120/0/0/0]hard/[0/-17891]soft), environment mode (PHASE_ASSERT), move thread count (NONE), random (seed 41).
19:50:16.626 [main] INFO ai.timefold.solver.core.impl.solver.DefaultSolver -- Problem scale: genuine entity count (3), genuine variable count (3), approximate value count (6), approximate problem scale (60,480).
19:50:16.876 [main] INFO ai.timefold.solver.core.impl.localsearch.DefaultLocalSearchPhase -- Local Search phase (0) ended: time spent (250), best score ([0/0/0/0/0]hard/[0/-17083]soft), move evaluation speed (217076/sec), step total (543).
19:50:16.877 [main] INFO ai.timefold.solver.core.impl.solver.DefaultSolver -- Solving ended: time spent (250), best score ([0/0/0/0/0]hard/[0/-17083]soft), move evaluation speed (217076/sec), phase total (1), environment mode (PHASE_ASSERT), move thread count (NONE).
19:50:16.880 [main] INFO ai.timefold.solver.core.impl.solver.DefaultSolver -- Solving started: time spent (2), best score ([0/0/0/0/0]hard/[-0.1131468572778827977315689981096409/-17241]soft), environment mode (PHASE_ASSERT), move thread count (NONE), random (seed 41).
19:50:16.880 [main] INFO ai.timefold.solver.core.impl.solver.DefaultSolver -- Problem scale: genuine entity count (3), genuine variable count (3), approximate value count (6), approximate problem scale (60,480).
19:50:17.128 [main] INFO ai.timefold.solver.core.impl.localsearch.DefaultLocalSearchPhase -- Local Search phase (0) ended: time spent (250), best score ([0/0/0/0/0]hard/[-0.03664432179614126684069973294926036/-17033]soft), move evaluation speed (137709/sec), step total (342).
19:50:17.128 [main] INFO ai.timefold.solver.core.impl.solver.DefaultSolver -- Solving ended: time spent (250), best score ([0/0/0/0/0]hard/[-0.03664432179614126684069973294926036/-17033]soft), move evaluation speed (136608/sec), phase total (1), environment mode (PHASE_ASSERT), move thread count (NONE).
19:50:17.145 [main] INFO ai.timefold.solver.core.impl.solver.DefaultSolver -- Solving started: time spent (0), best score ([0/0/0/0/0]hard/[0/-17241]soft), environment mode (PHASE_ASSERT), move thread count (NONE), random (seed 41).
19:50:17.145 [main] INFO ai.timefold.solver.core.impl.solver.DefaultSolver -- Problem scale: genuine entity count (3), genuine variable count (3), approximate value count (6), approximate problem scale (60,480).
19:50:17.395 [main] INFO ai.timefold.solver.core.impl.localsearch.DefaultLocalSearchPhase -- Local Search phase (0) ended: time spent (250), best score ([0/0/0/0/0]hard/[0/-16541]soft), move evaluation speed (291828/sec), step total (730).
19:50:17.396 [main] INFO ai.timefold.solver.core.impl.solver.DefaultSolver -- Solving ended: time spent (251), best score ([0/0/0/0/0]hard/[0/-16541]soft), move evaluation speed (290665/sec), phase total (1), environment mode (PHASE_ASSERT), move thread count (NONE).
19:50:17.415 [main] INFO ai.timefold.solver.core.impl.solver.DefaultSolver -- Solving started: time spent (0), best score ([0/0/-4/0/0]hard/[0/-3000]soft), environment mode (PHASE_ASSERT), move thread count (NONE), random (seed 41).
19:50:17.416 [main] INFO ai.timefold.solver.core.impl.solver.DefaultSolver -- Problem scale: genuine entity count (3), genuine variable count (3), approximate value count (6), approximate problem scale (60,480).
19:50:17.417 [main] INFO ai.timefold.solver.core.impl.constructionheuristic.DefaultConstructionHeuristicPhase -- Construction Heuristic phase (0) ended: time spent (2), best score ([0/0/0/0/0]hard/[0/-9000]soft), move evaluation speed (26000/sec), step total (4).
19:50:17.665 [main] INFO ai.timefold.solver.core.impl.localsearch.DefaultLocalSearchPhase -- Local Search phase (1) ended: time spent (250), best score ([0/0/0/0/0]hard/[0/-9000]soft), move evaluation speed (368467/sec), step total (914).
19:50:17.665 [main] INFO ai.timefold.solver.core.impl.solver.DefaultSolver -- Solving ended: time spent (250), best score ([0/0/0/0/0]hard/[0/-9000]soft), move evaluation speed (365624/sec), phase total (2), environment mode (PHASE_ASSERT), move thread count (NONE).
19:50:17.668 [main] INFO ai.timefold.solver.core.impl.solver.DefaultSolver -- Solving started: time spent (1), best score ([0/-21120/0/0/0]hard/[0/-17891]soft), environment mode (PHASE_ASSERT), move thread count (NONE), random (seed 41).
19:50:17.668 [main] INFO ai.timefold.solver.core.impl.solver.DefaultSolver -- Problem scale: genuine entity count (3), genuine variable count (3), approximate value count (6), approximate problem scale (60,480).
19:50:17.917 [main] INFO ai.timefold.solver.core.impl.localsearch.DefaultLocalSearchPhase -- Local Search phase (0) ended: time spent (250), best score ([0/0/0/0/0]hard/[0/-17083]soft), move evaluation speed (291939/sec), step total (727).
19:50:17.917 [main] INFO ai.timefold.solver.core.impl.solver.DefaultSolver -- Solving ended: time spent (250), best score ([0/0/0/0/0]hard/[0/-17083]soft), move evaluation speed (290772/sec), phase total (1), environment mode (PHASE_ASSERT), move thread count (NONE).
19:50:17.920 [main] INFO ai.timefold.solver.core.impl.solver.DefaultSolver -- Solving started: time spent (0), best score ([0/0/0/0/0]hard/[-0.1131468572778827977315689981096409/-17241]soft), environment mode (PHASE_ASSERT), move thread count (NONE), random (seed 41).
19:50:17.920 [main] INFO ai.timefold.solver.core.impl.solver.DefaultSolver -- Problem scale: genuine entity count (3), genuine variable count (3), approximate value count (6), approximate problem scale (60,480).
19:50:18.170 [main] INFO ai.timefold.solver.core.impl.localsearch.DefaultLocalSearchPhase -- Local Search phase (0) ended: time spent (250), best score ([0/0/0/0/0]hard/[-0.03664432179614126684069973294926036/-17033]soft), move evaluation speed (189556/sec), step total (474).
19:50:18.171 [main] INFO ai.timefold.solver.core.impl.solver.DefaultSolver -- Solving ended: time spent (251), best score ([0/0/0/0/0]hard/[-0.03664432179614126684069973294926036/-17033]soft), move evaluation speed (188800/sec), phase total (1), environment mode (PHASE_ASSERT), move thread count (NONE).
19:50:18.187 [main] INFO ai.timefold.solver.core.impl.solver.DefaultSolver -- Solving started: time spent (0), best score ([0/0/0/0/0]hard/[0/-17241]soft), environment mode (PHASE_ASSERT), move thread count (NONE), random (seed 41).
19:50:18.187 [main] INFO ai.timefold.solver.core.impl.solver.DefaultSolver -- Problem scale: genuine entity count (3), genuine variable count (3), approximate value count (6), approximate problem scale (60,480).
19:50:18.437 [main] INFO ai.timefold.solver.core.impl.localsearch.DefaultLocalSearchPhase -- Local Search phase (0) ended: time spent (250), best score ([0/0/0/0/0]hard/[0/-16541]soft), move evaluation speed (378936/sec), step total (534).
19:50:18.437 [main] INFO ai.timefold.solver.core.impl.solver.DefaultSolver -- Solving ended: time spent (250), best score ([0/0/0/0/0]hard/[0/-16541]soft), move evaluation speed (378936/sec), phase total (1), environment mode (PHASE_ASSERT), move thread count (NONE).
19:50:18.456 [main] INFO ai.timefold.solver.core.impl.solver.DefaultSolver -- Solving started: time spent (0), best score ([0/0/-4/0/0]hard/[0/-3000]soft), environment mode (PHASE_ASSERT), move thread count (NONE), random (seed 41).
19:50:18.456 [main] INFO ai.timefold.solver.core.impl.solver.DefaultSolver -- Problem scale: genuine entity count (3), genuine variable count (3), approximate value count (6), approximate problem scale (60,480).
19:50:18.457 [main] INFO ai.timefold.solver.core.impl.constructionheuristic.DefaultConstructionHeuristicPhase -- Construction Heuristic phase (0) ended: time spent (1), best score ([0/0/0/0/0]hard/[0/-9000]soft), move evaluation speed (26000/sec), step total (4).
19:50:18.706 [main] INFO ai.timefold.solver.core.impl.localsearch.DefaultLocalSearchPhase -- Local Search phase (1) ended: time spent (250), best score ([0/0/0/0/0]hard/[0/-9000]soft), move evaluation speed (292116/sec), step total (63144).
19:50:18.706 [main] INFO ai.timefold.solver.core.impl.solver.DefaultSolver -- Solving ended: time spent (250), best score ([0/0/0/0/0]hard/[0/-9000]soft), move evaluation speed (291052/sec), phase total (2), environment mode (PHASE_ASSERT), move thread count (NONE).
19:50:18.708 [main] INFO ai.timefold.solver.core.impl.solver.DefaultSolver -- Solving started: time spent (0), best score ([0/-21120/0/0/0]hard/[0/-17891]soft), environment mode (PHASE_ASSERT), move thread count (NONE), random (seed 41).
19:50:18.708 [main] INFO ai.timefold.solver.core.impl.solver.DefaultSolver -- Problem scale: genuine entity count (3), genuine variable count (3), approximate value count (6), approximate problem scale (60,480).
19:50:18.958 [main] INFO ai.timefold.solver.core.impl.localsearch.DefaultLocalSearchPhase -- Local Search phase (0) ended: time spent (250), best score ([0/0/0/0/0]hard/[0/-16591]soft), move evaluation speed (323656/sec), step total (974).
19:50:18.958 [main] INFO ai.timefold.solver.core.impl.solver.DefaultSolver -- Solving ended: time spent (250), best score ([0/0/0/0/0]hard/[0/-16591]soft), move evaluation speed (323656/sec), phase total (1), environment mode (PHASE_ASSERT), move thread count (NONE).
19:50:18.960 [main] INFO ai.timefold.solver.core.impl.solver.DefaultSolver -- Solving started: time spent (0), best score ([0/0/0/0/0]hard/[-0.1131468572778827977315689981096409/-17241]soft), environment mode (PHASE_ASSERT), move thread count (NONE), random (seed 41).
19:50:18.960 [main] INFO ai.timefold.solver.core.impl.solver.DefaultSolver -- Problem scale: genuine entity count (3), genuine variable count (3), approximate value count (6), approximate problem scale (60,480).
19:50:19.210 [main] INFO ai.timefold.solver.core.impl.localsearch.DefaultLocalSearchPhase -- Local Search phase (0) ended: time spent (250), best score ([0/0/0/0/0]hard/[-0.032178048204158790170132325141776930/-17183]soft), move evaluation speed (198456/sec), step total (478).
19:50:19.211 [main] INFO ai.timefold.solver.core.impl.solver.DefaultSolver -- Solving ended: time spent (251), best score ([0/0/0/0/0]hard/[-0.032178048204158790170132325141776930/-17183]soft), move evaluation speed (197665/sec), phase total (1), environment mode (PHASE_ASSERT), move thread count (NONE).
19:50:19.229 [main] INFO ai.timefold.solver.core.impl.solver.DefaultSolver -- Solving started: time spent (0), best score ([0/0/0/0/0]hard/[0/-17241]soft), environment mode (PHASE_ASSERT), move thread count (NONE), random (seed 41).
19:50:19.229 [main] INFO ai.timefold.solver.core.impl.solver.DefaultSolver -- Problem scale: genuine entity count (3), genuine variable count (3), approximate value count (6), approximate problem scale (60,480).
19:50:19.479 [main] INFO ai.timefold.solver.core.impl.localsearch.DefaultLocalSearchPhase -- Local Search phase (0) ended: time spent (250), best score ([0/0/0/0/0]hard/[0/-16541]soft), move evaluation speed (392740/sec), step total (632).
19:50:19.479 [main] INFO ai.timefold.solver.core.impl.solver.DefaultSolver -- Solving ended: time spent (250), best score ([0/0/0/0/0]hard/[0/-16541]soft), move evaluation speed (392740/sec), phase total (1), environment mode (PHASE_ASSERT), move thread count (NONE).
19:50:19.499 [main] INFO ai.timefold.solver.core.impl.solver.DefaultSolver -- Solving started: time spent (0), best score ([0/0/-4/0/0]hard/[0/-3000]soft), environment mode (PHASE_ASSERT), move thread count (NONE), random (seed 41).
19:50:19.499 [main] INFO ai.timefold.solver.core.impl.solver.DefaultSolver -- Problem scale: genuine entity count (3), genuine variable count (3), approximate value count (6), approximate problem scale (60,480).
19:50:19.500 [main] INFO ai.timefold.solver.core.impl.constructionheuristic.DefaultConstructionHeuristicPhase -- Construction Heuristic phase (0) ended: time spent (1), best score ([0/0/0/0/0]hard/[0/-9000]soft), move evaluation speed (26000/sec), step total (4).
19:50:19.749 [main] INFO ai.timefold.solver.core.impl.localsearch.DefaultLocalSearchPhase -- Local Search phase (1) ended: time spent (250), best score ([0/0/0/0/0]hard/[0/-9000]soft), move evaluation speed (288092/sec), step total (67085).
19:50:19.749 [main] INFO ai.timefold.solver.core.impl.solver.DefaultSolver -- Solving ended: time spent (250), best score ([0/0/0/0/0]hard/[0/-9000]soft), move evaluation speed (287044/sec), phase total (2), environment mode (PHASE_ASSERT), move thread count (NONE).
19:50:19.752 [main] INFO ai.timefold.solver.core.impl.solver.DefaultSolver -- Solving started: time spent (1), best score ([0/-21120/0/0/0]hard/[0/-17891]soft), environment mode (PHASE_ASSERT), move thread count (NONE), random (seed 41).
19:50:19.752 [main] INFO ai.timefold.solver.core.impl.solver.DefaultSolver -- Problem scale: genuine entity count (3), genuine variable count (3), approximate value count (6), approximate problem scale (60,480).
19:50:20.001 [main] INFO ai.timefold.solver.core.impl.localsearch.DefaultLocalSearchPhase -- Local Search phase (0) ended: time spent (250), best score ([0/0/0/0/0]hard/[0/-16591]soft), move evaluation speed (297787/sec), step total (739).
19:50:20.001 [main] INFO ai.timefold.solver.core.impl.solver.DefaultSolver -- Solving ended: time spent (250), best score ([0/0/0/0/0]hard/[0/-16591]soft), move evaluation speed (296596/sec), phase total (1), environment mode (PHASE_ASSERT), move thread count (NONE).
19:50:20.004 [main] INFO ai.timefold.solver.core.impl.solver.DefaultSolver -- Solving started: time spent (1), best score ([0/0/0/0/0]hard/[-0.1131468572778827977315689981096409/-17241]soft), environment mode (PHASE_ASSERT), move thread count (NONE), random (seed 41).
19:50:20.004 [main] INFO ai.timefold.solver.core.impl.solver.DefaultSolver -- Problem scale: genuine entity count (3), genuine variable count (3), approximate value count (6), approximate problem scale (60,480).
19:50:20.253 [main] INFO ai.timefold.solver.core.impl.localsearch.DefaultLocalSearchPhase -- Local Search phase (0) ended: time spent (250), best score ([0/0/0/0/0]hard/[-0.032178048204158790170132325141776930/-17183]soft), move evaluation speed (195285/sec), step total (700).
19:50:20.253 [main] INFO ai.timefold.solver.core.impl.solver.DefaultSolver -- Solving ended: time spent (250), best score ([0/0/0/0/0]hard/[-0.032178048204158790170132325141776930/-17183]soft), move evaluation speed (194504/sec), phase total (1), environment mode (PHASE_ASSERT), move thread count (NONE).
19:50:20.268 [main] INFO ai.timefold.solver.core.impl.solver.DefaultSolver -- Solving started: time spent (0), best score ([0/0/0/0/0]hard/[0/-17241]soft), environment mode (PHASE_ASSERT), move thread count (NONE), random (seed 41).
19:50:20.268 [main] INFO ai.timefold.solver.core.impl.solver.DefaultSolver -- Problem scale: genuine entity count (3), genuine variable count (3), approximate value count (6), approximate problem scale (60,480).
19:50:20.518 [main] INFO ai.timefold.solver.core.impl.localsearch.DefaultLocalSearchPhase -- Local Search phase (0) ended: time spent (250), best score ([0/0/0/0/0]hard/[0/-16541]soft), move evaluation speed (389932/sec), step total (11).
19:50:20.518 [main] INFO ai.timefold.solver.core.impl.solver.DefaultSolver -- Solving ended: time spent (250), best score ([0/0/0/0/0]hard/[0/-16541]soft), move evaluation speed (389932/sec), phase total (1), environment mode (PHASE_ASSERT), move thread count (NONE).
19:50:20.532 [main] INFO ai.timefold.solver.core.impl.solver.DefaultSolver -- Solving started: time spent (0), best score ([0/0/-4/0/0]hard/[0/-3000]soft), environment mode (PHASE_ASSERT), move thread count (NONE), random (seed 41).
19:50:20.532 [main] INFO ai.timefold.solver.core.impl.solver.DefaultSolver -- Problem scale: genuine entity count (3), genuine variable count (3), approximate value count (6), approximate problem scale (60,480).
19:50:20.534 [main] INFO ai.timefold.solver.core.impl.constructionheuristic.DefaultConstructionHeuristicPhase -- Construction Heuristic phase (0) ended: time spent (2), best score ([0/0/0/0/0]hard/[0/-9000]soft), move evaluation speed (13000/sec), step total (4).
19:50:20.782 [main] INFO ai.timefold.solver.core.impl.localsearch.DefaultLocalSearchPhase -- Local Search phase (1) ended: time spent (250), best score ([0/0/0/0/0]hard/[0/-9000]soft), move evaluation speed (367479/sec), step total (11).
19:50:20.782 [main] INFO ai.timefold.solver.core.impl.solver.DefaultSolver -- Solving ended: time spent (250), best score ([0/0/0/0/0]hard/[0/-9000]soft), move evaluation speed (364644/sec), phase total (2), environment mode (PHASE_ASSERT), move thread count (NONE).
19:50:20.784 [main] INFO ai.timefold.solver.core.impl.solver.DefaultSolver -- Solving started: time spent (0), best score ([0/-21120/0/0/0]hard/[0/-17891]soft), environment mode (PHASE_ASSERT), move thread count (NONE), random (seed 41).
19:50:20.785 [main] INFO ai.timefold.solver.core.impl.solver.DefaultSolver -- Problem scale: genuine entity count (3), genuine variable count (3), approximate value count (6), approximate problem scale (60,480).
19:50:21.034 [main] INFO ai.timefold.solver.core.impl.localsearch.DefaultLocalSearchPhase -- Local Search phase (0) ended: time spent (250), best score ([0/0/0/0/0]hard/[0/-17683]soft), move evaluation speed (257859/sec), step total (9).
19:50:21.034 [main] INFO ai.timefold.solver.core.impl.solver.DefaultSolver -- Solving ended: time spent (250), best score ([0/0/0/0/0]hard/[0/-17683]soft), move evaluation speed (256828/sec), phase total (1), environment mode (PHASE_ASSERT), move thread count (NONE).
19:50:21.037 [main] INFO ai.timefold.solver.core.impl.solver.DefaultSolver -- Solving started: time spent (0), best score ([0/0/0/0/0]hard/[-0.1131468572778827977315689981096409/-17241]soft), environment mode (PHASE_ASSERT), move thread count (NONE), random (seed 41).
19:50:21.037 [main] INFO ai.timefold.solver.core.impl.solver.DefaultSolver -- Problem scale: genuine entity count (3), genuine variable count (3), approximate value count (6), approximate problem scale (60,480).
19:50:21.287 [main] INFO ai.timefold.solver.core.impl.localsearch.DefaultLocalSearchPhase -- Local Search phase (0) ended: time spent (250), best score ([0/0/0/0/0]hard/[-0.032178048204158790170132325141776930/-17183]soft), move evaluation speed (212028/sec), step total (7).
19:50:21.287 [main] INFO ai.timefold.solver.core.impl.solver.DefaultSolver -- Solving ended: time spent (250), best score ([0/0/0/0/0]hard/[-0.032178048204158790170132325141776930/-17183]soft), move evaluation speed (212028/sec), phase total (1), environment mode (PHASE_ASSERT), move thread count (NONE).
19:50:21.304 [main] INFO ai.timefold.solver.core.impl.solver.DefaultSolver -- Solving started: time spent (0), best score ([0/0/0/0/0]hard/[0/-17241]soft), environment mode (PHASE_ASSERT), move thread count (NONE), random (seed 41).
19:50:21.304 [main] INFO ai.timefold.solver.core.impl.solver.DefaultSolver -- Problem scale: genuine entity count (3), genuine variable count (3), approximate value count (6), approximate problem scale (60,480).
19:50:21.555 [main] INFO ai.timefold.solver.core.impl.localsearch.DefaultLocalSearchPhase -- Local Search phase (0) ended: time spent (251), best score ([0/0/0/0/0]hard/[0/-16541]soft), move evaluation speed (394685/sec), step total (531).
19:50:21.555 [main] INFO ai.timefold.solver.core.impl.solver.DefaultSolver -- Solving ended: time spent (251), best score ([0/0/0/0/0]hard/[0/-16541]soft), move evaluation speed (394685/sec), phase total (1), environment mode (PHASE_ASSERT), move thread count (NONE).
19:50:21.572 [main] INFO ai.timefold.solver.core.impl.solver.DefaultSolver -- Solving started: time spent (0), best score ([0/0/-4/0/0]hard/[0/-3000]soft), environment mode (PHASE_ASSERT), move thread count (NONE), random (seed 41).
19:50:21.572 [main] INFO ai.timefold.solver.core.impl.solver.DefaultSolver -- Problem scale: genuine entity count (3), genuine variable count (3), approximate value count (6), approximate problem scale (60,480).
19:50:21.573 [main] INFO ai.timefold.solver.core.impl.constructionheuristic.DefaultConstructionHeuristicPhase -- Construction Heuristic phase (0) ended: time spent (1), best score ([0/0/0/0/0]hard/[0/-9000]soft), move evaluation speed (26000/sec), step total (4).
19:50:21.822 [main] INFO ai.timefold.solver.core.impl.localsearch.DefaultLocalSearchPhase -- Local Search phase (1) ended: time spent (250), best score ([0/0/0/0/0]hard/[0/-9000]soft), move evaluation speed (245160/sec), step total (56816).
19:50:21.822 [main] INFO ai.timefold.solver.core.impl.solver.DefaultSolver -- Solving ended: time spent (250), best score ([0/0/0/0/0]hard/[0/-9000]soft), move evaluation speed (244284/sec), phase total (2), environment mode (PHASE_ASSERT), move thread count (NONE).
19:50:21.824 [main] INFO ai.timefold.solver.core.impl.solver.DefaultSolver -- Solving started: time spent (0), best score ([0/-21120/0/0/0]hard/[0/-17891]soft), environment mode (PHASE_ASSERT), move thread count (NONE), random (seed 41).
19:50:21.824 [main] INFO ai.timefold.solver.core.impl.solver.DefaultSolver -- Problem scale: genuine entity count (3), genuine variable count (3), approximate value count (6), approximate problem scale (60,480).
19:50:22.075 [main] INFO ai.timefold.solver.core.impl.localsearch.DefaultLocalSearchPhase -- Local Search phase (0) ended: time spent (251), best score ([0/0/0/0/0]hard/[0/-16591]soft), move evaluation speed (293964/sec), step total (1067).
19:50:22.076 [main] INFO ai.timefold.solver.core.impl.solver.DefaultSolver -- Solving ended: time spent (251), best score ([0/0/0/0/0]hard/[0/-16591]soft), move evaluation speed (293964/sec), phase total (1), environment mode (PHASE_ASSERT), move thread count (NONE).
19:50:22.079 [main] INFO ai.timefold.solver.core.impl.solver.DefaultSolver -- Solving started: time spent (0), best score ([0/0/0/0/0]hard/[-0.1131468572778827977315689981096409/-17241]soft), environment mode (PHASE_ASSERT), move thread count (NONE), random (seed 41).
19:50:22.079 [main] INFO ai.timefold.solver.core.impl.solver.DefaultSolver -- Problem scale: genuine entity count (3), genuine variable count (3), approximate value count (6), approximate problem scale (60,480).
19:50:22.329 [main] INFO ai.timefold.solver.core.impl.localsearch.DefaultLocalSearchPhase -- Local Search phase (0) ended: time spent (250), best score ([0/0/0/0/0]hard/[-0.02640168819575719386683469859273262000/-17283]soft), move evaluation speed (195540/sec), step total (1754).
19:50:22.329 [main] INFO ai.timefold.solver.core.impl.solver.DefaultSolver -- Solving ended: time spent (250), best score ([0/0/0/0/0]hard/[-0.02640168819575719386683469859273262000/-17283]soft), move evaluation speed (195540/sec), phase total (1), environment mode (PHASE_ASSERT), move thread count (NONE).
19:50:22.349 [main] INFO ai.timefold.solver.core.impl.solver.DefaultSolver -- Solving started: time spent (0), best score ([0/0/0/0/0]hard/[0/-17241]soft), environment mode (PHASE_ASSERT), move thread count (NONE), random (seed 41).
19:50:22.349 [main] INFO ai.timefold.solver.core.impl.solver.DefaultSolver -- Problem scale: genuine entity count (3), genuine variable count (3), approximate value count (6), approximate problem scale (60,480).
19:50:22.599 [main] INFO ai.timefold.solver.core.impl.localsearch.DefaultLocalSearchPhase -- Local Search phase (0) ended: time spent (250), best score ([0/0/0/0/0]hard/[0/-16541]soft), move evaluation speed (324952/sec), step total (1068).
19:50:22.599 [main] INFO ai.timefold.solver.core.impl.solver.DefaultSolver -- Solving ended: time spent (250), best score ([0/0/0/0/0]hard/[0/-16541]soft), move evaluation speed (324952/sec), phase total (1), environment mode (PHASE_ASSERT), move thread count (NONE).
19:50:22.614 [main] INFO ai.timefold.solver.core.impl.solver.DefaultSolver -- Solving started: time spent (0), best score ([0/0/-4/0/0]hard/[0/-3000]soft), environment mode (PHASE_ASSERT), move thread count (NONE), random (seed 41).
19:50:22.614 [main] INFO ai.timefold.solver.core.impl.solver.DefaultSolver -- Problem scale: genuine entity count (3), genuine variable count (3), approximate value count (6), approximate problem scale (60,480).
19:50:22.616 [main] INFO ai.timefold.solver.core.impl.constructionheuristic.DefaultConstructionHeuristicPhase -- Construction Heuristic phase (0) ended: time spent (2), best score ([0/0/0/0/0]hard/[0/-9000]soft), move evaluation speed (26000/sec), step total (4).
19:50:22.864 [main] INFO ai.timefold.solver.core.impl.localsearch.DefaultLocalSearchPhase -- Local Search phase (1) ended: time spent (250), best score ([0/0/0/0/0]hard/[0/-9000]soft), move evaluation speed (209213/sec), step total (48534).
19:50:22.864 [main] INFO ai.timefold.solver.core.impl.solver.DefaultSolver -- Solving ended: time spent (250), best score ([0/0/0/0/0]hard/[0/-9000]soft), move evaluation speed (207644/sec), phase total (2), environment mode (PHASE_ASSERT), move thread count (NONE).
19:50:22.866 [main] INFO ai.timefold.solver.core.impl.solver.DefaultSolver -- Solving started: time spent (0), best score ([0/-21120/0/0/0]hard/[0/-17891]soft), environment mode (PHASE_ASSERT), move thread count (NONE), random (seed 41).
19:50:22.866 [main] INFO ai.timefold.solver.core.impl.solver.DefaultSolver -- Problem scale: genuine entity count (3), genuine variable count (3), approximate value count (6), approximate problem scale (60,480).
19:50:23.116 [main] INFO ai.timefold.solver.core.impl.localsearch.DefaultLocalSearchPhase -- Local Search phase (0) ended: time spent (250), best score ([0/0/0/0/0]hard/[0/-16591]soft), move evaluation speed (353524/sec), step total (1796).
19:50:23.116 [main] INFO ai.timefold.solver.core.impl.solver.DefaultSolver -- Solving ended: time spent (250), best score ([0/0/0/0/0]hard/[0/-16591]soft), move evaluation speed (353524/sec), phase total (1), environment mode (PHASE_ASSERT), move thread count (NONE).
19:50:23.119 [main] INFO ai.timefold.solver.core.impl.solver.DefaultSolver -- Solving started: time spent (1), best score ([0/0/0/0/0]hard/[-0.1131468572778827977315689981096409/-17241]soft), environment mode (PHASE_ASSERT), move thread count (NONE), random (seed 41).
19:50:23.119 [main] INFO ai.timefold.solver.core.impl.solver.DefaultSolver -- Problem scale: genuine entity count (3), genuine variable count (3), approximate value count (6), approximate problem scale (60,480).
19:50:23.369 [main] INFO ai.timefold.solver.core.impl.localsearch.DefaultLocalSearchPhase -- Local Search phase (0) ended: time spent (251), best score ([0/0/0/0/0]hard/[-0.0264016881957571938668346985927326200/-17283]soft), move evaluation speed (192516/sec), step total (1986).
19:50:23.369 [main] INFO ai.timefold.solver.core.impl.solver.DefaultSolver -- Solving ended: time spent (251), best score ([0/0/0/0/0]hard/[-0.0264016881957571938668346985927326200/-17283]soft), move evaluation speed (191749/sec), phase total (1), environment mode (PHASE_ASSERT), move thread count (NONE).
19:50:23.385 [main] INFO ai.timefold.solver.core.impl.solver.DefaultSolver -- Solving started: time spent (0), best score ([0/0/0/0/0]hard/[0/-17241]soft), environment mode (PHASE_ASSERT), move thread count (NONE), random (seed 41).
19:50:23.386 [main] INFO ai.timefold.solver.core.impl.solver.DefaultSolver -- Problem scale: genuine entity count (3), genuine variable count (3), approximate value count (6), approximate problem scale (60,480).
19:50:23.635 [main] INFO ai.timefold.solver.core.impl.localsearch.DefaultLocalSearchPhase -- Local Search phase (0) ended: time spent (250), best score ([0/0/0/0/0]hard/[0/-16541]soft), move evaluation speed (220562/sec), step total (1971).
19:50:23.636 [main] INFO ai.timefold.solver.core.impl.solver.DefaultSolver -- Solving ended: time spent (251), best score ([0/0/0/0/0]hard/[0/-16541]soft), move evaluation speed (218804/sec), phase total (1), environment mode (PHASE_ASSERT), move thread count (NONE).
19:50:23.654 [main] INFO ai.timefold.solver.core.impl.solver.DefaultSolver -- Solving started: time spent (0), best score ([0/-21120/0/0/0]hard/[0/-17891]soft), environment mode (PHASE_ASSERT), move thread count (NONE), random (seed 41).
19:50:23.654 [main] INFO ai.timefold.solver.core.impl.solver.DefaultSolver -- Problem scale: genuine entity count (3), genuine variable count (3), approximate value count (6), approximate problem scale (60,480).
19:50:23.904 [main] INFO ai.timefold.solver.core.impl.localsearch.DefaultLocalSearchPhase -- Local Search phase (0) ended: time spent (250), best score ([0/0/0/0/0]hard/[0/-16591]soft), move evaluation speed (159976/sec), step total (2339).
19:50:23.904 [main] INFO ai.timefold.solver.core.impl.solver.DefaultSolver -- Solving ended: time spent (250), best score ([0/0/0/0/0]hard/[0/-16591]soft), move evaluation speed (159976/sec), phase total (1), environment mode (PHASE_ASSERT), move thread count (NONE).
19:50:23.907 [main] INFO ai.timefold.solver.core.impl.solver.DefaultSolver -- Solving started: time spent (1), best score ([0/0/0/0/0]hard/[-0.1131468572778827977315689981096409/-17241]soft), environment mode (PHASE_ASSERT), move thread count (NONE), random (seed 41).
19:50:23.907 [main] INFO ai.timefold.solver.core.impl.solver.DefaultSolver -- Problem scale: genuine entity count (3), genuine variable count (3), approximate value count (6), approximate problem scale (60,480).
19:50:24.156 [main] INFO ai.timefold.solver.core.impl.localsearch.DefaultLocalSearchPhase -- Local Search phase (0) ended: time spent (250), best score ([0/0/0/0/0]hard/[-0.0264016881957571938668346985927326200/-17283]soft), move evaluation speed (140618/sec), step total (1497).
19:50:24.156 [main] INFO ai.timefold.solver.core.impl.solver.DefaultSolver -- Solving ended: time spent (250), best score ([0/0/0/0/0]hard/[-0.0264016881957571938668346985927326200/-17283]soft), move evaluation speed (140056/sec), phase total (1), environment mode (PHASE_ASSERT), move thread count (NONE).
[INFO] Tests run: 1, Failures: 0, Errors: 0, Skipped: 0, Time elapsed: 25.34 s -- in dev.waterflex.scheduler.optimizer.AssertionCampaignTest
[INFO] 
[INFO] Results:
[INFO] 
[INFO] Tests run: 1, Failures: 0, Errors: 0, Skipped: 0
[INFO] 
[INFO] ------------------------------------------------------------------------
[INFO] BUILD SUCCESS
[INFO] ------------------------------------------------------------------------
[INFO] Total time:  27.311 s
[INFO] Finished at: 2026-10-06T19:50:24-05:00
[INFO] ------------------------------------------------------------------------
