test_booking_cost_requires_same_customers (test_experiments.AnalysisTests.test_booking_cost_requires_same_customers) ... ok
test_booking_nulls_missing_indices_and_routing_rejected (test_experiments.AnalysisTests.test_booking_nulls_missing_indices_and_routing_rejected) ... ok
test_conflicting_fixture_duplicate_not_averaged (test_experiments.AnalysisTests.test_conflicting_fixture_duplicate_not_averaged) ... ok
test_correct_pairing_and_signed_costs (test_experiments.AnalysisTests.test_correct_pairing_and_signed_costs) ... ok
test_duplicates_all_excluded (test_experiments.AnalysisTests.test_duplicates_all_excluded) ... ok
test_equal_seed_weighting (test_experiments.AnalysisTests.test_equal_seed_weighting) ... ok
test_frozen_calendar_evidence_requires_both_isolation_observations (test_experiments.AnalysisTests.test_frozen_calendar_evidence_requires_both_isolation_observations) ... ok
test_missing_control_or_fixture_mismatch_is_unavailable (test_experiments.AnalysisTests.test_missing_control_or_fixture_mismatch_is_unavailable) ... ok
test_missing_latency_and_historical_mixed_latency_excluded (test_experiments.AnalysisTests.test_missing_latency_and_historical_mixed_latency_excluded) ... ok
test_missing_null_metrics_preserved (test_experiments.AnalysisTests.test_missing_null_metrics_preserved) ... ok
test_null_request_observation_rejected (test_experiments.AnalysisTests.test_null_request_observation_rejected) ... ok
test_overlapping_served_incomplete_and_pooled_percentiles (test_experiments.AnalysisTests.test_overlapping_served_incomplete_and_pooled_percentiles) ... ok
test_partial_raw_kept_and_reported (test_experiments.AnalysisTests.test_partial_raw_kept_and_reported) ... ok
test_booking_identity_reuses_saved_reference_on_resume (test_experiments.ArchiveTests.test_booking_identity_reuses_saved_reference_on_resume) ... ok
test_changed_booking_identity_rejected_before_launch (test_experiments.ArchiveTests.test_changed_booking_identity_rejected_before_launch) ... [............] 0/1 elapsed 00:00:00 | Preparing run
[............] 0/1 elapsed 00:00:00 | Checking saved evidence and runtime
[............] 0/1 elapsed 00:00:00 | Stopped
ok
test_child_cleanup_only_owned_process (test_experiments.ArchiveTests.test_child_cleanup_only_owned_process) ... ok
test_config_mismatch (test_experiments.ArchiveTests.test_config_mismatch) ... [............] 0/2 elapsed 00:00:00 | Preparing run
[............] 0/2 elapsed 00:00:00 | Checking saved evidence and runtime
[............] 0/2 elapsed 00:00:00 | Stopped
ok
test_database_scope_and_credential_metadata (test_experiments.ArchiveTests.test_database_scope_and_credential_metadata) ... ok
test_duplicate_completion_and_changed_raw_rejected (test_experiments.ArchiveTests.test_duplicate_completion_and_changed_raw_rejected) ... ok
test_environment_blocks_case_insensitive_isolation_overrides (test_experiments.ArchiveTests.test_environment_blocks_case_insensitive_isolation_overrides) ... ok
test_exited_parent_still_terminates_owned_descendants (test_experiments.ArchiveTests.test_exited_parent_still_terminates_owned_descendants) ... skipped 'POSIX process group cleanup'
test_frozen_mismatch (test_experiments.ArchiveTests.test_frozen_mismatch) ... [............] 0/2 elapsed 00:00:00 | Preparing run
[............] 0/2 elapsed 00:00:00 | Checking saved evidence and runtime
[............] 0/2 elapsed 00:00:00 | Stopped
ok
test_historical_import_is_read_only (test_experiments.ArchiveTests.test_historical_import_is_read_only) ... ok
test_interruption_resume_keeps_prior_attempts_and_completed_evidence (test_experiments.ArchiveTests.test_interruption_resume_keeps_prior_attempts_and_completed_evidence) ... [............] 0/2 elapsed 00:00:00 | Preparing run
[............] 0/2 elapsed 00:00:00 | Checking saved evidence and runtime
[............] 0/2 elapsed 00:00:00 | Checking completed cases
[............] 0/2 elapsed 00:00:00 running 1 oldest 00:00:00 | #1 TABU f5 CLUSTERED s17 0.1s
[............] 0/2 elapsed 00:00:00 | Stopped
[............] 0/2 elapsed 00:00:00 | Preparing run
[............] 0/2 elapsed 00:00:00 | Checking saved evidence and runtime
[............] 0/2 elapsed 00:00:00 | Checking completed cases
[............] 0/2 elapsed 00:00:00 running 1 oldest 00:00:00 | #1 TABU f5 CLUSTERED s17 0.1s
[######......] 1/2 elapsed 00:00:00 | Finished case 1/2
[######......] 1/2 elapsed 00:00:00 running 1 oldest 00:00:00 | #2 KOPT f5 CLUSTERED s17 0.1s
[############] 2/2 elapsed 00:00:00 | Finished case 2/2
[############] 2/2 elapsed 00:00:00 | Measurements complete
[............] 0/2 elapsed 00:00:00 | Preparing run
[............] 0/2 elapsed 00:00:00 | Checking saved evidence and runtime
[############] 2/2 elapsed 00:00:00 | Checking completed cases
[############] 2/2 elapsed 00:00:00 | Measurements complete
ok
test_lock_excludes_competing_runs_and_releases (test_experiments.ArchiveTests.test_lock_excludes_competing_runs_and_releases) ... ok
test_second_config_and_analysis_preserve_first_artifacts (test_experiments.ArchiveTests.test_second_config_and_analysis_preserve_first_artifacts) ... ok
test_timeout_and_nonzero_exit_do_not_create_success (test_experiments.ArchiveTests.test_timeout_and_nonzero_exit_do_not_create_success) ... ok
test_unique_runs_and_immutable_receipts (test_experiments.ArchiveTests.test_unique_runs_and_immutable_receipts) ... ok
test_daily_flags_are_identical_for_every_case_and_gc_log_stays_outside_frozen_tree (test_experiments.ConfigurationTests.test_daily_flags_are_identical_for_every_case_and_gc_log_stays_outside_frozen_tree) ... ok
test_dry_run_wall_time_simulates_slots_in_dispatch_order (test_experiments.ConfigurationTests.test_dry_run_wall_time_simulates_slots_in_dispatch_order) ... ok
test_duplicate_json_fields (test_experiments.ConfigurationTests.test_duplicate_json_fields) ... ok
test_initial_matrices (test_experiments.ConfigurationTests.test_initial_matrices) ... ok
test_parallel_cases_rejected_in_booking_and_shipped_configs_valid (test_experiments.ConfigurationTests.test_parallel_cases_rejected_in_booking_and_shipped_configs_valid) ... ok
test_planned_three_workload_matrices (test_experiments.ConfigurationTests.test_planned_three_workload_matrices) ... ok
test_reject_bad_configuration (test_experiments.ConfigurationTests.test_reject_bad_configuration) ... ok
test_reproducible_unique_counterbalanced_cases_and_budget_propagation (test_experiments.ConfigurationTests.test_reproducible_unique_counterbalanced_cases_and_budget_propagation) ... ok
test_median_ratio_excludes_partially_loaded_and_missing_pairs (test_experiments.ContentionTests.test_median_ratio_excludes_partially_loaded_and_missing_pairs) ... ok
test_slowdown_beyond_threshold_is_not_accepted_and_empty_is_never_accepted (test_experiments.ContentionTests.test_slowdown_beyond_threshold_is_not_accepted_and_empty_is_never_accepted) ... ok
test_booking_requires_explicit_test_database_before_setup (test_experiments.LauncherTests.test_booking_requires_explicit_test_database_before_setup) ... ok
Installing booking Node dependencies...
Generating Prisma client...
test_booking_setup_installs_missing_node_dependencies (test_experiments.LauncherTests.test_booking_setup_installs_missing_node_dependencies) ... ok
test_custom_config_cannot_silently_launch_other_kind (test_experiments.LauncherTests.test_custom_config_cannot_silently_launch_other_kind) ... ok
test_launcher_finds_jdk_home_when_java_is_on_path (test_experiments.LauncherTests.test_launcher_finds_jdk_home_when_java_is_on_path) ... ok
daily dry-run: 1280 cases from C:\Users\mcgee\OneDrive\Desktop\waterflex\waterflex-scheduler-java\experiments\configs\daily-budget.json
Total elapsed: 00:00:00
daily smoke: 4 cases from C:\Users\mcgee\OneDrive\Desktop\waterflex\waterflex-scheduler-java\experiments\configs\daily-smoke.json
Total elapsed: 00:00:00
booking full: 120 cases from C:\Users\mcgee\OneDrive\Desktop\waterflex\waterflex-scheduler-java\experiments\configs\booking-comparison.json
Total elapsed: 00:00:00
test_modes_select_expected_config_and_skip_setup_for_dry_run (test_experiments.LauncherTests.test_modes_select_expected_config_and_skip_setup_for_dry_run) ... ok
test_progress_counts_completed_cases_and_elapsed_time (test_experiments.LauncherTests.test_progress_counts_completed_cases_and_elapsed_time) ... ok
test_command_polls_and_honors_stop_event (test_experiments.ParallelDispatchTests.test_command_polls_and_honors_stop_event) ... ok
test_dispatch_order_follows_saved_cases (test_experiments.ParallelDispatchTests.test_dispatch_order_follows_saved_cases) ... [............] 0/8 elapsed 00:00:00 | Preparing run
[............] 0/8 elapsed 00:00:00 | Checking saved evidence and runtime
[............] 0/8 elapsed 00:00:00 | Checking completed cases
[............] 0/8 elapsed 00:00:00 running 1 oldest 00:00:00 | #3 KOPT f5 CLUSTERED s23 0.1s
[............] 0/8 elapsed 00:00:00 running 2 oldest 00:00:00 | #1 TABU f5 CLUSTERED s17 0.1s
[............] 0/8 elapsed 00:00:00 running 3 oldest 00:00:00 | #2 KOPT f5 CLUSTERED s17 0.1s
[##..........] 1/8 elapsed 00:00:00 running 2 oldest 00:00:00 | Finished case 1/8
[###.........] 2/8 elapsed 00:00:00 running 1 oldest 00:00:00 | Finished case 2/8
[####........] 3/8 elapsed 00:00:00 | Finished case 3/8
[####........] 3/8 elapsed 00:00:00 running 1 oldest 00:00:00 | #4 TABU f5 CLUSTERED s23 0.1s
[####........] 3/8 elapsed 00:00:00 running 2 oldest 00:00:00 | #5 TABU f5 CLUSTERED s41 0.1s
[####........] 3/8 elapsed 00:00:00 running 3 oldest 00:00:00 | #6 KOPT f5 CLUSTERED s41 0.1s
[######......] 4/8 elapsed 00:00:00 running 2 oldest 00:00:00 | Finished case 4/8
[########....] 5/8 elapsed 00:00:00 running 1 oldest 00:00:00 | Finished case 5/8
[#########...] 6/8 elapsed 00:00:00 | Finished case 6/8
[#########...] 6/8 elapsed 00:00:00 running 1 oldest 00:00:00 | #7 KOPT f5 CLUSTERED s59 0.1s
[#########...] 6/8 elapsed 00:00:00 running 2 oldest 00:00:00 | #8 TABU f5 CLUSTERED s59 0.1s
[##########..] 7/8 elapsed 00:00:00 running 1 oldest 00:00:00 | Finished case 7/8
[############] 8/8 elapsed 00:00:00 | Finished case 8/8
[############] 8/8 elapsed 00:00:00 | Measurements complete
ok
test_every_case_runs_once_within_slots_and_no_mask_is_shared (test_experiments.ParallelDispatchTests.test_every_case_runs_once_within_slots_and_no_mask_is_shared) ... [............] 0/8 elapsed 00:00:00 | Preparing run
[............] 0/8 elapsed 00:00:00 | Checking saved evidence and runtime
[............] 0/8 elapsed 00:00:00 | Checking completed cases
[............] 0/8 elapsed 00:00:00 running 1 oldest 00:00:00 | #3 KOPT f5 CLUSTERED s23 0.1s
[............] 0/8 elapsed 00:00:00 running 2 oldest 00:00:00 | #1 TABU f5 CLUSTERED s17 0.1s
[............] 0/8 elapsed 00:00:00 running 3 oldest 00:00:00 | #2 KOPT f5 CLUSTERED s17 0.1s
[##..........] 1/8 elapsed 00:00:00 running 2 oldest 00:00:00 | Finished case 3/8
[###.........] 2/8 elapsed 00:00:00 running 1 oldest 00:00:00 | Finished case 2/8
[####........] 3/8 elapsed 00:00:00 | Finished case 1/8
[####........] 3/8 elapsed 00:00:00 running 1 oldest 00:00:00 | #5 TABU f5 CLUSTERED s41 0.1s
[####........] 3/8 elapsed 00:00:00 running 2 oldest 00:00:00 | #6 KOPT f5 CLUSTERED s41 0.1s
[####........] 3/8 elapsed 00:00:00 running 3 oldest 00:00:00 | #4 TABU f5 CLUSTERED s23 0.1s
[######......] 4/8 elapsed 00:00:00 running 2 oldest 00:00:00 | Finished case 4/8
[########....] 5/8 elapsed 00:00:00 running 1 oldest 00:00:00 | Finished case 6/8
[#########...] 6/8 elapsed 00:00:00 | Finished case 5/8
[#########...] 6/8 elapsed 00:00:00 running 1 oldest 00:00:00 | #7 KOPT f5 CLUSTERED s59 0.1s
[#########...] 6/8 elapsed 00:00:00 running 2 oldest 00:00:00 | #8 TABU f5 CLUSTERED s59 0.1s
[##########..] 7/8 elapsed 00:00:00 running 1 oldest 00:00:00 | Finished case 7/8
[############] 8/8 elapsed 00:00:00 | Finished case 8/8
[############] 8/8 elapsed 00:00:00 | Measurements complete
ok
test_failure_stops_dispatch_but_keeps_in_flight_receipts (test_experiments.ParallelDispatchTests.test_failure_stops_dispatch_but_keeps_in_flight_receipts) ... [............] 0/8 elapsed 00:00:00 | Preparing run
[............] 0/8 elapsed 00:00:00 | Checking saved evidence and runtime
[............] 0/8 elapsed 00:00:00 | Checking completed cases
[............] 0/8 elapsed 00:00:00 running 1 oldest 00:00:00 | #1 TABU f5 CLUSTERED s17 0.1s
[............] 0/8 elapsed 00:00:00 running 1 oldest 00:00:00 | #3 KOPT f5 CLUSTERED s23 0.1s
[............] 0/8 elapsed 00:00:00 running 2 oldest 00:00:00 | #2 KOPT f5 CLUSTERED s17 0.1s
[##..........] 1/8 elapsed 00:00:00 running 1 oldest 00:00:00 | Finished case 3/8
[###.........] 2/8 elapsed 00:00:00 | Finished case 2/8
[###.........] 2/8 elapsed 00:00:00 | Stopped
ok
test_interrupt_marks_in_flight_attempts_and_resume_retries_only_unfinished (test_experiments.ParallelDispatchTests.test_interrupt_marks_in_flight_attempts_and_resume_retries_only_unfinished) ... [............] 0/8 elapsed 00:00:00 | Preparing run
[............] 0/8 elapsed 00:00:00 | Checking saved evidence and runtime
[............] 0/8 elapsed 00:00:00 | Checking completed cases
[............] 0/8 elapsed 00:00:00 running 1 oldest 00:00:00 | #3 KOPT f5 CLUSTERED s23 0.1s
[............] 0/8 elapsed 00:00:00 running 2 oldest 00:00:00 | #1 TABU f5 CLUSTERED s17 0.1s
[............] 0/8 elapsed 00:00:00 running 3 oldest 00:00:00 | #2 KOPT f5 CLUSTERED s17 0.1s
[##..........] 1/8 elapsed 00:00:00 | Finished case 3/8
[##..........] 1/8 elapsed 00:00:00 | Stopped
[............] 0/8 elapsed 00:00:00 | Preparing run
[............] 0/8 elapsed 00:00:00 | Checking saved evidence and runtime
[##..........] 1/8 elapsed 00:00:00 | Checking completed cases
[##..........] 1/8 elapsed 00:00:00 running 1 oldest 00:00:00 | #1 TABU f5 CLUSTERED s17 0.1s
[##..........] 1/8 elapsed 00:00:00 running 2 oldest 00:00:00 | #2 KOPT f5 CLUSTERED s17 0.1s
[##..........] 1/8 elapsed 00:00:00 running 3 oldest 00:00:00 | #4 TABU f5 CLUSTERED s23 0.1s
[###.........] 2/8 elapsed 00:00:00 running 2 oldest 00:00:00 | Finished case 1/8
[####........] 3/8 elapsed 00:00:00 running 1 oldest 00:00:00 | Finished case 2/8
[######......] 4/8 elapsed 00:00:00 | Finished case 4/8
[######......] 4/8 elapsed 00:00:00 running 1 oldest 00:00:00 | #5 TABU f5 CLUSTERED s41 0.1s
[######......] 4/8 elapsed 00:00:00 running 2 oldest 00:00:00 | #6 KOPT f5 CLUSTERED s41 0.1s
[######......] 4/8 elapsed 00:00:00 running 3 oldest 00:00:00 | #7 KOPT f5 CLUSTERED s59 0.1s
[########....] 5/8 elapsed 00:00:00 running 2 oldest 00:00:00 | Finished case 5/8
[#########...] 6/8 elapsed 00:00:00 running 1 oldest 00:00:00 | Finished case 6/8
[#########...] 6/8 elapsed 00:00:00 running 2 oldest 00:00:00 | #8 TABU f5 CLUSTERED s59 0.1s
[##########..] 7/8 elapsed 00:00:00 running 1 oldest 00:00:00 | Finished case 7/8
[############] 8/8 elapsed 00:00:00 | Finished case 8/8
[############] 8/8 elapsed 00:00:00 | Measurements complete
ok
test_parallel_cases_beyond_saved_topology_is_rejected_before_launch (test_experiments.ParallelDispatchTests.test_parallel_cases_beyond_saved_topology_is_rejected_before_launch) ... [............] 0/8 elapsed 00:00:00 | Preparing run
[............] 0/8 elapsed 00:00:00 | Checking saved evidence and runtime
[............] 0/8 elapsed 00:00:00 | Stopped
ok
test_resume_rejected_after_topology_change (test_experiments.ParallelDispatchTests.test_resume_rejected_after_topology_change) ... [............] 0/8 elapsed 00:00:00 | Preparing run
[............] 0/8 elapsed 00:00:00 | Checking saved evidence and runtime
[............] 0/8 elapsed 00:00:00 | Stopped
ok
test_resume_rejected_when_saved_slot_masks_do_not_match (test_experiments.ParallelDispatchTests.test_resume_rejected_when_saved_slot_masks_do_not_match) ... [............] 0/8 elapsed 00:00:00 | Preparing run
[............] 0/8 elapsed 00:00:00 | Checking saved evidence and runtime
[............] 0/8 elapsed 00:00:00 | Stopped
ok
test_invalid_move_statistics_rejected (test_experiments.ThroughputTests.test_invalid_move_statistics_rejected) ... ok
test_rates_are_moves_per_second_and_missing_values_stay_null (test_experiments.ThroughputTests.test_rates_are_moves_per_second_and_missing_values_stay_null) ... ok
test_solver_summary_never_zero_fills (test_experiments.ThroughputTests.test_solver_summary_never_zero_fills) ... ok
test_cores_that_do_not_partition_into_l3_groups_are_rejected (test_experiments.TopologyTests.test_cores_that_do_not_partition_into_l3_groups_are_rejected) ... ok
test_job_object_confines_child_to_requested_physical_core (test_experiments.TopologyTests.test_job_object_confines_child_to_requested_physical_core) ... ok
test_launch_passes_affinity_to_child_job (test_experiments.TopologyTests.test_launch_passes_affinity_to_child_job) ... ok
test_occupancy_records_fewest_neighbors (test_experiments.TopologyTests.test_occupancy_records_fewest_neighbors) ... ok
test_progress_counts_concurrent_completions_exactly (test_experiments.TopologyTests.test_progress_counts_concurrent_completions_exactly) ... ok
test_real_topology_has_distinct_physical_cores_inside_l3_groups (test_experiments.TopologyTests.test_real_topology_has_distinct_physical_cores_inside_l3_groups) ... ok
test_slots_skip_core_zero_and_alternate_between_l3_groups (test_experiments.TopologyTests.test_slots_skip_core_zero_and_alternate_between_l3_groups) ... ok
test_too_many_cases_or_unsupported_platform_fail_clearly (test_experiments.TopologyTests.test_too_many_cases_or_unsupported_platform_fail_clearly) ... ok

----------------------------------------------------------------------
Ran 63 tests in 4.786s

OK (skipped=1)
