WARNING: A restricted method in java.lang.System has been called
WARNING: java.lang.System::load has been called by org.fusesource.jansi.internal.JansiLoader in an unnamed module (file:/C:/Users/mcgee/.m2/wrapper/dists/apache-maven-3.9.16-bin/4200fbc6/apache-maven-3.9.16/lib/jansi-2.4.3.jar)
WARNING: Use --enable-native-access=ALL-UNNAMED to avoid a warning for callers in this module
WARNING: Restricted methods will be blocked in a future release unless native access is enabled

[INFO] Scanning for projects...
[INFO] 
[INFO] ------------------< dev.waterflex:scheduler-service >-------------------
[INFO] Building scheduler-service 0.1.0-SNAPSHOT
[INFO]   from pom.xml
[INFO] --------------------------------[ jar ]---------------------------------
[INFO] 
[INFO] --- resources:3.5.0:resources (default-resources) @ scheduler-service ---
[INFO] Copying 2 resources from src\main\resources to target\classes
[INFO] Copying 1 resource from src\main\resources to target\classes
[INFO] 
[INFO] --- compiler:3.15.0:compile (default-compile) @ scheduler-service ---
[INFO] Nothing to compile - all classes are up to date.
[INFO] 
[INFO] --- resources:3.5.0:testResources (default-testResources) @ scheduler-service ---
[INFO] Copying 1 resource from src\test\resources to target\test-classes
[INFO] 
[INFO] --- compiler:3.15.0:testCompile (default-testCompile) @ scheduler-service ---
[INFO] Nothing to compile - all classes are up to date.
[INFO] 
[INFO] --- surefire:3.5.6:test (default-test) @ scheduler-service ---
[INFO] Using auto detected provider org.apache.maven.surefire.junitplatform.JUnitPlatformProvider
[WARNING] System property [assertions.mode] overwritten by user properties from Maven session
[INFO] 
[INFO] -------------------------------------------------------
[INFO]  T E S T S
[INFO] -------------------------------------------------------
[INFO] Running dev.waterflex.scheduler.optimizer.AssertionCampaignTest
16:51:28.367 [main] INFO ai.timefold.solver.core.impl.solver.DefaultSolver -- Solving started: time spent (8), best score ([0/0/0/0/0]hard/[0/-17241]soft), environment mode (FULL_ASSERT), move thread count (NONE), random (seed 17).
16:51:28.370 [main] INFO ai.timefold.solver.core.impl.solver.DefaultSolver -- Problem scale: genuine entity count (3), genuine variable count (3), approximate value count (6), approximate problem scale (60,480).
16:51:28.610 [main] INFO ai.timefold.solver.core.impl.localsearch.DefaultLocalSearchPhase -- Local Search phase (0) ended: time spent (251), best score ([0/0/0/0/0]hard/[0/-16541]soft), move evaluation speed (1529/sec), step total (4).
16:51:28.611 [main] INFO ai.timefold.solver.core.impl.solver.DefaultSolver -- Solving ended: time spent (251), best score ([0/0/0/0/0]hard/[0/-16541]soft), move evaluation speed (1462/sec), phase total (1), environment mode (FULL_ASSERT), move thread count (NONE).
16:51:28.676 [main] INFO ai.timefold.solver.core.impl.solver.DefaultSolver -- Solving started: time spent (0), best score ([0/0/-4/0/0]hard/[0/-3000]soft), environment mode (FULL_ASSERT), move thread count (NONE), random (seed 17).
16:51:28.677 [main] INFO ai.timefold.solver.core.impl.solver.DefaultSolver -- Problem scale: genuine entity count (3), genuine variable count (3), approximate value count (6), approximate problem scale (60,480).
16:51:28.693 [main] INFO ai.timefold.solver.core.impl.constructionheuristic.DefaultConstructionHeuristicPhase -- Construction Heuristic phase (0) ended: time spent (17), best score ([0/0/0/0/0]hard/[0/-9000]soft), move evaluation speed (1733/sec), step total (4).
16:51:28.926 [main] INFO ai.timefold.solver.core.impl.localsearch.DefaultLocalSearchPhase -- Local Search phase (1) ended: time spent (250), best score ([0/0/0/0/0]hard/[0/-9000]soft), move evaluation speed (3754/sec), step total (9).
16:51:28.927 [main] INFO ai.timefold.solver.core.impl.solver.DefaultSolver -- Solving ended: time spent (251), best score ([0/0/0/0/0]hard/[0/-9000]soft), move evaluation speed (3573/sec), phase total (2), environment mode (FULL_ASSERT), move thread count (NONE).
16:51:28.933 [main] INFO ai.timefold.solver.core.impl.solver.DefaultSolver -- Solving started: time spent (1), best score ([0/-21120/0/0/0]hard/[0/-17891]soft), environment mode (FULL_ASSERT), move thread count (NONE), random (seed 17).
16:51:28.934 [main] INFO ai.timefold.solver.core.impl.solver.DefaultSolver -- Problem scale: genuine entity count (3), genuine variable count (3), approximate value count (6), approximate problem scale (60,480).
16:51:29.183 [main] INFO ai.timefold.solver.core.impl.localsearch.DefaultLocalSearchPhase -- Local Search phase (0) ended: time spent (251), best score ([0/0/0/0/0]hard/[0/-17083]soft), move evaluation speed (4152/sec), step total (11).
16:51:29.183 [main] INFO ai.timefold.solver.core.impl.solver.DefaultSolver -- Solving ended: time spent (251), best score ([0/0/0/0/0]hard/[0/-17083]soft), move evaluation speed (4119/sec), phase total (1), environment mode (FULL_ASSERT), move thread count (NONE).
16:51:29.192 [main] INFO ai.timefold.solver.core.impl.solver.DefaultSolver -- Solving started: time spent (2), best score ([0/0/0/0/0]hard/[-0.1131468572778827977315689981096409/-17241]soft), environment mode (FULL_ASSERT), move thread count (NONE), random (seed 17).
16:51:29.192 [main] INFO ai.timefold.solver.core.impl.solver.DefaultSolver -- Problem scale: genuine entity count (3), genuine variable count (3), approximate value count (6), approximate problem scale (60,480).
16:51:29.441 [main] INFO ai.timefold.solver.core.impl.localsearch.DefaultLocalSearchPhase -- Local Search phase (0) ended: time spent (251), best score ([0/0/0/0/0]hard/[-0.032178048204158790170132325141776930/-17183]soft), move evaluation speed (3738/sec), step total (10).
16:51:29.441 [main] INFO ai.timefold.solver.core.impl.solver.DefaultSolver -- Solving ended: time spent (251), best score ([0/0/0/0/0]hard/[-0.032178048204158790170132325141776930/-17183]soft), move evaluation speed (3709/sec), phase total (1), environment mode (FULL_ASSERT), move thread count (NONE).
16:51:29.481 [main] INFO ai.timefold.solver.core.impl.solver.DefaultSolver -- Solving started: time spent (1), best score ([0/0/0/0/0]hard/[0/-17241]soft), environment mode (FULL_ASSERT), move thread count (NONE), random (seed 17).
16:51:29.481 [main] INFO ai.timefold.solver.core.impl.solver.DefaultSolver -- Problem scale: genuine entity count (3), genuine variable count (3), approximate value count (6), approximate problem scale (60,480).
16:51:29.730 [main] INFO ai.timefold.solver.core.impl.localsearch.DefaultLocalSearchPhase -- Local Search phase (0) ended: time spent (250), best score ([0/0/0/0/0]hard/[0/-16541]soft), move evaluation speed (5697/sec), step total (15).
16:51:29.730 [main] INFO ai.timefold.solver.core.impl.solver.DefaultSolver -- Solving ended: time spent (250), best score ([0/0/0/0/0]hard/[0/-16541]soft), move evaluation speed (5652/sec), phase total (1), environment mode (FULL_ASSERT), move thread count (NONE).
16:51:29.767 [main] INFO ai.timefold.solver.core.impl.solver.DefaultSolver -- Solving started: time spent (1), best score ([0/0/-4/0/0]hard/[0/-3000]soft), environment mode (FULL_ASSERT), move thread count (NONE), random (seed 17).
16:51:29.767 [main] INFO ai.timefold.solver.core.impl.solver.DefaultSolver -- Problem scale: genuine entity count (3), genuine variable count (3), approximate value count (6), approximate problem scale (60,480).
16:51:29.774 [main] INFO ai.timefold.solver.core.impl.constructionheuristic.DefaultConstructionHeuristicPhase -- Construction Heuristic phase (0) ended: time spent (8), best score ([0/0/0/0/0]hard/[0/-9000]soft), move evaluation speed (3714/sec), step total (4).
16:51:30.016 [main] INFO ai.timefold.solver.core.impl.localsearch.DefaultLocalSearchPhase -- Local Search phase (1) ended: time spent (250), best score ([0/0/0/0/0]hard/[0/-9000]soft), move evaluation speed (5842/sec), step total (15).
16:51:30.017 [main] INFO ai.timefold.solver.core.impl.solver.DefaultSolver -- Solving ended: time spent (251), best score ([0/0/0/0/0]hard/[0/-9000]soft), move evaluation speed (5737/sec), phase total (2), environment mode (FULL_ASSERT), move thread count (NONE).
16:51:30.022 [main] INFO ai.timefold.solver.core.impl.solver.DefaultSolver -- Solving started: time spent (0), best score ([0/-21120/0/0/0]hard/[0/-17891]soft), environment mode (FULL_ASSERT), move thread count (NONE), random (seed 17).
16:51:30.023 [main] INFO ai.timefold.solver.core.impl.solver.DefaultSolver -- Problem scale: genuine entity count (3), genuine variable count (3), approximate value count (6), approximate problem scale (60,480).
16:51:30.272 [main] INFO ai.timefold.solver.core.impl.localsearch.DefaultLocalSearchPhase -- Local Search phase (0) ended: time spent (250), best score ([0/0/0/0/0]hard/[0/-17083]soft), move evaluation speed (6763/sec), step total (17).
16:51:30.272 [main] INFO ai.timefold.solver.core.impl.solver.DefaultSolver -- Solving ended: time spent (250), best score ([0/0/0/0/0]hard/[0/-17083]soft), move evaluation speed (6736/sec), phase total (1), environment mode (FULL_ASSERT), move thread count (NONE).
16:51:30.276 [main] INFO ai.timefold.solver.core.impl.solver.DefaultSolver -- Solving started: time spent (0), best score ([0/0/0/0/0]hard/[-0.1131468572778827977315689981096409/-17241]soft), environment mode (FULL_ASSERT), move thread count (NONE), random (seed 17).
16:51:30.276 [main] INFO ai.timefold.solver.core.impl.solver.DefaultSolver -- Problem scale: genuine entity count (3), genuine variable count (3), approximate value count (6), approximate problem scale (60,480).
16:51:30.527 [main] INFO ai.timefold.solver.core.impl.localsearch.DefaultLocalSearchPhase -- Local Search phase (0) ended: time spent (251), best score ([0/0/0/0/0]hard/[-0.032178048204158790170132325141776930/-17183]soft), move evaluation speed (4836/sec), step total (13).
16:51:30.527 [main] INFO ai.timefold.solver.core.impl.solver.DefaultSolver -- Solving ended: time spent (251), best score ([0/0/0/0/0]hard/[-0.032178048204158790170132325141776930/-17183]soft), move evaluation speed (4816/sec), phase total (1), environment mode (FULL_ASSERT), move thread count (NONE).
16:51:30.565 [main] INFO ai.timefold.solver.core.impl.solver.DefaultSolver -- Solving started: time spent (2), best score ([0/0/0/0/0]hard/[0/-17241]soft), environment mode (FULL_ASSERT), move thread count (NONE), random (seed 17).
16:51:30.565 [main] INFO ai.timefold.solver.core.impl.solver.DefaultSolver -- Problem scale: genuine entity count (3), genuine variable count (3), approximate value count (6), approximate problem scale (60,480).
16:51:30.814 [main] INFO ai.timefold.solver.core.impl.localsearch.DefaultLocalSearchPhase -- Local Search phase (0) ended: time spent (251), best score ([0/0/0/0/0]hard/[0/-16541]soft), move evaluation speed (4497/sec), step total (198).
16:51:30.814 [main] INFO ai.timefold.solver.core.impl.solver.DefaultSolver -- Solving ended: time spent (251), best score ([0/0/0/0/0]hard/[0/-16541]soft), move evaluation speed (4462/sec), phase total (1), environment mode (FULL_ASSERT), move thread count (NONE).
16:51:30.847 [main] INFO ai.timefold.solver.core.impl.solver.DefaultSolver -- Solving started: time spent (0), best score ([0/0/-4/0/0]hard/[0/-3000]soft), environment mode (FULL_ASSERT), move thread count (NONE), random (seed 17).
16:51:30.847 [main] INFO ai.timefold.solver.core.impl.solver.DefaultSolver -- Problem scale: genuine entity count (3), genuine variable count (3), approximate value count (6), approximate problem scale (60,480).
16:51:30.853 [main] INFO ai.timefold.solver.core.impl.constructionheuristic.DefaultConstructionHeuristicPhase -- Construction Heuristic phase (0) ended: time spent (6), best score ([0/0/0/0/0]hard/[0/-9000]soft), move evaluation speed (4333/sec), step total (4).
16:51:31.097 [main] INFO ai.timefold.solver.core.impl.localsearch.DefaultLocalSearchPhase -- Local Search phase (1) ended: time spent (250), best score ([0/0/0/0/0]hard/[0/-9000]soft), move evaluation speed (2567/sec), step total (558).
16:51:31.097 [main] INFO ai.timefold.solver.core.impl.solver.DefaultSolver -- Solving ended: time spent (250), best score ([0/0/0/0/0]hard/[0/-9000]soft), move evaluation speed (2600/sec), phase total (2), environment mode (FULL_ASSERT), move thread count (NONE).
16:51:31.102 [main] INFO ai.timefold.solver.core.impl.solver.DefaultSolver -- Solving started: time spent (1), best score ([0/-21120/0/0/0]hard/[0/-17891]soft), environment mode (FULL_ASSERT), move thread count (NONE), random (seed 17).
16:51:31.102 [main] INFO ai.timefold.solver.core.impl.solver.DefaultSolver -- Problem scale: genuine entity count (3), genuine variable count (3), approximate value count (6), approximate problem scale (60,480).
16:51:31.351 [main] INFO ai.timefold.solver.core.impl.localsearch.DefaultLocalSearchPhase -- Local Search phase (0) ended: time spent (250), best score ([0/0/0/0/0]hard/[0/-16591]soft), move evaluation speed (5076/sec), step total (295).
16:51:31.351 [main] INFO ai.timefold.solver.core.impl.solver.DefaultSolver -- Solving ended: time spent (250), best score ([0/0/0/0/0]hard/[0/-16591]soft), move evaluation speed (5036/sec), phase total (1), environment mode (FULL_ASSERT), move thread count (NONE).
16:51:31.355 [main] INFO ai.timefold.solver.core.impl.solver.DefaultSolver -- Solving started: time spent (1), best score ([0/0/0/0/0]hard/[-0.1131468572778827977315689981096409/-17241]soft), environment mode (FULL_ASSERT), move thread count (NONE), random (seed 17).
16:51:31.355 [main] INFO ai.timefold.solver.core.impl.solver.DefaultSolver -- Problem scale: genuine entity count (3), genuine variable count (3), approximate value count (6), approximate problem scale (60,480).
16:51:31.604 [main] INFO ai.timefold.solver.core.impl.localsearch.DefaultLocalSearchPhase -- Local Search phase (0) ended: time spent (250), best score ([0/0/0/0/0]hard/[-0.03217804820415879017013232514177693/-17183]soft), move evaluation speed (5125/sec), step total (201).
16:51:31.604 [main] INFO ai.timefold.solver.core.impl.solver.DefaultSolver -- Solving ended: time spent (250), best score ([0/0/0/0/0]hard/[-0.03217804820415879017013232514177693/-17183]soft), move evaluation speed (5084/sec), phase total (1), environment mode (FULL_ASSERT), move thread count (NONE).
16:51:31.635 [main] INFO ai.timefold.solver.core.impl.solver.DefaultSolver -- Solving started: time spent (1), best score ([0/0/0/0/0]hard/[0/-17241]soft), environment mode (FULL_ASSERT), move thread count (NONE), random (seed 17).
16:51:31.635 [main] INFO ai.timefold.solver.core.impl.solver.DefaultSolver -- Problem scale: genuine entity count (3), genuine variable count (3), approximate value count (6), approximate problem scale (60,480).
16:51:31.884 [main] INFO ai.timefold.solver.core.impl.localsearch.DefaultLocalSearchPhase -- Local Search phase (0) ended: time spent (250), best score ([0/0/0/0/0]hard/[0/-16541]soft), move evaluation speed (5405/sec), step total (266).
16:51:31.884 [main] INFO ai.timefold.solver.core.impl.solver.DefaultSolver -- Solving ended: time spent (250), best score ([0/0/0/0/0]hard/[0/-16541]soft), move evaluation speed (5384/sec), phase total (1), environment mode (FULL_ASSERT), move thread count (NONE).
16:51:31.913 [main] INFO ai.timefold.solver.core.impl.solver.DefaultSolver -- Solving started: time spent (1), best score ([0/0/-4/0/0]hard/[0/-3000]soft), environment mode (FULL_ASSERT), move thread count (NONE), random (seed 17).
16:51:31.913 [main] INFO ai.timefold.solver.core.impl.solver.DefaultSolver -- Problem scale: genuine entity count (3), genuine variable count (3), approximate value count (6), approximate problem scale (60,480).
16:51:31.919 [main] INFO ai.timefold.solver.core.impl.constructionheuristic.DefaultConstructionHeuristicPhase -- Construction Heuristic phase (0) ended: time spent (7), best score ([0/0/0/0/0]hard/[0/-9000]soft), move evaluation speed (4333/sec), step total (4).
16:51:32.162 [main] INFO ai.timefold.solver.core.impl.localsearch.DefaultLocalSearchPhase -- Local Search phase (1) ended: time spent (250), best score ([0/0/0/0/0]hard/[0/-9000]soft), move evaluation speed (2539/sec), step total (582).
16:51:32.162 [main] INFO ai.timefold.solver.core.impl.solver.DefaultSolver -- Solving ended: time spent (250), best score ([0/0/0/0/0]hard/[0/-9000]soft), move evaluation speed (2572/sec), phase total (2), environment mode (FULL_ASSERT), move thread count (NONE).
16:51:32.165 [main] INFO ai.timefold.solver.core.impl.solver.DefaultSolver -- Solving started: time spent (0), best score ([0/-21120/0/0/0]hard/[0/-17891]soft), environment mode (FULL_ASSERT), move thread count (NONE), random (seed 17).
16:51:32.166 [main] INFO ai.timefold.solver.core.impl.solver.DefaultSolver -- Problem scale: genuine entity count (3), genuine variable count (3), approximate value count (6), approximate problem scale (60,480).
16:51:32.415 [main] INFO ai.timefold.solver.core.impl.localsearch.DefaultLocalSearchPhase -- Local Search phase (0) ended: time spent (250), best score ([0/0/0/0/0]hard/[0/-16591]soft), move evaluation speed (6309/sec), step total (148).
16:51:32.415 [main] INFO ai.timefold.solver.core.impl.solver.DefaultSolver -- Solving ended: time spent (250), best score ([0/0/0/0/0]hard/[0/-16591]soft), move evaluation speed (6284/sec), phase total (1), environment mode (FULL_ASSERT), move thread count (NONE).
16:51:32.418 [main] INFO ai.timefold.solver.core.impl.solver.DefaultSolver -- Solving started: time spent (1), best score ([0/0/0/0/0]hard/[-0.1131468572778827977315689981096409/-17241]soft), environment mode (FULL_ASSERT), move thread count (NONE), random (seed 17).
16:51:32.418 [main] INFO ai.timefold.solver.core.impl.solver.DefaultSolver -- Problem scale: genuine entity count (3), genuine variable count (3), approximate value count (6), approximate problem scale (60,480).
16:51:32.668 [main] INFO ai.timefold.solver.core.impl.localsearch.DefaultLocalSearchPhase -- Local Search phase (0) ended: time spent (251), best score ([0/0/0/0/0]hard/[-0.032178048204158790170132325141776930/-17183]soft), move evaluation speed (4484/sec), step total (166).
16:51:32.668 [main] INFO ai.timefold.solver.core.impl.solver.DefaultSolver -- Solving ended: time spent (251), best score ([0/0/0/0/0]hard/[-0.032178048204158790170132325141776930/-17183]soft), move evaluation speed (4466/sec), phase total (1), environment mode (FULL_ASSERT), move thread count (NONE).
16:51:32.696 [main] INFO ai.timefold.solver.core.impl.solver.DefaultSolver -- Solving started: time spent (0), best score ([0/0/0/0/0]hard/[0/-17241]soft), environment mode (FULL_ASSERT), move thread count (NONE), random (seed 17).
16:51:32.697 [main] INFO ai.timefold.solver.core.impl.solver.DefaultSolver -- Problem scale: genuine entity count (3), genuine variable count (3), approximate value count (6), approximate problem scale (60,480).
16:51:32.946 [main] INFO ai.timefold.solver.core.impl.localsearch.DefaultLocalSearchPhase -- Local Search phase (0) ended: time spent (250), best score ([0/0/0/0/0]hard/[0/-16541]soft), move evaluation speed (5702/sec), step total (2).
16:51:32.946 [main] INFO ai.timefold.solver.core.impl.solver.DefaultSolver -- Solving ended: time spent (250), best score ([0/0/0/0/0]hard/[0/-16541]soft), move evaluation speed (5680/sec), phase total (1), environment mode (FULL_ASSERT), move thread count (NONE).
16:51:32.973 [main] INFO ai.timefold.solver.core.impl.solver.DefaultSolver -- Solving started: time spent (0), best score ([0/0/-4/0/0]hard/[0/-3000]soft), environment mode (FULL_ASSERT), move thread count (NONE), random (seed 17).
16:51:32.973 [main] INFO ai.timefold.solver.core.impl.solver.DefaultSolver -- Problem scale: genuine entity count (3), genuine variable count (3), approximate value count (6), approximate problem scale (60,480).
16:51:32.980 [main] INFO ai.timefold.solver.core.impl.constructionheuristic.DefaultConstructionHeuristicPhase -- Construction Heuristic phase (0) ended: time spent (7), best score ([0/0/0/0/0]hard/[0/-9000]soft), move evaluation speed (3714/sec), step total (4).
16:51:33.223 [main] INFO ai.timefold.solver.core.impl.localsearch.DefaultLocalSearchPhase -- Local Search phase (1) ended: time spent (250), best score ([0/0/0/0/0]hard/[0/-9000]soft), move evaluation speed (6103/sec), step total (2).
16:51:33.224 [main] INFO ai.timefold.solver.core.impl.solver.DefaultSolver -- Solving ended: time spent (250), best score ([0/0/0/0/0]hard/[0/-9000]soft), move evaluation speed (6012/sec), phase total (2), environment mode (FULL_ASSERT), move thread count (NONE).
16:51:33.227 [main] INFO ai.timefold.solver.core.impl.solver.DefaultSolver -- Solving started: time spent (2), best score ([0/-21120/0/0/0]hard/[0/-17891]soft), environment mode (FULL_ASSERT), move thread count (NONE), random (seed 17).
16:51:33.227 [main] INFO ai.timefold.solver.core.impl.solver.DefaultSolver -- Problem scale: genuine entity count (3), genuine variable count (3), approximate value count (6), approximate problem scale (60,480).
16:51:33.475 [main] INFO ai.timefold.solver.core.impl.localsearch.DefaultLocalSearchPhase -- Local Search phase (0) ended: time spent (250), best score ([0/-13980/0/0/0]hard/[0/-17733]soft), move evaluation speed (5705/sec), step total (2).
16:51:33.475 [main] INFO ai.timefold.solver.core.impl.solver.DefaultSolver -- Solving ended: time spent (250), best score ([0/-13980/0/0/0]hard/[0/-17733]soft), move evaluation speed (5660/sec), phase total (1), environment mode (FULL_ASSERT), move thread count (NONE).
16:51:33.479 [main] INFO ai.timefold.solver.core.impl.solver.DefaultSolver -- Solving started: time spent (1), best score ([0/0/0/0/0]hard/[-0.1131468572778827977315689981096409/-17241]soft), environment mode (FULL_ASSERT), move thread count (NONE), random (seed 17).
16:51:33.479 [main] INFO ai.timefold.solver.core.impl.solver.DefaultSolver -- Problem scale: genuine entity count (3), genuine variable count (3), approximate value count (6), approximate problem scale (60,480).
16:51:33.728 [main] INFO ai.timefold.solver.core.impl.localsearch.DefaultLocalSearchPhase -- Local Search phase (0) ended: time spent (250), best score ([0/0/0/0/0]hard/[-0.10399436830497794580970384373030880/-16541]soft), move evaluation speed (5297/sec), step total (2).
16:51:33.729 [main] INFO ai.timefold.solver.core.impl.solver.DefaultSolver -- Solving ended: time spent (251), best score ([0/0/0/0/0]hard/[-0.10399436830497794580970384373030880/-16541]soft), move evaluation speed (5254/sec), phase total (1), environment mode (FULL_ASSERT), move thread count (NONE).
16:51:33.760 [main] INFO ai.timefold.solver.core.impl.solver.DefaultSolver -- Solving started: time spent (0), best score ([0/0/0/0/0]hard/[0/-17241]soft), environment mode (FULL_ASSERT), move thread count (NONE), random (seed 17).
16:51:33.760 [main] INFO ai.timefold.solver.core.impl.solver.DefaultSolver -- Problem scale: genuine entity count (3), genuine variable count (3), approximate value count (6), approximate problem scale (60,480).
16:51:34.010 [main] INFO ai.timefold.solver.core.impl.localsearch.DefaultLocalSearchPhase -- Local Search phase (0) ended: time spent (250), best score ([0/0/0/0/0]hard/[0/-16541]soft), move evaluation speed (4548/sec), step total (183).
16:51:34.011 [main] INFO ai.timefold.solver.core.impl.solver.DefaultSolver -- Solving ended: time spent (251), best score ([0/0/0/0/0]hard/[0/-16541]soft), move evaluation speed (4529/sec), phase total (1), environment mode (FULL_ASSERT), move thread count (NONE).
16:51:34.039 [main] INFO ai.timefold.solver.core.impl.solver.DefaultSolver -- Solving started: time spent (1), best score ([0/0/-4/0/0]hard/[0/-3000]soft), environment mode (FULL_ASSERT), move thread count (NONE), random (seed 17).
16:51:34.039 [main] INFO ai.timefold.solver.core.impl.solver.DefaultSolver -- Problem scale: genuine entity count (3), genuine variable count (3), approximate value count (6), approximate problem scale (60,480).
16:51:34.044 [main] INFO ai.timefold.solver.core.impl.constructionheuristic.DefaultConstructionHeuristicPhase -- Construction Heuristic phase (0) ended: time spent (6), best score ([0/0/0/0/0]hard/[0/-9000]soft), move evaluation speed (5200/sec), step total (4).
16:51:34.288 [main] INFO ai.timefold.solver.core.impl.localsearch.DefaultLocalSearchPhase -- Local Search phase (1) ended: time spent (250), best score ([0/0/0/0/0]hard/[0/-9000]soft), move evaluation speed (2122/sec), step total (494).
16:51:34.288 [main] INFO ai.timefold.solver.core.impl.solver.DefaultSolver -- Solving ended: time spent (250), best score ([0/0/0/0/0]hard/[0/-9000]soft), move evaluation speed (2176/sec), phase total (2), environment mode (FULL_ASSERT), move thread count (NONE).
16:51:34.291 [main] INFO ai.timefold.solver.core.impl.solver.DefaultSolver -- Solving started: time spent (1), best score ([0/-21120/0/0/0]hard/[0/-17891]soft), environment mode (FULL_ASSERT), move thread count (NONE), random (seed 17).
16:51:34.291 [main] INFO ai.timefold.solver.core.impl.solver.DefaultSolver -- Problem scale: genuine entity count (3), genuine variable count (3), approximate value count (6), approximate problem scale (60,480).
16:51:34.540 [main] INFO ai.timefold.solver.core.impl.localsearch.DefaultLocalSearchPhase -- Local Search phase (0) ended: time spent (250), best score ([0/0/0/0/0]hard/[0/-16591]soft), move evaluation speed (4666/sec), step total (121).
16:51:34.540 [main] INFO ai.timefold.solver.core.impl.solver.DefaultSolver -- Solving ended: time spent (250), best score ([0/0/0/0/0]hard/[0/-16591]soft), move evaluation speed (4648/sec), phase total (1), environment mode (FULL_ASSERT), move thread count (NONE).
16:51:34.546 [main] INFO ai.timefold.solver.core.impl.solver.DefaultSolver -- Solving started: time spent (3), best score ([0/0/0/0/0]hard/[-0.1131468572778827977315689981096409/-17241]soft), environment mode (FULL_ASSERT), move thread count (NONE), random (seed 17).
16:51:34.546 [main] INFO ai.timefold.solver.core.impl.solver.DefaultSolver -- Problem scale: genuine entity count (3), genuine variable count (3), approximate value count (6), approximate problem scale (60,480).
16:51:34.793 [main] INFO ai.timefold.solver.core.impl.localsearch.DefaultLocalSearchPhase -- Local Search phase (0) ended: time spent (250), best score ([0/0/0/0/0]hard/[-0.02640168819575719386683469859273262000/-17283]soft), move evaluation speed (4386/sec), step total (107).
16:51:34.793 [main] INFO ai.timefold.solver.core.impl.solver.DefaultSolver -- Solving ended: time spent (250), best score ([0/0/0/0/0]hard/[-0.02640168819575719386683469859273262000/-17283]soft), move evaluation speed (4316/sec), phase total (1), environment mode (FULL_ASSERT), move thread count (NONE).
16:51:34.823 [main] INFO ai.timefold.solver.core.impl.solver.DefaultSolver -- Solving started: time spent (1), best score ([0/0/0/0/0]hard/[0/-17241]soft), environment mode (FULL_ASSERT), move thread count (NONE), random (seed 17).
16:51:34.823 [main] INFO ai.timefold.solver.core.impl.solver.DefaultSolver -- Problem scale: genuine entity count (3), genuine variable count (3), approximate value count (6), approximate problem scale (60,480).
16:51:35.072 [main] INFO ai.timefold.solver.core.impl.localsearch.DefaultLocalSearchPhase -- Local Search phase (0) ended: time spent (250), best score ([0/0/0/0/0]hard/[0/-16541]soft), move evaluation speed (3971/sec), step total (162).
16:51:35.073 [main] INFO ai.timefold.solver.core.impl.solver.DefaultSolver -- Solving ended: time spent (251), best score ([0/0/0/0/0]hard/[0/-16541]soft), move evaluation speed (3940/sec), phase total (1), environment mode (FULL_ASSERT), move thread count (NONE).
16:51:35.101 [main] INFO ai.timefold.solver.core.impl.solver.DefaultSolver -- Solving started: time spent (0), best score ([0/0/-4/0/0]hard/[0/-3000]soft), environment mode (FULL_ASSERT), move thread count (NONE), random (seed 17).
16:51:35.101 [main] INFO ai.timefold.solver.core.impl.solver.DefaultSolver -- Problem scale: genuine entity count (3), genuine variable count (3), approximate value count (6), approximate problem scale (60,480).
16:51:35.108 [main] INFO ai.timefold.solver.core.impl.constructionheuristic.DefaultConstructionHeuristicPhase -- Construction Heuristic phase (0) ended: time spent (7), best score ([0/0/0/0/0]hard/[0/-9000]soft), move evaluation speed (4333/sec), step total (4).
16:51:35.351 [main] INFO ai.timefold.solver.core.impl.localsearch.DefaultLocalSearchPhase -- Local Search phase (1) ended: time spent (250), best score ([0/0/0/0/0]hard/[0/-9000]soft), move evaluation speed (2139/sec), step total (491).
16:51:35.351 [main] INFO ai.timefold.solver.core.impl.solver.DefaultSolver -- Solving ended: time spent (250), best score ([0/0/0/0/0]hard/[0/-9000]soft), move evaluation speed (2184/sec), phase total (2), environment mode (FULL_ASSERT), move thread count (NONE).
16:51:35.355 [main] INFO ai.timefold.solver.core.impl.solver.DefaultSolver -- Solving started: time spent (1), best score ([0/-21120/0/0/0]hard/[0/-17891]soft), environment mode (FULL_ASSERT), move thread count (NONE), random (seed 17).
16:51:35.355 [main] INFO ai.timefold.solver.core.impl.solver.DefaultSolver -- Problem scale: genuine entity count (3), genuine variable count (3), approximate value count (6), approximate problem scale (60,480).
16:51:35.605 [main] INFO ai.timefold.solver.core.impl.localsearch.DefaultLocalSearchPhase -- Local Search phase (0) ended: time spent (251), best score ([0/0/0/0/0]hard/[0/-16591]soft), move evaluation speed (4496/sec), step total (170).
16:51:35.605 [main] INFO ai.timefold.solver.core.impl.solver.DefaultSolver -- Solving ended: time spent (251), best score ([0/0/0/0/0]hard/[0/-16591]soft), move evaluation speed (4478/sec), phase total (1), environment mode (FULL_ASSERT), move thread count (NONE).
16:51:35.608 [main] INFO ai.timefold.solver.core.impl.solver.DefaultSolver -- Solving started: time spent (0), best score ([0/0/0/0/0]hard/[-0.1131468572778827977315689981096409/-17241]soft), environment mode (FULL_ASSERT), move thread count (NONE), random (seed 17).
16:51:35.608 [main] INFO ai.timefold.solver.core.impl.solver.DefaultSolver -- Problem scale: genuine entity count (3), genuine variable count (3), approximate value count (6), approximate problem scale (60,480).
16:51:35.858 [main] INFO ai.timefold.solver.core.impl.localsearch.DefaultLocalSearchPhase -- Local Search phase (0) ended: time spent (250), best score ([0/0/0/0/0]hard/[-0.0321780482041587901701323251417769300/-17183]soft), move evaluation speed (3812/sec), step total (131).
16:51:35.858 [main] INFO ai.timefold.solver.core.impl.solver.DefaultSolver -- Solving ended: time spent (250), best score ([0/0/0/0/0]hard/[-0.0321780482041587901701323251417769300/-17183]soft), move evaluation speed (3812/sec), phase total (1), environment mode (FULL_ASSERT), move thread count (NONE).
16:51:35.885 [main] INFO ai.timefold.solver.core.impl.solver.DefaultSolver -- Solving started: time spent (1), best score ([0/0/0/0/0]hard/[0/-17241]soft), environment mode (FULL_ASSERT), move thread count (NONE), random (seed 17).
16:51:35.885 [main] INFO ai.timefold.solver.core.impl.solver.DefaultSolver -- Problem scale: genuine entity count (3), genuine variable count (3), approximate value count (6), approximate problem scale (60,480).
16:51:36.134 [main] INFO ai.timefold.solver.core.impl.localsearch.DefaultLocalSearchPhase -- Local Search phase (0) ended: time spent (250), best score ([0/0/0/0/0]hard/[0/-16541]soft), move evaluation speed (3827/sec), step total (163).
16:51:36.134 [main] INFO ai.timefold.solver.core.impl.solver.DefaultSolver -- Solving ended: time spent (250), best score ([0/0/0/0/0]hard/[0/-16541]soft), move evaluation speed (3812/sec), phase total (1), environment mode (FULL_ASSERT), move thread count (NONE).
16:51:36.160 [main] INFO ai.timefold.solver.core.impl.solver.DefaultSolver -- Solving started: time spent (0), best score ([0/0/-4/0/0]hard/[0/-3000]soft), environment mode (FULL_ASSERT), move thread count (NONE), random (seed 17).
16:51:36.160 [main] INFO ai.timefold.solver.core.impl.solver.DefaultSolver -- Problem scale: genuine entity count (3), genuine variable count (3), approximate value count (6), approximate problem scale (60,480).
16:51:36.167 [main] INFO ai.timefold.solver.core.impl.constructionheuristic.DefaultConstructionHeuristicPhase -- Construction Heuristic phase (0) ended: time spent (7), best score ([0/0/0/0/0]hard/[0/-9000]soft), move evaluation speed (3714/sec), step total (4).
16:51:36.410 [main] INFO ai.timefold.solver.core.impl.localsearch.DefaultLocalSearchPhase -- Local Search phase (1) ended: time spent (250), best score ([0/0/0/0/0]hard/[0/-9000]soft), move evaluation speed (1831/sec), step total (430).
16:51:36.410 [main] INFO ai.timefold.solver.core.impl.solver.DefaultSolver -- Solving ended: time spent (250), best score ([0/0/0/0/0]hard/[0/-9000]soft), move evaluation speed (1884/sec), phase total (2), environment mode (FULL_ASSERT), move thread count (NONE).
16:51:36.413 [main] INFO ai.timefold.solver.core.impl.solver.DefaultSolver -- Solving started: time spent (0), best score ([0/-21120/0/0/0]hard/[0/-17891]soft), environment mode (FULL_ASSERT), move thread count (NONE), random (seed 17).
16:51:36.414 [main] INFO ai.timefold.solver.core.impl.solver.DefaultSolver -- Problem scale: genuine entity count (3), genuine variable count (3), approximate value count (6), approximate problem scale (60,480).
16:51:36.663 [main] INFO ai.timefold.solver.core.impl.localsearch.DefaultLocalSearchPhase -- Local Search phase (0) ended: time spent (250), best score ([0/0/0/0/0]hard/[0/-16591]soft), move evaluation speed (5060/sec), step total (20).
16:51:36.663 [main] INFO ai.timefold.solver.core.impl.solver.DefaultSolver -- Solving ended: time spent (250), best score ([0/0/0/0/0]hard/[0/-16591]soft), move evaluation speed (5040/sec), phase total (1), environment mode (FULL_ASSERT), move thread count (NONE).
16:51:36.669 [main] INFO ai.timefold.solver.core.impl.solver.DefaultSolver -- Solving started: time spent (2), best score ([0/0/0/0/0]hard/[-0.1131468572778827977315689981096409/-17241]soft), environment mode (FULL_ASSERT), move thread count (NONE), random (seed 17).
16:51:36.669 [main] INFO ai.timefold.solver.core.impl.solver.DefaultSolver -- Problem scale: genuine entity count (3), genuine variable count (3), approximate value count (6), approximate problem scale (60,480).
16:51:36.917 [main] INFO ai.timefold.solver.core.impl.localsearch.DefaultLocalSearchPhase -- Local Search phase (0) ended: time spent (250), best score ([0/0/0/0/0]hard/[-0.026401688195757193866834698592732620/-17283]soft), move evaluation speed (4193/sec), step total (117).
16:51:36.918 [main] INFO ai.timefold.solver.core.impl.solver.DefaultSolver -- Solving ended: time spent (250), best score ([0/0/0/0/0]hard/[-0.026401688195757193866834698592732620/-17283]soft), move evaluation speed (4160/sec), phase total (1), environment mode (FULL_ASSERT), move thread count (NONE).
16:51:36.944 [main] INFO ai.timefold.solver.core.impl.solver.DefaultSolver -- Solving started: time spent (2), best score ([0/0/0/0/0]hard/[0/-17241]soft), environment mode (FULL_ASSERT), move thread count (NONE), random (seed 29).
16:51:36.944 [main] INFO ai.timefold.solver.core.impl.solver.DefaultSolver -- Problem scale: genuine entity count (3), genuine variable count (3), approximate value count (6), approximate problem scale (60,480).
16:51:37.193 [main] INFO ai.timefold.solver.core.impl.localsearch.DefaultLocalSearchPhase -- Local Search phase (0) ended: time spent (251), best score ([0/0/0/0/0]hard/[0/-16541]soft), move evaluation speed (5325/sec), step total (14).
16:51:37.193 [main] INFO ai.timefold.solver.core.impl.solver.DefaultSolver -- Solving ended: time spent (251), best score ([0/0/0/0/0]hard/[0/-16541]soft), move evaluation speed (5282/sec), phase total (1), environment mode (FULL_ASSERT), move thread count (NONE).
16:51:37.217 [main] INFO ai.timefold.solver.core.impl.solver.DefaultSolver -- Solving started: time spent (0), best score ([0/0/-4/0/0]hard/[0/-3000]soft), environment mode (FULL_ASSERT), move thread count (NONE), random (seed 29).
16:51:37.218 [main] INFO ai.timefold.solver.core.impl.solver.DefaultSolver -- Problem scale: genuine entity count (3), genuine variable count (3), approximate value count (6), approximate problem scale (60,480).
16:51:37.224 [main] INFO ai.timefold.solver.core.impl.constructionheuristic.DefaultConstructionHeuristicPhase -- Construction Heuristic phase (0) ended: time spent (7), best score ([0/0/0/0/0]hard/[0/-9000]soft), move evaluation speed (4333/sec), step total (4).
16:51:37.467 [main] INFO ai.timefold.solver.core.impl.localsearch.DefaultLocalSearchPhase -- Local Search phase (1) ended: time spent (250), best score ([0/0/0/0/0]hard/[0/-9000]soft), move evaluation speed (6888/sec), step total (17).
16:51:37.467 [main] INFO ai.timefold.solver.core.impl.solver.DefaultSolver -- Solving ended: time spent (250), best score ([0/0/0/0/0]hard/[0/-9000]soft), move evaluation speed (6772/sec), phase total (2), environment mode (FULL_ASSERT), move thread count (NONE).
16:51:37.470 [main] INFO ai.timefold.solver.core.impl.solver.DefaultSolver -- Solving started: time spent (1), best score ([0/-21120/0/0/0]hard/[0/-17891]soft), environment mode (FULL_ASSERT), move thread count (NONE), random (seed 29).
16:51:37.470 [main] INFO ai.timefold.solver.core.impl.solver.DefaultSolver -- Problem scale: genuine entity count (3), genuine variable count (3), approximate value count (6), approximate problem scale (60,480).
16:51:37.719 [main] INFO ai.timefold.solver.core.impl.localsearch.DefaultLocalSearchPhase -- Local Search phase (0) ended: time spent (250), best score ([0/0/0/0/0]hard/[0/-17083]soft), move evaluation speed (7598/sec), step total (19).
16:51:37.719 [main] INFO ai.timefold.solver.core.impl.solver.DefaultSolver -- Solving ended: time spent (250), best score ([0/0/0/0/0]hard/[0/-17083]soft), move evaluation speed (7568/sec), phase total (1), environment mode (FULL_ASSERT), move thread count (NONE).
16:51:37.723 [main] INFO ai.timefold.solver.core.impl.solver.DefaultSolver -- Solving started: time spent (1), best score ([0/0/0/0/0]hard/[-0.1131468572778827977315689981096409/-17241]soft), environment mode (FULL_ASSERT), move thread count (NONE), random (seed 29).
16:51:37.724 [main] INFO ai.timefold.solver.core.impl.solver.DefaultSolver -- Problem scale: genuine entity count (3), genuine variable count (3), approximate value count (6), approximate problem scale (60,480).
16:51:37.972 [main] INFO ai.timefold.solver.core.impl.localsearch.DefaultLocalSearchPhase -- Local Search phase (0) ended: time spent (250), best score ([0/0/0/0/0]hard/[-0.026401688195757193866834698592732620/-17283]soft), move evaluation speed (7197/sec), step total (18).
16:51:37.972 [main] INFO ai.timefold.solver.core.impl.solver.DefaultSolver -- Solving ended: time spent (250), best score ([0/0/0/0/0]hard/[-0.026401688195757193866834698592732620/-17283]soft), move evaluation speed (7140/sec), phase total (1), environment mode (FULL_ASSERT), move thread count (NONE).
16:51:37.993 [main] INFO ai.timefold.solver.core.impl.solver.DefaultSolver -- Solving started: time spent (1), best score ([0/0/0/0/0]hard/[0/-17241]soft), environment mode (FULL_ASSERT), move thread count (NONE), random (seed 29).
16:51:37.993 [main] INFO ai.timefold.solver.core.impl.solver.DefaultSolver -- Problem scale: genuine entity count (3), genuine variable count (3), approximate value count (6), approximate problem scale (60,480).
16:51:38.242 [main] INFO ai.timefold.solver.core.impl.localsearch.DefaultLocalSearchPhase -- Local Search phase (0) ended: time spent (250), best score ([0/0/0/0/0]hard/[0/-16541]soft), move evaluation speed (6698/sec), step total (17).
16:51:38.243 [main] INFO ai.timefold.solver.core.impl.solver.DefaultSolver -- Solving ended: time spent (250), best score ([0/0/0/0/0]hard/[0/-16541]soft), move evaluation speed (6672/sec), phase total (1), environment mode (FULL_ASSERT), move thread count (NONE).
16:51:38.265 [main] INFO ai.timefold.solver.core.impl.solver.DefaultSolver -- Solving started: time spent (0), best score ([0/0/-4/0/0]hard/[0/-3000]soft), environment mode (FULL_ASSERT), move thread count (NONE), random (seed 29).
16:51:38.265 [main] INFO ai.timefold.solver.core.impl.solver.DefaultSolver -- Problem scale: genuine entity count (3), genuine variable count (3), approximate value count (6), approximate problem scale (60,480).
16:51:38.272 [main] INFO ai.timefold.solver.core.impl.constructionheuristic.DefaultConstructionHeuristicPhase -- Construction Heuristic phase (0) ended: time spent (7), best score ([0/0/0/0/0]hard/[0/-9000]soft), move evaluation speed (3714/sec), step total (4).
16:51:38.515 [main] INFO ai.timefold.solver.core.impl.localsearch.DefaultLocalSearchPhase -- Local Search phase (1) ended: time spent (250), best score ([0/0/0/0/0]hard/[0/-9000]soft), move evaluation speed (6687/sec), step total (17).
16:51:38.515 [main] INFO ai.timefold.solver.core.impl.solver.DefaultSolver -- Solving ended: time spent (250), best score ([0/0/0/0/0]hard/[0/-9000]soft), move evaluation speed (6604/sec), phase total (2), environment mode (FULL_ASSERT), move thread count (NONE).
16:51:38.517 [main] INFO ai.timefold.solver.core.impl.solver.DefaultSolver -- Solving started: time spent (0), best score ([0/-21120/0/0/0]hard/[0/-17891]soft), environment mode (FULL_ASSERT), move thread count (NONE), random (seed 29).
16:51:38.517 [main] INFO ai.timefold.solver.core.impl.solver.DefaultSolver -- Problem scale: genuine entity count (3), genuine variable count (3), approximate value count (6), approximate problem scale (60,480).
16:51:38.767 [main] INFO ai.timefold.solver.core.impl.localsearch.DefaultLocalSearchPhase -- Local Search phase (0) ended: time spent (250), best score ([0/0/0/0/0]hard/[0/-17083]soft), move evaluation speed (6440/sec), step total (17).
16:51:38.767 [main] INFO ai.timefold.solver.core.impl.solver.DefaultSolver -- Solving ended: time spent (250), best score ([0/0/0/0/0]hard/[0/-17083]soft), move evaluation speed (6440/sec), phase total (1), environment mode (FULL_ASSERT), move thread count (NONE).
16:51:38.771 [main] INFO ai.timefold.solver.core.impl.solver.DefaultSolver -- Solving started: time spent (1), best score ([0/0/0/0/0]hard/[-0.1131468572778827977315689981096409/-17241]soft), environment mode (FULL_ASSERT), move thread count (NONE), random (seed 29).
16:51:38.771 [main] INFO ai.timefold.solver.core.impl.solver.DefaultSolver -- Problem scale: genuine entity count (3), genuine variable count (3), approximate value count (6), approximate problem scale (60,480).
16:51:39.020 [main] INFO ai.timefold.solver.core.impl.localsearch.DefaultLocalSearchPhase -- Local Search phase (0) ended: time spent (250), best score ([0/0/0/0/0]hard/[-0.026401688195757193866834698592732620/-17283]soft), move evaluation speed (7228/sec), step total (18).
16:51:39.020 [main] INFO ai.timefold.solver.core.impl.solver.DefaultSolver -- Solving ended: time spent (250), best score ([0/0/0/0/0]hard/[-0.026401688195757193866834698592732620/-17283]soft), move evaluation speed (7200/sec), phase total (1), environment mode (FULL_ASSERT), move thread count (NONE).
16:51:39.044 [main] INFO ai.timefold.solver.core.impl.solver.DefaultSolver -- Solving started: time spent (0), best score ([0/0/0/0/0]hard/[0/-17241]soft), environment mode (FULL_ASSERT), move thread count (NONE), random (seed 29).
16:51:39.044 [main] INFO ai.timefold.solver.core.impl.solver.DefaultSolver -- Problem scale: genuine entity count (3), genuine variable count (3), approximate value count (6), approximate problem scale (60,480).
16:51:39.294 [main] INFO ai.timefold.solver.core.impl.localsearch.DefaultLocalSearchPhase -- Local Search phase (0) ended: time spent (250), best score ([0/0/0/0/0]hard/[0/-16541]soft), move evaluation speed (5248/sec), step total (208).
16:51:39.294 [main] INFO ai.timefold.solver.core.impl.solver.DefaultSolver -- Solving ended: time spent (250), best score ([0/0/0/0/0]hard/[0/-16541]soft), move evaluation speed (5248/sec), phase total (1), environment mode (FULL_ASSERT), move thread count (NONE).
16:51:39.312 [main] INFO ai.timefold.solver.core.impl.solver.DefaultSolver -- Solving started: time spent (1), best score ([0/0/-4/0/0]hard/[0/-3000]soft), environment mode (FULL_ASSERT), move thread count (NONE), random (seed 29).
16:51:39.312 [main] INFO ai.timefold.solver.core.impl.solver.DefaultSolver -- Problem scale: genuine entity count (3), genuine variable count (3), approximate value count (6), approximate problem scale (60,480).
16:51:39.317 [main] INFO ai.timefold.solver.core.impl.constructionheuristic.DefaultConstructionHeuristicPhase -- Construction Heuristic phase (0) ended: time spent (6), best score ([0/0/0/0/0]hard/[0/-9000]soft), move evaluation speed (5200/sec), step total (4).
16:51:39.561 [main] INFO ai.timefold.solver.core.impl.localsearch.DefaultLocalSearchPhase -- Local Search phase (1) ended: time spent (250), best score ([0/0/0/0/0]hard/[0/-9000]soft), move evaluation speed (2851/sec), step total (599).
16:51:39.562 [main] INFO ai.timefold.solver.core.impl.solver.DefaultSolver -- Solving ended: time spent (251), best score ([0/0/0/0/0]hard/[0/-9000]soft), move evaluation speed (2864/sec), phase total (2), environment mode (FULL_ASSERT), move thread count (NONE).
16:51:39.564 [main] INFO ai.timefold.solver.core.impl.solver.DefaultSolver -- Solving started: time spent (1), best score ([0/-21120/0/0/0]hard/[0/-17891]soft), environment mode (FULL_ASSERT), move thread count (NONE), random (seed 29).
16:51:39.565 [main] INFO ai.timefold.solver.core.impl.solver.DefaultSolver -- Problem scale: genuine entity count (3), genuine variable count (3), approximate value count (6), approximate problem scale (60,480).
16:51:39.813 [main] INFO ai.timefold.solver.core.impl.localsearch.DefaultLocalSearchPhase -- Local Search phase (0) ended: time spent (250), best score ([0/0/0/0/0]hard/[0/-16591]soft), move evaluation speed (5576/sec), step total (241).
16:51:39.813 [main] INFO ai.timefold.solver.core.impl.solver.DefaultSolver -- Solving ended: time spent (250), best score ([0/0/0/0/0]hard/[0/-16591]soft), move evaluation speed (5532/sec), phase total (1), environment mode (FULL_ASSERT), move thread count (NONE).
16:51:39.816 [main] INFO ai.timefold.solver.core.impl.solver.DefaultSolver -- Solving started: time spent (1), best score ([0/0/0/0/0]hard/[-0.1131468572778827977315689981096409/-17241]soft), environment mode (FULL_ASSERT), move thread count (NONE), random (seed 29).
16:51:39.816 [main] INFO ai.timefold.solver.core.impl.solver.DefaultSolver -- Problem scale: genuine entity count (3), genuine variable count (3), approximate value count (6), approximate problem scale (60,480).
16:51:40.065 [main] INFO ai.timefold.solver.core.impl.localsearch.DefaultLocalSearchPhase -- Local Search phase (0) ended: time spent (250), best score ([0/0/0/0/0]hard/[-0.032178048204158790170132325141776930/-17183]soft), move evaluation speed (5698/sec), step total (219).
16:51:40.065 [main] INFO ai.timefold.solver.core.impl.solver.DefaultSolver -- Solving ended: time spent (250), best score ([0/0/0/0/0]hard/[-0.032178048204158790170132325141776930/-17183]soft), move evaluation speed (5676/sec), phase total (1), environment mode (FULL_ASSERT), move thread count (NONE).
16:51:40.089 [main] INFO ai.timefold.solver.core.impl.solver.DefaultSolver -- Solving started: time spent (1), best score ([0/0/0/0/0]hard/[0/-17241]soft), environment mode (FULL_ASSERT), move thread count (NONE), random (seed 29).
16:51:40.089 [main] INFO ai.timefold.solver.core.impl.solver.DefaultSolver -- Problem scale: genuine entity count (3), genuine variable count (3), approximate value count (6), approximate problem scale (60,480).
16:51:40.338 [main] INFO ai.timefold.solver.core.impl.localsearch.DefaultLocalSearchPhase -- Local Search phase (0) ended: time spent (250), best score ([0/0/0/0/0]hard/[0/-16541]soft), move evaluation speed (5289/sec), step total (218).
16:51:40.338 [main] INFO ai.timefold.solver.core.impl.solver.DefaultSolver -- Solving ended: time spent (250), best score ([0/0/0/0/0]hard/[0/-16541]soft), move evaluation speed (5268/sec), phase total (1), environment mode (FULL_ASSERT), move thread count (NONE).
16:51:40.359 [main] INFO ai.timefold.solver.core.impl.solver.DefaultSolver -- Solving started: time spent (2), best score ([0/0/-4/0/0]hard/[0/-3000]soft), environment mode (FULL_ASSERT), move thread count (NONE), random (seed 29).
16:51:40.359 [main] INFO ai.timefold.solver.core.impl.solver.DefaultSolver -- Problem scale: genuine entity count (3), genuine variable count (3), approximate value count (6), approximate problem scale (60,480).
16:51:40.365 [main] INFO ai.timefold.solver.core.impl.constructionheuristic.DefaultConstructionHeuristicPhase -- Construction Heuristic phase (0) ended: time spent (8), best score ([0/0/0/0/0]hard/[0/-9000]soft), move evaluation speed (4333/sec), step total (4).
16:51:40.607 [main] INFO ai.timefold.solver.core.impl.localsearch.DefaultLocalSearchPhase -- Local Search phase (1) ended: time spent (250), best score ([0/0/0/0/0]hard/[0/-9000]soft), move evaluation speed (2607/sec), step total (587).
16:51:40.607 [main] INFO ai.timefold.solver.core.impl.solver.DefaultSolver -- Solving ended: time spent (250), best score ([0/0/0/0/0]hard/[0/-9000]soft), move evaluation speed (2628/sec), phase total (2), environment mode (FULL_ASSERT), move thread count (NONE).
16:51:40.609 [main] INFO ai.timefold.solver.core.impl.solver.DefaultSolver -- Solving started: time spent (0), best score ([0/-21120/0/0/0]hard/[0/-17891]soft), environment mode (FULL_ASSERT), move thread count (NONE), random (seed 29).
16:51:40.610 [main] INFO ai.timefold.solver.core.impl.solver.DefaultSolver -- Problem scale: genuine entity count (3), genuine variable count (3), approximate value count (6), approximate problem scale (60,480).
16:51:40.859 [main] INFO ai.timefold.solver.core.impl.localsearch.DefaultLocalSearchPhase -- Local Search phase (0) ended: time spent (250), best score ([0/0/0/0/0]hard/[0/-17083]soft), move evaluation speed (5461/sec), step total (324).
16:51:40.859 [main] INFO ai.timefold.solver.core.impl.solver.DefaultSolver -- Solving ended: time spent (250), best score ([0/0/0/0/0]hard/[0/-17083]soft), move evaluation speed (5440/sec), phase total (1), environment mode (FULL_ASSERT), move thread count (NONE).
16:51:40.862 [main] INFO ai.timefold.solver.core.impl.solver.DefaultSolver -- Solving started: time spent (1), best score ([0/0/0/0/0]hard/[-0.1131468572778827977315689981096409/-17241]soft), environment mode (FULL_ASSERT), move thread count (NONE), random (seed 29).
16:51:40.862 [main] INFO ai.timefold.solver.core.impl.solver.DefaultSolver -- Problem scale: genuine entity count (3), genuine variable count (3), approximate value count (6), approximate problem scale (60,480).
16:51:41.111 [main] INFO ai.timefold.solver.core.impl.localsearch.DefaultLocalSearchPhase -- Local Search phase (0) ended: time spent (250), best score ([0/0/0/0/0]hard/[-0.032178048204158790170132325141776930/-17183]soft), move evaluation speed (6096/sec), step total (130).
16:51:41.111 [main] INFO ai.timefold.solver.core.impl.solver.DefaultSolver -- Solving ended: time spent (250), best score ([0/0/0/0/0]hard/[-0.032178048204158790170132325141776930/-17183]soft), move evaluation speed (6072/sec), phase total (1), environment mode (FULL_ASSERT), move thread count (NONE).
16:51:41.134 [main] INFO ai.timefold.solver.core.impl.solver.DefaultSolver -- Solving started: time spent (1), best score ([0/0/0/0/0]hard/[0/-17241]soft), environment mode (FULL_ASSERT), move thread count (NONE), random (seed 29).
16:51:41.134 [main] INFO ai.timefold.solver.core.impl.solver.DefaultSolver -- Problem scale: genuine entity count (3), genuine variable count (3), approximate value count (6), approximate problem scale (60,480).
16:51:41.383 [main] INFO ai.timefold.solver.core.impl.localsearch.DefaultLocalSearchPhase -- Local Search phase (0) ended: time spent (250), best score ([0/0/0/0/0]hard/[0/-16541]soft), move evaluation speed (7967/sec), step total (2).
16:51:41.383 [main] INFO ai.timefold.solver.core.impl.solver.DefaultSolver -- Solving ended: time spent (250), best score ([0/0/0/0/0]hard/[0/-16541]soft), move evaluation speed (7936/sec), phase total (1), environment mode (FULL_ASSERT), move thread count (NONE).
16:51:41.402 [main] INFO ai.timefold.solver.core.impl.solver.DefaultSolver -- Solving started: time spent (0), best score ([0/0/-4/0/0]hard/[0/-3000]soft), environment mode (FULL_ASSERT), move thread count (NONE), random (seed 29).
16:51:41.402 [main] INFO ai.timefold.solver.core.impl.solver.DefaultSolver -- Problem scale: genuine entity count (3), genuine variable count (3), approximate value count (6), approximate problem scale (60,480).
16:51:41.407 [main] INFO ai.timefold.solver.core.impl.constructionheuristic.DefaultConstructionHeuristicPhase -- Construction Heuristic phase (0) ended: time spent (5), best score ([0/0/0/0/0]hard/[0/-9000]soft), move evaluation speed (5200/sec), step total (4).
16:51:41.652 [main] INFO ai.timefold.solver.core.impl.localsearch.DefaultLocalSearchPhase -- Local Search phase (1) ended: time spent (250), best score ([0/0/0/0/0]hard/[0/-9000]soft), move evaluation speed (8622/sec), step total (2).
16:51:41.652 [main] INFO ai.timefold.solver.core.impl.solver.DefaultSolver -- Solving ended: time spent (250), best score ([0/0/0/0/0]hard/[0/-9000]soft), move evaluation speed (8520/sec), phase total (2), environment mode (FULL_ASSERT), move thread count (NONE).
16:51:41.654 [main] INFO ai.timefold.solver.core.impl.solver.DefaultSolver -- Solving started: time spent (0), best score ([0/-21120/0/0/0]hard/[0/-17891]soft), environment mode (FULL_ASSERT), move thread count (NONE), random (seed 29).
16:51:41.655 [main] INFO ai.timefold.solver.core.impl.solver.DefaultSolver -- Problem scale: genuine entity count (3), genuine variable count (3), approximate value count (6), approximate problem scale (60,480).
16:51:41.905 [main] INFO ai.timefold.solver.core.impl.localsearch.DefaultLocalSearchPhase -- Local Search phase (0) ended: time spent (251), best score ([0/-13980/0/0/0]hard/[0/-17733]soft), move evaluation speed (8240/sec), step total (2).
16:51:41.905 [main] INFO ai.timefold.solver.core.impl.solver.DefaultSolver -- Solving ended: time spent (251), best score ([0/-13980/0/0/0]hard/[0/-17733]soft), move evaluation speed (8207/sec), phase total (1), environment mode (FULL_ASSERT), move thread count (NONE).
16:51:41.907 [main] INFO ai.timefold.solver.core.impl.solver.DefaultSolver -- Solving started: time spent (0), best score ([0/0/0/0/0]hard/[-0.1131468572778827977315689981096409/-17241]soft), environment mode (FULL_ASSERT), move thread count (NONE), random (seed 29).
16:51:41.908 [main] INFO ai.timefold.solver.core.impl.solver.DefaultSolver -- Problem scale: genuine entity count (3), genuine variable count (3), approximate value count (6), approximate problem scale (60,480).
16:51:42.157 [main] INFO ai.timefold.solver.core.impl.localsearch.DefaultLocalSearchPhase -- Local Search phase (0) ended: time spent (250), best score ([0/0/0/0/0]hard/[-0.10399436830497794580970384373030880/-16541]soft), move evaluation speed (7405/sec), step total (2).
16:51:42.157 [main] INFO ai.timefold.solver.core.impl.solver.DefaultSolver -- Solving ended: time spent (250), best score ([0/0/0/0/0]hard/[-0.10399436830497794580970384373030880/-16541]soft), move evaluation speed (7376/sec), phase total (1), environment mode (FULL_ASSERT), move thread count (NONE).
16:51:42.175 [main] INFO ai.timefold.solver.core.impl.solver.DefaultSolver -- Solving started: time spent (1), best score ([0/0/0/0/0]hard/[0/-17241]soft), environment mode (FULL_ASSERT), move thread count (NONE), random (seed 29).
16:51:42.175 [main] INFO ai.timefold.solver.core.impl.solver.DefaultSolver -- Problem scale: genuine entity count (3), genuine variable count (3), approximate value count (6), approximate problem scale (60,480).
16:51:42.424 [main] INFO ai.timefold.solver.core.impl.localsearch.DefaultLocalSearchPhase -- Local Search phase (0) ended: time spent (250), best score ([0/0/0/0/0]hard/[0/-16541]soft), move evaluation speed (6445/sec), step total (193).
16:51:42.424 [main] INFO ai.timefold.solver.core.impl.solver.DefaultSolver -- Solving ended: time spent (250), best score ([0/0/0/0/0]hard/[0/-16541]soft), move evaluation speed (6420/sec), phase total (1), environment mode (FULL_ASSERT), move thread count (NONE).
16:51:42.442 [main] INFO ai.timefold.solver.core.impl.solver.DefaultSolver -- Solving started: time spent (1), best score ([0/0/-4/0/0]hard/[0/-3000]soft), environment mode (FULL_ASSERT), move thread count (NONE), random (seed 29).
16:51:42.442 [main] INFO ai.timefold.solver.core.impl.solver.DefaultSolver -- Problem scale: genuine entity count (3), genuine variable count (3), approximate value count (6), approximate problem scale (60,480).
16:51:42.448 [main] INFO ai.timefold.solver.core.impl.constructionheuristic.DefaultConstructionHeuristicPhase -- Construction Heuristic phase (0) ended: time spent (7), best score ([0/0/0/0/0]hard/[0/-9000]soft), move evaluation speed (4333/sec), step total (4).
16:51:42.691 [main] INFO ai.timefold.solver.core.impl.localsearch.DefaultLocalSearchPhase -- Local Search phase (1) ended: time spent (250), best score ([0/0/0/0/0]hard/[0/-9000]soft), move evaluation speed (2917/sec), step total (658).
16:51:42.691 [main] INFO ai.timefold.solver.core.impl.solver.DefaultSolver -- Solving ended: time spent (250), best score ([0/0/0/0/0]hard/[0/-9000]soft), move evaluation speed (2928/sec), phase total (2), environment mode (FULL_ASSERT), move thread count (NONE).
16:51:42.693 [main] INFO ai.timefold.solver.core.impl.solver.DefaultSolver -- Solving started: time spent (0), best score ([0/-21120/0/0/0]hard/[0/-17891]soft), environment mode (FULL_ASSERT), move thread count (NONE), random (seed 29).
16:51:42.694 [main] INFO ai.timefold.solver.core.impl.solver.DefaultSolver -- Problem scale: genuine entity count (3), genuine variable count (3), approximate value count (6), approximate problem scale (60,480).
16:51:42.943 [main] INFO ai.timefold.solver.core.impl.localsearch.DefaultLocalSearchPhase -- Local Search phase (0) ended: time spent (250), best score ([0/0/0/0/0]hard/[0/-16591]soft), move evaluation speed (5742/sec), step total (302).
16:51:42.943 [main] INFO ai.timefold.solver.core.impl.solver.DefaultSolver -- Solving ended: time spent (250), best score ([0/0/0/0/0]hard/[0/-16591]soft), move evaluation speed (5720/sec), phase total (1), environment mode (FULL_ASSERT), move thread count (NONE).
16:51:42.945 [main] INFO ai.timefold.solver.core.impl.solver.DefaultSolver -- Solving started: time spent (0), best score ([0/0/0/0/0]hard/[-0.1131468572778827977315689981096409/-17241]soft), environment mode (FULL_ASSERT), move thread count (NONE), random (seed 29).
16:51:42.946 [main] INFO ai.timefold.solver.core.impl.solver.DefaultSolver -- Problem scale: genuine entity count (3), genuine variable count (3), approximate value count (6), approximate problem scale (60,480).
16:51:43.195 [main] INFO ai.timefold.solver.core.impl.localsearch.DefaultLocalSearchPhase -- Local Search phase (0) ended: time spent (250), best score ([0/0/0/0/0]hard/[-0.03664432179614126684069973294926036/-17033]soft), move evaluation speed (5718/sec), step total (238).
16:51:43.195 [main] INFO ai.timefold.solver.core.impl.solver.DefaultSolver -- Solving ended: time spent (250), best score ([0/0/0/0/0]hard/[-0.03664432179614126684069973294926036/-17033]soft), move evaluation speed (5696/sec), phase total (1), environment mode (FULL_ASSERT), move thread count (NONE).
16:51:43.217 [main] INFO ai.timefold.solver.core.impl.solver.DefaultSolver -- Solving started: time spent (1), best score ([0/0/0/0/0]hard/[0/-17241]soft), environment mode (FULL_ASSERT), move thread count (NONE), random (seed 29).
16:51:43.217 [main] INFO ai.timefold.solver.core.impl.solver.DefaultSolver -- Problem scale: genuine entity count (3), genuine variable count (3), approximate value count (6), approximate problem scale (60,480).
16:51:43.466 [main] INFO ai.timefold.solver.core.impl.localsearch.DefaultLocalSearchPhase -- Local Search phase (0) ended: time spent (250), best score ([0/0/0/0/0]hard/[0/-16541]soft), move evaluation speed (5742/sec), step total (162).
16:51:43.466 [main] INFO ai.timefold.solver.core.impl.solver.DefaultSolver -- Solving ended: time spent (250), best score ([0/0/0/0/0]hard/[0/-16541]soft), move evaluation speed (5720/sec), phase total (1), environment mode (FULL_ASSERT), move thread count (NONE).
16:51:43.488 [main] INFO ai.timefold.solver.core.impl.solver.DefaultSolver -- Solving started: time spent (1), best score ([0/0/-4/0/0]hard/[0/-3000]soft), environment mode (FULL_ASSERT), move thread count (NONE), random (seed 29).
16:51:43.488 [main] INFO ai.timefold.solver.core.impl.solver.DefaultSolver -- Problem scale: genuine entity count (3), genuine variable count (3), approximate value count (6), approximate problem scale (60,480).
16:51:43.494 [main] INFO ai.timefold.solver.core.impl.constructionheuristic.DefaultConstructionHeuristicPhase -- Construction Heuristic phase (0) ended: time spent (7), best score ([0/0/0/0/0]hard/[0/-9000]soft), move evaluation speed (4333/sec), step total (4).
16:51:43.737 [main] INFO ai.timefold.solver.core.impl.localsearch.DefaultLocalSearchPhase -- Local Search phase (1) ended: time spent (250), best score ([0/0/0/0/0]hard/[0/-9000]soft), move evaluation speed (2320/sec), step total (527).
16:51:43.737 [main] INFO ai.timefold.solver.core.impl.solver.DefaultSolver -- Solving ended: time spent (250), best score ([0/0/0/0/0]hard/[0/-9000]soft), move evaluation speed (2360/sec), phase total (2), environment mode (FULL_ASSERT), move thread count (NONE).
16:51:43.739 [main] INFO ai.timefold.solver.core.impl.solver.DefaultSolver -- Solving started: time spent (0), best score ([0/-21120/0/0/0]hard/[0/-17891]soft), environment mode (FULL_ASSERT), move thread count (NONE), random (seed 29).
16:51:43.739 [main] INFO ai.timefold.solver.core.impl.solver.DefaultSolver -- Problem scale: genuine entity count (3), genuine variable count (3), approximate value count (6), approximate problem scale (60,480).
16:51:43.989 [main] INFO ai.timefold.solver.core.impl.localsearch.DefaultLocalSearchPhase -- Local Search phase (0) ended: time spent (250), best score ([0/0/0/0/0]hard/[0/-16591]soft), move evaluation speed (5460/sec), step total (324).
16:51:43.989 [main] INFO ai.timefold.solver.core.impl.solver.DefaultSolver -- Solving ended: time spent (250), best score ([0/0/0/0/0]hard/[0/-16591]soft), move evaluation speed (5460/sec), phase total (1), environment mode (FULL_ASSERT), move thread count (NONE).
16:51:43.992 [main] INFO ai.timefold.solver.core.impl.solver.DefaultSolver -- Solving started: time spent (1), best score ([0/0/0/0/0]hard/[-0.1131468572778827977315689981096409/-17241]soft), environment mode (FULL_ASSERT), move thread count (NONE), random (seed 29).
16:51:43.992 [main] INFO ai.timefold.solver.core.impl.solver.DefaultSolver -- Problem scale: genuine entity count (3), genuine variable count (3), approximate value count (6), approximate problem scale (60,480).
16:51:44.241 [main] INFO ai.timefold.solver.core.impl.localsearch.DefaultLocalSearchPhase -- Local Search phase (0) ended: time spent (250), best score ([0/0/0/0/0]hard/[-0.026401688195757193866834698592732620/-17283]soft), move evaluation speed (5787/sec), step total (131).
16:51:44.242 [main] INFO ai.timefold.solver.core.impl.solver.DefaultSolver -- Solving ended: time spent (251), best score ([0/0/0/0/0]hard/[-0.026401688195757193866834698592732620/-17283]soft), move evaluation speed (5741/sec), phase total (1), environment mode (FULL_ASSERT), move thread count (NONE).
16:51:44.260 [main] INFO ai.timefold.solver.core.impl.solver.DefaultSolver -- Solving started: time spent (0), best score ([0/0/0/0/0]hard/[0/-17241]soft), environment mode (FULL_ASSERT), move thread count (NONE), random (seed 29).
16:51:44.260 [main] INFO ai.timefold.solver.core.impl.solver.DefaultSolver -- Problem scale: genuine entity count (3), genuine variable count (3), approximate value count (6), approximate problem scale (60,480).
16:51:44.510 [main] INFO ai.timefold.solver.core.impl.localsearch.DefaultLocalSearchPhase -- Local Search phase (0) ended: time spent (250), best score ([0/0/0/0/0]hard/[0/-16541]soft), move evaluation speed (5600/sec), step total (247).
16:51:44.510 [main] INFO ai.timefold.solver.core.impl.solver.DefaultSolver -- Solving ended: time spent (250), best score ([0/0/0/0/0]hard/[0/-16541]soft), move evaluation speed (5600/sec), phase total (1), environment mode (FULL_ASSERT), move thread count (NONE).
16:51:44.529 [main] INFO ai.timefold.solver.core.impl.solver.DefaultSolver -- Solving started: time spent (0), best score ([0/0/-4/0/0]hard/[0/-3000]soft), environment mode (FULL_ASSERT), move thread count (NONE), random (seed 29).
16:51:44.529 [main] INFO ai.timefold.solver.core.impl.solver.DefaultSolver -- Problem scale: genuine entity count (3), genuine variable count (3), approximate value count (6), approximate problem scale (60,480).
16:51:44.536 [main] INFO ai.timefold.solver.core.impl.constructionheuristic.DefaultConstructionHeuristicPhase -- Construction Heuristic phase (0) ended: time spent (7), best score ([0/0/0/0/0]hard/[0/-9000]soft), move evaluation speed (3714/sec), step total (4).
[ERROR] Tests run: 1, Failures: 0, Errors: 1, Skipped: 0, Time elapsed: 16.95 s <<< FAILURE! -- in dev.waterflex.scheduler.optimizer.AssertionCampaignTest
[ERROR] dev.waterflex.scheduler.optimizer.AssertionCampaignTest.exerciseMovesUndoConstructionAndRepairWithRetainedCaseReceipts -- Time elapsed: 16.93 s <<< ERROR!
java.lang.IllegalStateException: The supply for list variable (TechRoute.visits variable) is corrupted, because the element (dev.waterflex.scheduler.optimizer.PlanVisit@315ed640) at index (1) already exists (dev.waterflex.scheduler.optimizer.TechRoute@29a74004[0]).
	at ai.timefold.solver.core.impl.domain.variable.ListVariableState.addElement(ListVariableState.java:125)
	at ai.timefold.solver.core.impl.domain.variable.ListVariableState.lambda$initialize$0(ListVariableState.java:95)
	at ai.timefold.solver.core.impl.domain.entity.descriptor.EntityDescriptor.lambda$visitAllEntities$0(EntityDescriptor.java:746)
	at ai.timefold.solver.core.impl.domain.solution.descriptor.SolutionDescriptor.visitEntitiesByEntityClass(SolutionDescriptor.java:923)
	at ai.timefold.solver.core.impl.domain.entity.descriptor.EntityDescriptor.visitAllEntities(EntityDescriptor.java:745)
	at ai.timefold.solver.core.impl.domain.variable.ListVariableState.initialize(ListVariableState.java:90)
	at ai.timefold.solver.core.impl.domain.variable.ExternalizedListVariableStateSupply.resetWorkingSolution(ExternalizedListVariableStateSupply.java:82)
	at ai.timefold.solver.core.impl.domain.variable.ShadowVariableSupport.resetWorkingSolution(ShadowVariableSupport.java:288)
	at ai.timefold.solver.core.impl.score.director.AbstractScoreDirector.setWorkingSolutionWithoutUpdatingShadows(AbstractScoreDirector.java:296)
	at ai.timefold.solver.core.impl.score.director.stream.BavetConstraintStreamScoreDirector.setWorkingSolutionWithoutUpdatingShadows(BavetConstraintStreamScoreDirector.java:80)
	at ai.timefold.solver.core.impl.score.director.AbstractScoreDirector.setWorkingSolution(AbstractScoreDirector.java:311)
	at ai.timefold.solver.core.impl.score.director.AbstractScoreDirector.assertScoreFromScratch(AbstractScoreDirector.java:722)
	at ai.timefold.solver.core.impl.score.director.AbstractScoreDirector.assertWorkingScoreFromScratch(AbstractScoreDirector.java:706)
	at ai.timefold.solver.core.impl.score.director.AbstractScoreDirector.assertExpectedUndoMoveScore(AbstractScoreDirector.java:753)
	at ai.timefold.solver.core.impl.localsearch.decider.LocalSearchDecider.doMove(LocalSearchDecider.java:122)
	at ai.timefold.solver.core.impl.localsearch.decider.LocalSearchDecider.decideNextStep(LocalSearchDecider.java:96)
	at ai.timefold.solver.core.impl.localsearch.DefaultLocalSearchPhase.solve(DefaultLocalSearchPhase.java:89)
	at ai.timefold.solver.core.impl.solver.AbstractSolver.runPhases(AbstractSolver.java:89)
	at ai.timefold.solver.core.impl.solver.DefaultSolver.solve(DefaultSolver.java:172)
	at dev.waterflex.scheduler.optimizer.SolverEngine.solve(SolverEngine.java:121)
	at dev.waterflex.scheduler.optimizer.SolverExperiment.solve(SolverExperiment.java:13)
	at dev.waterflex.scheduler.optimizer.AssertionCampaignTest.exerciseMovesUndoConstructionAndRepairWithRetainedCaseReceipts(AssertionCampaignTest.java:45)

[INFO] 
[INFO] Results:
[INFO] 
[ERROR] Errors: 
[ERROR]   AssertionCampaignTest.exerciseMovesUndoConstructionAndRepairWithRetainedCaseReceipts:45 � IllegalState The supply for list variable (TechRoute.visits variable) is corrupted, because the element (dev.waterflex.scheduler.optimizer.PlanVisit@315ed640) at index (1) already exists (dev.waterflex.scheduler.optimizer.TechRoute@29a74004[0]).
[INFO] 
[ERROR] Tests run: 1, Failures: 0, Errors: 1, Skipped: 0
[INFO] 
[INFO] ------------------------------------------------------------------------
[INFO] BUILD FAILURE
[INFO] ------------------------------------------------------------------------
[INFO] Total time:  18.495 s
[INFO] Finished at: 2026-10-06T16:51:44-05:00
[INFO] ------------------------------------------------------------------------
[ERROR] Failed to execute goal org.apache.maven.plugins:maven-surefire-plugin:3.5.6:test (default-test) on project scheduler-service: 
[ERROR] 
[ERROR] See C:\Users\mcgee\OneDrive\Desktop\waterflex\waterflex-scheduler-java\scheduler-service\target\surefire-reports for the individual test results.
[ERROR] See dump files (if any exist) [date].dump, [date]-jvmRun[N].dump and [date].dumpstream.
[ERROR] -> [Help 1]
[ERROR] 
[ERROR] To see the full stack trace of the errors, re-run Maven with the -e switch.
[ERROR] Re-run Maven using the -X switch to enable full debug logging.
[ERROR] 
[ERROR] For more information about the errors and possible solutions, please read the following articles:
[ERROR] [Help 1] http://cwiki.apache.org/confluence/display/MAVEN/MojoFailureException
