WARNING: A restricted method in java.lang.System has been called
WARNING: java.lang.System::load has been called by org.fusesource.jansi.internal.JansiLoader in an unnamed module (file:/C:/Users/mcgee/.m2/wrapper/dists/apache-maven-3.9.16-bin/4200fbc6/apache-maven-3.9.16/lib/jansi-2.4.3.jar)
WARNING: Use --enable-native-access=ALL-UNNAMED to avoid a warning for callers in this module
WARNING: Restricted methods will be blocked in a future release unless native access is enabled

[INFO] Scanning for projects...
[INFO] 
[INFO] ------------------< dev.waterflex:scheduler-service >-------------------
[INFO] Building scheduler-service 0.1.0-SNAPSHOT
[INFO]   from pom.xml
[INFO] --------------------------------[ jar ]---------------------------------
[INFO] 
[INFO] --- resources:3.5.0:resources (default-resources) @ scheduler-service ---
[INFO] Copying 2 resources from src\main\resources to target\classes
[INFO] Copying 1 resource from src\main\resources to target\classes
[INFO] 
[INFO] --- compiler:3.15.0:compile (default-compile) @ scheduler-service ---
[INFO] Nothing to compile - all classes are up to date.
[INFO] 
[INFO] --- resources:3.5.0:testResources (default-testResources) @ scheduler-service ---
[INFO] Copying 1 resource from src\test\resources to target\test-classes
[INFO] 
[INFO] --- compiler:3.15.0:testCompile (default-testCompile) @ scheduler-service ---
[INFO] Nothing to compile - all classes are up to date.
[INFO] 
[INFO] --- surefire:3.5.6:test (default-test) @ scheduler-service ---
[INFO] Using auto detected provider org.apache.maven.surefire.junitplatform.JUnitPlatformProvider
[WARNING] System property [assertions.mode] overwritten by user properties from Maven session
[INFO] 
[INFO] -------------------------------------------------------
[INFO]  T E S T S
[INFO] -------------------------------------------------------
[INFO] Running dev.waterflex.scheduler.optimizer.AssertionCampaignTest
16:52:51.716 [main] INFO ai.timefold.solver.core.impl.solver.DefaultSolver -- Solving started: time spent (8), best score ([0/0/0/0/0]hard/[0/-17241]soft), environment mode (FULL_ASSERT), move thread count (NONE), random (seed 17).
16:52:51.718 [main] INFO ai.timefold.solver.core.impl.solver.DefaultSolver -- Problem scale: genuine entity count (3), genuine variable count (3), approximate value count (6), approximate problem scale (60,480).
16:52:51.959 [main] INFO ai.timefold.solver.core.impl.localsearch.DefaultLocalSearchPhase -- Local Search phase (0) ended: time spent (251), best score ([0/0/0/0/0]hard/[0/-16541]soft), move evaluation speed (1609/sec), step total (4).
16:52:51.960 [main] INFO ai.timefold.solver.core.impl.solver.DefaultSolver -- Solving ended: time spent (251), best score ([0/0/0/0/0]hard/[0/-16541]soft), move evaluation speed (1545/sec), phase total (1), environment mode (FULL_ASSERT), move thread count (NONE).
16:52:52.029 [main] INFO ai.timefold.solver.core.impl.solver.DefaultSolver -- Solving started: time spent (3), best score ([0/0/-4/0/0]hard/[0/-3000]soft), environment mode (FULL_ASSERT), move thread count (NONE), random (seed 17).
16:52:52.029 [main] INFO ai.timefold.solver.core.impl.solver.DefaultSolver -- Problem scale: genuine entity count (3), genuine variable count (3), approximate value count (6), approximate problem scale (60,480).
16:52:52.046 [main] INFO ai.timefold.solver.core.impl.constructionheuristic.DefaultConstructionHeuristicPhase -- Construction Heuristic phase (0) ended: time spent (20), best score ([0/0/0/0/0]hard/[0/-9000]soft), move evaluation speed (1625/sec), step total (4).
16:52:52.276 [main] INFO ai.timefold.solver.core.impl.localsearch.DefaultLocalSearchPhase -- Local Search phase (1) ended: time spent (250), best score ([0/0/0/0/0]hard/[0/-9000]soft), move evaluation speed (3908/sec), step total (9).
16:52:52.277 [main] INFO ai.timefold.solver.core.impl.solver.DefaultSolver -- Solving ended: time spent (251), best score ([0/0/0/0/0]hard/[0/-9000]soft), move evaluation speed (3669/sec), phase total (2), environment mode (FULL_ASSERT), move thread count (NONE).
16:52:52.283 [main] INFO ai.timefold.solver.core.impl.solver.DefaultSolver -- Solving started: time spent (1), best score ([0/-21120/0/0/0]hard/[0/-17891]soft), environment mode (FULL_ASSERT), move thread count (NONE), random (seed 17).
16:52:52.283 [main] INFO ai.timefold.solver.core.impl.solver.DefaultSolver -- Problem scale: genuine entity count (3), genuine variable count (3), approximate value count (6), approximate problem scale (60,480).
16:52:52.532 [main] INFO ai.timefold.solver.core.impl.localsearch.DefaultLocalSearchPhase -- Local Search phase (0) ended: time spent (250), best score ([0/0/0/0/0]hard/[0/-17083]soft), move evaluation speed (4457/sec), step total (12).
16:52:52.533 [main] INFO ai.timefold.solver.core.impl.solver.DefaultSolver -- Solving ended: time spent (251), best score ([0/0/0/0/0]hard/[0/-17083]soft), move evaluation speed (4422/sec), phase total (1), environment mode (FULL_ASSERT), move thread count (NONE).
16:52:52.541 [main] INFO ai.timefold.solver.core.impl.solver.DefaultSolver -- Solving started: time spent (2), best score ([0/0/0/0/0]hard/[-0.1131468572778827977315689981096409/-17241]soft), environment mode (FULL_ASSERT), move thread count (NONE), random (seed 17).
16:52:52.541 [main] INFO ai.timefold.solver.core.impl.solver.DefaultSolver -- Problem scale: genuine entity count (3), genuine variable count (3), approximate value count (6), approximate problem scale (60,480).
16:52:52.789 [main] INFO ai.timefold.solver.core.impl.localsearch.DefaultLocalSearchPhase -- Local Search phase (0) ended: time spent (250), best score ([0/0/0/0/0]hard/[-0.032178048204158790170132325141776930/-17183]soft), move evaluation speed (4266/sec), step total (11).
16:52:52.790 [main] INFO ai.timefold.solver.core.impl.solver.DefaultSolver -- Solving ended: time spent (251), best score ([0/0/0/0/0]hard/[-0.032178048204158790170132325141776930/-17183]soft), move evaluation speed (4215/sec), phase total (1), environment mode (FULL_ASSERT), move thread count (NONE).
16:52:52.827 [main] INFO ai.timefold.solver.core.impl.solver.DefaultSolver -- Solving started: time spent (2), best score ([0/0/0/0/0]hard/[0/-17241]soft), environment mode (FULL_ASSERT), move thread count (NONE), random (seed 17).
16:52:52.827 [main] INFO ai.timefold.solver.core.impl.solver.DefaultSolver -- Problem scale: genuine entity count (3), genuine variable count (3), approximate value count (6), approximate problem scale (60,480).
16:52:53.076 [main] INFO ai.timefold.solver.core.impl.localsearch.DefaultLocalSearchPhase -- Local Search phase (0) ended: time spent (251), best score ([0/0/0/0/0]hard/[0/-16541]soft), move evaluation speed (6393/sec), step total (16).
16:52:53.076 [main] INFO ai.timefold.solver.core.impl.solver.DefaultSolver -- Solving ended: time spent (251), best score ([0/0/0/0/0]hard/[0/-16541]soft), move evaluation speed (6342/sec), phase total (1), environment mode (FULL_ASSERT), move thread count (NONE).
16:52:53.109 [main] INFO ai.timefold.solver.core.impl.solver.DefaultSolver -- Solving started: time spent (1), best score ([0/0/-4/0/0]hard/[0/-3000]soft), environment mode (FULL_ASSERT), move thread count (NONE), random (seed 17).
16:52:53.109 [main] INFO ai.timefold.solver.core.impl.solver.DefaultSolver -- Problem scale: genuine entity count (3), genuine variable count (3), approximate value count (6), approximate problem scale (60,480).
16:52:53.116 [main] INFO ai.timefold.solver.core.impl.constructionheuristic.DefaultConstructionHeuristicPhase -- Construction Heuristic phase (0) ended: time spent (8), best score ([0/0/0/0/0]hard/[0/-9000]soft), move evaluation speed (3714/sec), step total (4).
16:52:53.358 [main] INFO ai.timefold.solver.core.impl.localsearch.DefaultLocalSearchPhase -- Local Search phase (1) ended: time spent (250), best score ([0/0/0/0/0]hard/[0/-9000]soft), move evaluation speed (6458/sec), step total (16).
16:52:53.358 [main] INFO ai.timefold.solver.core.impl.solver.DefaultSolver -- Solving ended: time spent (250), best score ([0/0/0/0/0]hard/[0/-9000]soft), move evaluation speed (6356/sec), phase total (2), environment mode (FULL_ASSERT), move thread count (NONE).
16:52:53.362 [main] INFO ai.timefold.solver.core.impl.solver.DefaultSolver -- Solving started: time spent (0), best score ([0/-21120/0/0/0]hard/[0/-17891]soft), environment mode (FULL_ASSERT), move thread count (NONE), random (seed 17).
16:52:53.363 [main] INFO ai.timefold.solver.core.impl.solver.DefaultSolver -- Problem scale: genuine entity count (3), genuine variable count (3), approximate value count (6), approximate problem scale (60,480).
16:52:53.612 [main] INFO ai.timefold.solver.core.impl.localsearch.DefaultLocalSearchPhase -- Local Search phase (0) ended: time spent (250), best score ([0/0/0/0/0]hard/[0/-17083]soft), move evaluation speed (7277/sec), step total (19).
16:52:53.612 [main] INFO ai.timefold.solver.core.impl.solver.DefaultSolver -- Solving ended: time spent (250), best score ([0/0/0/0/0]hard/[0/-17083]soft), move evaluation speed (7248/sec), phase total (1), environment mode (FULL_ASSERT), move thread count (NONE).
16:52:53.616 [main] INFO ai.timefold.solver.core.impl.solver.DefaultSolver -- Solving started: time spent (0), best score ([0/0/0/0/0]hard/[-0.1131468572778827977315689981096409/-17241]soft), environment mode (FULL_ASSERT), move thread count (NONE), random (seed 17).
16:52:53.616 [main] INFO ai.timefold.solver.core.impl.solver.DefaultSolver -- Problem scale: genuine entity count (3), genuine variable count (3), approximate value count (6), approximate problem scale (60,480).
16:52:53.866 [main] INFO ai.timefold.solver.core.impl.localsearch.DefaultLocalSearchPhase -- Local Search phase (0) ended: time spent (250), best score ([0/0/0/0/0]hard/[-0.032178048204158790170132325141776930/-17183]soft), move evaluation speed (5600/sec), step total (14).
16:52:53.867 [main] INFO ai.timefold.solver.core.impl.solver.DefaultSolver -- Solving ended: time spent (250), best score ([0/0/0/0/0]hard/[-0.032178048204158790170132325141776930/-17183]soft), move evaluation speed (5600/sec), phase total (1), environment mode (FULL_ASSERT), move thread count (NONE).
16:52:53.904 [main] INFO ai.timefold.solver.core.impl.solver.DefaultSolver -- Solving started: time spent (1), best score ([0/0/0/0/0]hard/[0/-17241]soft), environment mode (FULL_ASSERT), move thread count (NONE), random (seed 17).
16:52:53.904 [main] INFO ai.timefold.solver.core.impl.solver.DefaultSolver -- Problem scale: genuine entity count (3), genuine variable count (3), approximate value count (6), approximate problem scale (60,480).
16:52:54.153 [main] INFO ai.timefold.solver.core.impl.localsearch.DefaultLocalSearchPhase -- Local Search phase (0) ended: time spent (250), best score ([0/0/0/0/0]hard/[0/-16541]soft), move evaluation speed (4578/sec), step total (203).
16:52:54.153 [main] INFO ai.timefold.solver.core.impl.solver.DefaultSolver -- Solving ended: time spent (250), best score ([0/0/0/0/0]hard/[0/-16541]soft), move evaluation speed (4560/sec), phase total (1), environment mode (FULL_ASSERT), move thread count (NONE).
16:52:54.184 [main] INFO ai.timefold.solver.core.impl.solver.DefaultSolver -- Solving started: time spent (1), best score ([0/0/-4/0/0]hard/[0/-3000]soft), environment mode (FULL_ASSERT), move thread count (NONE), random (seed 17).
16:52:54.184 [main] INFO ai.timefold.solver.core.impl.solver.DefaultSolver -- Problem scale: genuine entity count (3), genuine variable count (3), approximate value count (6), approximate problem scale (60,480).
16:52:54.191 [main] INFO ai.timefold.solver.core.impl.constructionheuristic.DefaultConstructionHeuristicPhase -- Construction Heuristic phase (0) ended: time spent (8), best score ([0/0/0/0/0]hard/[0/-9000]soft), move evaluation speed (3714/sec), step total (4).
16:52:54.433 [main] INFO ai.timefold.solver.core.impl.localsearch.DefaultLocalSearchPhase -- Local Search phase (1) ended: time spent (250), best score ([0/0/0/0/0]hard/[0/-9000]soft), move evaluation speed (2760/sec), step total (599).
16:52:54.433 [main] INFO ai.timefold.solver.core.impl.solver.DefaultSolver -- Solving ended: time spent (250), best score ([0/0/0/0/0]hard/[0/-9000]soft), move evaluation speed (2776/sec), phase total (2), environment mode (FULL_ASSERT), move thread count (NONE).
16:52:54.437 [main] INFO ai.timefold.solver.core.impl.solver.DefaultSolver -- Solving started: time spent (0), best score ([0/-21120/0/0/0]hard/[0/-17891]soft), environment mode (FULL_ASSERT), move thread count (NONE), random (seed 17).
16:52:54.438 [main] INFO ai.timefold.solver.core.impl.solver.DefaultSolver -- Problem scale: genuine entity count (3), genuine variable count (3), approximate value count (6), approximate problem scale (60,480).
16:52:54.687 [main] INFO ai.timefold.solver.core.impl.localsearch.DefaultLocalSearchPhase -- Local Search phase (0) ended: time spent (250), best score ([0/0/0/0/0]hard/[0/-16591]soft), move evaluation speed (5321/sec), step total (314).
16:52:54.688 [main] INFO ai.timefold.solver.core.impl.solver.DefaultSolver -- Solving ended: time spent (251), best score ([0/0/0/0/0]hard/[0/-16591]soft), move evaluation speed (5278/sec), phase total (1), environment mode (FULL_ASSERT), move thread count (NONE).
16:52:54.691 [main] INFO ai.timefold.solver.core.impl.solver.DefaultSolver -- Solving started: time spent (0), best score ([0/0/0/0/0]hard/[-0.1131468572778827977315689981096409/-17241]soft), environment mode (FULL_ASSERT), move thread count (NONE), random (seed 17).
16:52:54.691 [main] INFO ai.timefold.solver.core.impl.solver.DefaultSolver -- Problem scale: genuine entity count (3), genuine variable count (3), approximate value count (6), approximate problem scale (60,480).
16:52:54.941 [main] INFO ai.timefold.solver.core.impl.localsearch.DefaultLocalSearchPhase -- Local Search phase (0) ended: time spent (250), best score ([0/0/0/0/0]hard/[-0.03217804820415879017013232514177693/-17183]soft), move evaluation speed (5456/sec), step total (219).
16:52:54.941 [main] INFO ai.timefold.solver.core.impl.solver.DefaultSolver -- Solving ended: time spent (250), best score ([0/0/0/0/0]hard/[-0.03217804820415879017013232514177693/-17183]soft), move evaluation speed (5456/sec), phase total (1), environment mode (FULL_ASSERT), move thread count (NONE).
16:52:54.970 [main] INFO ai.timefold.solver.core.impl.solver.DefaultSolver -- Solving started: time spent (1), best score ([0/0/0/0/0]hard/[0/-17241]soft), environment mode (FULL_ASSERT), move thread count (NONE), random (seed 17).
16:52:54.970 [main] INFO ai.timefold.solver.core.impl.solver.DefaultSolver -- Problem scale: genuine entity count (3), genuine variable count (3), approximate value count (6), approximate problem scale (60,480).
16:52:55.219 [main] INFO ai.timefold.solver.core.impl.localsearch.DefaultLocalSearchPhase -- Local Search phase (0) ended: time spent (250), best score ([0/0/0/0/0]hard/[0/-16541]soft), move evaluation speed (4172/sec), step total (212).
16:52:55.219 [main] INFO ai.timefold.solver.core.impl.solver.DefaultSolver -- Solving ended: time spent (250), best score ([0/0/0/0/0]hard/[0/-16541]soft), move evaluation speed (4156/sec), phase total (1), environment mode (FULL_ASSERT), move thread count (NONE).
16:52:55.248 [main] INFO ai.timefold.solver.core.impl.solver.DefaultSolver -- Solving started: time spent (0), best score ([0/0/-4/0/0]hard/[0/-3000]soft), environment mode (FULL_ASSERT), move thread count (NONE), random (seed 17).
16:52:55.248 [main] INFO ai.timefold.solver.core.impl.solver.DefaultSolver -- Problem scale: genuine entity count (3), genuine variable count (3), approximate value count (6), approximate problem scale (60,480).
16:52:55.255 [main] INFO ai.timefold.solver.core.impl.constructionheuristic.DefaultConstructionHeuristicPhase -- Construction Heuristic phase (0) ended: time spent (7), best score ([0/0/0/0/0]hard/[0/-9000]soft), move evaluation speed (3714/sec), step total (4).
16:52:55.498 [main] INFO ai.timefold.solver.core.impl.localsearch.DefaultLocalSearchPhase -- Local Search phase (1) ended: time spent (250), best score ([0/0/0/0/0]hard/[0/-9000]soft), move evaluation speed (2670/sec), step total (613).
16:52:55.498 [main] INFO ai.timefold.solver.core.impl.solver.DefaultSolver -- Solving ended: time spent (250), best score ([0/0/0/0/0]hard/[0/-9000]soft), move evaluation speed (2700/sec), phase total (2), environment mode (FULL_ASSERT), move thread count (NONE).
16:52:55.501 [main] INFO ai.timefold.solver.core.impl.solver.DefaultSolver -- Solving started: time spent (1), best score ([0/-21120/0/0/0]hard/[0/-17891]soft), environment mode (FULL_ASSERT), move thread count (NONE), random (seed 17).
16:52:55.501 [main] INFO ai.timefold.solver.core.impl.solver.DefaultSolver -- Problem scale: genuine entity count (3), genuine variable count (3), approximate value count (6), approximate problem scale (60,480).
16:52:55.750 [main] INFO ai.timefold.solver.core.impl.localsearch.DefaultLocalSearchPhase -- Local Search phase (0) ended: time spent (250), best score ([0/0/0/0/0]hard/[0/-16591]soft), move evaluation speed (6807/sec), step total (155).
16:52:55.750 [main] INFO ai.timefold.solver.core.impl.solver.DefaultSolver -- Solving ended: time spent (250), best score ([0/0/0/0/0]hard/[0/-16591]soft), move evaluation speed (6780/sec), phase total (1), environment mode (FULL_ASSERT), move thread count (NONE).
16:52:55.753 [main] INFO ai.timefold.solver.core.impl.solver.DefaultSolver -- Solving started: time spent (0), best score ([0/0/0/0/0]hard/[-0.1131468572778827977315689981096409/-17241]soft), environment mode (FULL_ASSERT), move thread count (NONE), random (seed 17).
16:52:55.753 [main] INFO ai.timefold.solver.core.impl.solver.DefaultSolver -- Problem scale: genuine entity count (3), genuine variable count (3), approximate value count (6), approximate problem scale (60,480).
16:52:56.004 [main] INFO ai.timefold.solver.core.impl.localsearch.DefaultLocalSearchPhase -- Local Search phase (0) ended: time spent (251), best score ([0/0/0/0/0]hard/[-0.032178048204158790170132325141776930/-17183]soft), move evaluation speed (5366/sec), step total (193).
16:52:56.004 [main] INFO ai.timefold.solver.core.impl.solver.DefaultSolver -- Solving ended: time spent (251), best score ([0/0/0/0/0]hard/[-0.032178048204158790170132325141776930/-17183]soft), move evaluation speed (5366/sec), phase total (1), environment mode (FULL_ASSERT), move thread count (NONE).
16:52:56.036 [main] INFO ai.timefold.solver.core.impl.solver.DefaultSolver -- Solving started: time spent (1), best score ([0/0/0/0/0]hard/[0/-17241]soft), environment mode (FULL_ASSERT), move thread count (NONE), random (seed 17).
16:52:56.037 [main] INFO ai.timefold.solver.core.impl.solver.DefaultSolver -- Problem scale: genuine entity count (3), genuine variable count (3), approximate value count (6), approximate problem scale (60,480).
16:52:56.285 [main] INFO ai.timefold.solver.core.impl.localsearch.DefaultLocalSearchPhase -- Local Search phase (0) ended: time spent (250), best score ([0/0/0/0/0]hard/[0/-16541]soft), move evaluation speed (6048/sec), step total (2).
16:52:56.285 [main] INFO ai.timefold.solver.core.impl.solver.DefaultSolver -- Solving ended: time spent (250), best score ([0/0/0/0/0]hard/[0/-16541]soft), move evaluation speed (6000/sec), phase total (1), environment mode (FULL_ASSERT), move thread count (NONE).
16:52:56.309 [main] INFO ai.timefold.solver.core.impl.solver.DefaultSolver -- Solving started: time spent (0), best score ([0/0/-4/0/0]hard/[0/-3000]soft), environment mode (FULL_ASSERT), move thread count (NONE), random (seed 17).
16:52:56.309 [main] INFO ai.timefold.solver.core.impl.solver.DefaultSolver -- Problem scale: genuine entity count (3), genuine variable count (3), approximate value count (6), approximate problem scale (60,480).
16:52:56.315 [main] INFO ai.timefold.solver.core.impl.constructionheuristic.DefaultConstructionHeuristicPhase -- Construction Heuristic phase (0) ended: time spent (6), best score ([0/0/0/0/0]hard/[0/-9000]soft), move evaluation speed (4333/sec), step total (4).
16:52:56.560 [main] INFO ai.timefold.solver.core.impl.localsearch.DefaultLocalSearchPhase -- Local Search phase (1) ended: time spent (251), best score ([0/0/0/0/0]hard/[0/-9000]soft), move evaluation speed (8590/sec), step total (2).
16:52:56.560 [main] INFO ai.timefold.solver.core.impl.solver.DefaultSolver -- Solving ended: time spent (251), best score ([0/0/0/0/0]hard/[0/-9000]soft), move evaluation speed (8454/sec), phase total (2), environment mode (FULL_ASSERT), move thread count (NONE).
16:52:56.562 [main] INFO ai.timefold.solver.core.impl.solver.DefaultSolver -- Solving started: time spent (0), best score ([0/-21120/0/0/0]hard/[0/-17891]soft), environment mode (FULL_ASSERT), move thread count (NONE), random (seed 17).
16:52:56.562 [main] INFO ai.timefold.solver.core.impl.solver.DefaultSolver -- Problem scale: genuine entity count (3), genuine variable count (3), approximate value count (6), approximate problem scale (60,480).
16:52:56.812 [main] INFO ai.timefold.solver.core.impl.localsearch.DefaultLocalSearchPhase -- Local Search phase (0) ended: time spent (250), best score ([0/-13980/0/0/0]hard/[0/-17733]soft), move evaluation speed (7832/sec), step total (2).
16:52:56.812 [main] INFO ai.timefold.solver.core.impl.solver.DefaultSolver -- Solving ended: time spent (250), best score ([0/-13980/0/0/0]hard/[0/-17733]soft), move evaluation speed (7832/sec), phase total (1), environment mode (FULL_ASSERT), move thread count (NONE).
16:52:56.816 [main] INFO ai.timefold.solver.core.impl.solver.DefaultSolver -- Solving started: time spent (1), best score ([0/0/0/0/0]hard/[-0.1131468572778827977315689981096409/-17241]soft), environment mode (FULL_ASSERT), move thread count (NONE), random (seed 17).
16:52:56.816 [main] INFO ai.timefold.solver.core.impl.solver.DefaultSolver -- Problem scale: genuine entity count (3), genuine variable count (3), approximate value count (6), approximate problem scale (60,480).
16:52:57.065 [main] INFO ai.timefold.solver.core.impl.localsearch.DefaultLocalSearchPhase -- Local Search phase (0) ended: time spent (250), best score ([0/0/0/0/0]hard/[-0.10399436830497794580970384373030880/-16541]soft), move evaluation speed (6493/sec), step total (2).
16:52:57.065 [main] INFO ai.timefold.solver.core.impl.solver.DefaultSolver -- Solving ended: time spent (250), best score ([0/0/0/0/0]hard/[-0.10399436830497794580970384373030880/-16541]soft), move evaluation speed (6468/sec), phase total (1), environment mode (FULL_ASSERT), move thread count (NONE).
16:52:57.091 [main] INFO ai.timefold.solver.core.impl.solver.DefaultSolver -- Solving started: time spent (1), best score ([0/0/0/0/0]hard/[0/-17241]soft), environment mode (FULL_ASSERT), move thread count (NONE), random (seed 17).
16:52:57.091 [main] INFO ai.timefold.solver.core.impl.solver.DefaultSolver -- Problem scale: genuine entity count (3), genuine variable count (3), approximate value count (6), approximate problem scale (60,480).
16:52:57.340 [main] INFO ai.timefold.solver.core.impl.localsearch.DefaultLocalSearchPhase -- Local Search phase (0) ended: time spent (250), best score ([0/0/0/0/0]hard/[0/-16541]soft), move evaluation speed (6100/sec), step total (241).
16:52:57.340 [main] INFO ai.timefold.solver.core.impl.solver.DefaultSolver -- Solving ended: time spent (250), best score ([0/0/0/0/0]hard/[0/-16541]soft), move evaluation speed (6076/sec), phase total (1), environment mode (FULL_ASSERT), move thread count (NONE).
16:52:57.363 [main] INFO ai.timefold.solver.core.impl.solver.DefaultSolver -- Solving started: time spent (1), best score ([0/0/-4/0/0]hard/[0/-3000]soft), environment mode (FULL_ASSERT), move thread count (NONE), random (seed 17).
16:52:57.363 [main] INFO ai.timefold.solver.core.impl.solver.DefaultSolver -- Problem scale: genuine entity count (3), genuine variable count (3), approximate value count (6), approximate problem scale (60,480).
16:52:57.369 [main] INFO ai.timefold.solver.core.impl.constructionheuristic.DefaultConstructionHeuristicPhase -- Construction Heuristic phase (0) ended: time spent (7), best score ([0/0/0/0/0]hard/[0/-9000]soft), move evaluation speed (4333/sec), step total (4).
16:52:57.612 [main] INFO ai.timefold.solver.core.impl.localsearch.DefaultLocalSearchPhase -- Local Search phase (1) ended: time spent (250), best score ([0/0/0/0/0]hard/[0/-9000]soft), move evaluation speed (2382/sec), step total (552).
16:52:57.613 [main] INFO ai.timefold.solver.core.impl.solver.DefaultSolver -- Solving ended: time spent (251), best score ([0/0/0/0/0]hard/[0/-9000]soft), move evaluation speed (2410/sec), phase total (2), environment mode (FULL_ASSERT), move thread count (NONE).
16:52:57.616 [main] INFO ai.timefold.solver.core.impl.solver.DefaultSolver -- Solving started: time spent (1), best score ([0/-21120/0/0/0]hard/[0/-17891]soft), environment mode (FULL_ASSERT), move thread count (NONE), random (seed 17).
16:52:57.616 [main] INFO ai.timefold.solver.core.impl.solver.DefaultSolver -- Problem scale: genuine entity count (3), genuine variable count (3), approximate value count (6), approximate problem scale (60,480).
16:52:57.865 [main] INFO ai.timefold.solver.core.impl.localsearch.DefaultLocalSearchPhase -- Local Search phase (0) ended: time spent (250), best score ([0/0/0/0/0]hard/[0/-16591]soft), move evaluation speed (5417/sec), step total (131).
16:52:57.865 [main] INFO ai.timefold.solver.core.impl.solver.DefaultSolver -- Solving ended: time spent (250), best score ([0/0/0/0/0]hard/[0/-16591]soft), move evaluation speed (5396/sec), phase total (1), environment mode (FULL_ASSERT), move thread count (NONE).
16:52:57.869 [main] INFO ai.timefold.solver.core.impl.solver.DefaultSolver -- Solving started: time spent (3), best score ([0/0/0/0/0]hard/[-0.1131468572778827977315689981096409/-17241]soft), environment mode (FULL_ASSERT), move thread count (NONE), random (seed 17).
16:52:57.869 [main] INFO ai.timefold.solver.core.impl.solver.DefaultSolver -- Problem scale: genuine entity count (3), genuine variable count (3), approximate value count (6), approximate problem scale (60,480).
16:52:58.116 [main] INFO ai.timefold.solver.core.impl.localsearch.DefaultLocalSearchPhase -- Local Search phase (0) ended: time spent (250), best score ([0/0/0/0/0]hard/[-0.02640168819575719386683469859273262000/-17283]soft), move evaluation speed (5748/sec), step total (148).
16:52:58.116 [main] INFO ai.timefold.solver.core.impl.solver.DefaultSolver -- Solving ended: time spent (250), best score ([0/0/0/0/0]hard/[-0.02640168819575719386683469859273262000/-17283]soft), move evaluation speed (5680/sec), phase total (1), environment mode (FULL_ASSERT), move thread count (NONE).
16:52:58.139 [main] INFO ai.timefold.solver.core.impl.solver.DefaultSolver -- Solving started: time spent (0), best score ([0/0/0/0/0]hard/[0/-17241]soft), environment mode (FULL_ASSERT), move thread count (NONE), random (seed 17).
16:52:58.139 [main] INFO ai.timefold.solver.core.impl.solver.DefaultSolver -- Problem scale: genuine entity count (3), genuine variable count (3), approximate value count (6), approximate problem scale (60,480).
16:52:58.389 [main] INFO ai.timefold.solver.core.impl.localsearch.DefaultLocalSearchPhase -- Local Search phase (0) ended: time spent (250), best score ([0/0/0/0/0]hard/[0/-16541]soft), move evaluation speed (4132/sec), step total (174).
16:52:58.389 [main] INFO ai.timefold.solver.core.impl.solver.DefaultSolver -- Solving ended: time spent (250), best score ([0/0/0/0/0]hard/[0/-16541]soft), move evaluation speed (4132/sec), phase total (1), environment mode (FULL_ASSERT), move thread count (NONE).
16:52:58.419 [main] INFO ai.timefold.solver.core.impl.solver.DefaultSolver -- Solving started: time spent (1), best score ([0/0/-4/0/0]hard/[0/-3000]soft), environment mode (FULL_ASSERT), move thread count (NONE), random (seed 17).
16:52:58.419 [main] INFO ai.timefold.solver.core.impl.solver.DefaultSolver -- Problem scale: genuine entity count (3), genuine variable count (3), approximate value count (6), approximate problem scale (60,480).
16:52:58.427 [main] INFO ai.timefold.solver.core.impl.constructionheuristic.DefaultConstructionHeuristicPhase -- Construction Heuristic phase (0) ended: time spent (9), best score ([0/0/0/0/0]hard/[0/-9000]soft), move evaluation speed (3250/sec), step total (4).
16:52:58.668 [main] INFO ai.timefold.solver.core.impl.localsearch.DefaultLocalSearchPhase -- Local Search phase (1) ended: time spent (250), best score ([0/0/0/0/0]hard/[0/-9000]soft), move evaluation speed (1863/sec), step total (424).
16:52:58.668 [main] INFO ai.timefold.solver.core.impl.solver.DefaultSolver -- Solving ended: time spent (250), best score ([0/0/0/0/0]hard/[0/-9000]soft), move evaluation speed (1900/sec), phase total (2), environment mode (FULL_ASSERT), move thread count (NONE).
16:52:58.671 [main] INFO ai.timefold.solver.core.impl.solver.DefaultSolver -- Solving started: time spent (0), best score ([0/-21120/0/0/0]hard/[0/-17891]soft), environment mode (FULL_ASSERT), move thread count (NONE), random (seed 17).
16:52:58.671 [main] INFO ai.timefold.solver.core.impl.solver.DefaultSolver -- Problem scale: genuine entity count (3), genuine variable count (3), approximate value count (6), approximate problem scale (60,480).
16:52:58.921 [main] INFO ai.timefold.solver.core.impl.localsearch.DefaultLocalSearchPhase -- Local Search phase (0) ended: time spent (250), best score ([0/0/0/0/0]hard/[0/-16591]soft), move evaluation speed (4844/sec), step total (190).
16:52:58.922 [main] INFO ai.timefold.solver.core.impl.solver.DefaultSolver -- Solving ended: time spent (251), best score ([0/0/0/0/0]hard/[0/-16591]soft), move evaluation speed (4824/sec), phase total (1), environment mode (FULL_ASSERT), move thread count (NONE).
16:52:58.925 [main] INFO ai.timefold.solver.core.impl.solver.DefaultSolver -- Solving started: time spent (1), best score ([0/0/0/0/0]hard/[-0.1131468572778827977315689981096409/-17241]soft), environment mode (FULL_ASSERT), move thread count (NONE), random (seed 17).
16:52:58.925 [main] INFO ai.timefold.solver.core.impl.solver.DefaultSolver -- Problem scale: genuine entity count (3), genuine variable count (3), approximate value count (6), approximate problem scale (60,480).
16:52:59.175 [main] INFO ai.timefold.solver.core.impl.localsearch.DefaultLocalSearchPhase -- Local Search phase (0) ended: time spent (251), best score ([0/0/0/0/0]hard/[-0.0264016881957571938668346985927326200/-17283]soft), move evaluation speed (4884/sec), step total (188).
16:52:59.175 [main] INFO ai.timefold.solver.core.impl.solver.DefaultSolver -- Solving ended: time spent (251), best score ([0/0/0/0/0]hard/[-0.0264016881957571938668346985927326200/-17283]soft), move evaluation speed (4864/sec), phase total (1), environment mode (FULL_ASSERT), move thread count (NONE).
16:52:59.201 [main] INFO ai.timefold.solver.core.impl.solver.DefaultSolver -- Solving started: time spent (0), best score ([0/0/0/0/0]hard/[0/-17241]soft), environment mode (FULL_ASSERT), move thread count (NONE), random (seed 17).
16:52:59.201 [main] INFO ai.timefold.solver.core.impl.solver.DefaultSolver -- Problem scale: genuine entity count (3), genuine variable count (3), approximate value count (6), approximate problem scale (60,480).
16:52:59.451 [main] INFO ai.timefold.solver.core.impl.localsearch.DefaultLocalSearchPhase -- Local Search phase (0) ended: time spent (250), best score ([0/0/0/0/0]hard/[0/-16541]soft), move evaluation speed (3992/sec), step total (170).
16:52:59.451 [main] INFO ai.timefold.solver.core.impl.solver.DefaultSolver -- Solving ended: time spent (250), best score ([0/0/0/0/0]hard/[0/-16541]soft), move evaluation speed (3992/sec), phase total (1), environment mode (FULL_ASSERT), move thread count (NONE).
16:52:59.476 [main] INFO ai.timefold.solver.core.impl.solver.DefaultSolver -- Solving started: time spent (1), best score ([0/-21120/0/0/0]hard/[0/-17891]soft), environment mode (FULL_ASSERT), move thread count (NONE), random (seed 17).
16:52:59.477 [main] INFO ai.timefold.solver.core.impl.solver.DefaultSolver -- Problem scale: genuine entity count (3), genuine variable count (3), approximate value count (6), approximate problem scale (60,480).
16:52:59.725 [main] INFO ai.timefold.solver.core.impl.localsearch.DefaultLocalSearchPhase -- Local Search phase (0) ended: time spent (250), best score ([0/0/0/0/0]hard/[0/-16591]soft), move evaluation speed (5463/sec), step total (22).
16:52:59.725 [main] INFO ai.timefold.solver.core.impl.solver.DefaultSolver -- Solving ended: time spent (250), best score ([0/0/0/0/0]hard/[0/-16591]soft), move evaluation speed (5420/sec), phase total (1), environment mode (FULL_ASSERT), move thread count (NONE).
16:52:59.730 [main] INFO ai.timefold.solver.core.impl.solver.DefaultSolver -- Solving started: time spent (1), best score ([0/0/0/0/0]hard/[-0.1131468572778827977315689981096409/-17241]soft), environment mode (FULL_ASSERT), move thread count (NONE), random (seed 17).
16:52:59.730 [main] INFO ai.timefold.solver.core.impl.solver.DefaultSolver -- Problem scale: genuine entity count (3), genuine variable count (3), approximate value count (6), approximate problem scale (60,480).
16:52:59.978 [main] INFO ai.timefold.solver.core.impl.localsearch.DefaultLocalSearchPhase -- Local Search phase (0) ended: time spent (250), best score ([0/0/0/0/0]hard/[-0.026401688195757193866834698592732620/-17283]soft), move evaluation speed (5096/sec), step total (129).
16:52:59.978 [main] INFO ai.timefold.solver.core.impl.solver.DefaultSolver -- Solving ended: time spent (250), best score ([0/0/0/0/0]hard/[-0.026401688195757193866834698592732620/-17283]soft), move evaluation speed (5056/sec), phase total (1), environment mode (FULL_ASSERT), move thread count (NONE).
16:52:59.999 [main] INFO ai.timefold.solver.core.impl.solver.DefaultSolver -- Solving started: time spent (1), best score ([0/0/0/0/0]hard/[0/-17241]soft), environment mode (FULL_ASSERT), move thread count (NONE), random (seed 29).
16:52:59.999 [main] INFO ai.timefold.solver.core.impl.solver.DefaultSolver -- Problem scale: genuine entity count (3), genuine variable count (3), approximate value count (6), approximate problem scale (60,480).
16:53:00.248 [main] INFO ai.timefold.solver.core.impl.localsearch.DefaultLocalSearchPhase -- Local Search phase (0) ended: time spent (250), best score ([0/0/0/0/0]hard/[0/-16541]soft), move evaluation speed (7815/sec), step total (20).
16:53:00.248 [main] INFO ai.timefold.solver.core.impl.solver.DefaultSolver -- Solving ended: time spent (250), best score ([0/0/0/0/0]hard/[0/-16541]soft), move evaluation speed (7784/sec), phase total (1), environment mode (FULL_ASSERT), move thread count (NONE).
16:53:00.268 [main] INFO ai.timefold.solver.core.impl.solver.DefaultSolver -- Solving started: time spent (1), best score ([0/0/-4/0/0]hard/[0/-3000]soft), environment mode (FULL_ASSERT), move thread count (NONE), random (seed 29).
16:53:00.268 [main] INFO ai.timefold.solver.core.impl.solver.DefaultSolver -- Problem scale: genuine entity count (3), genuine variable count (3), approximate value count (6), approximate problem scale (60,480).
16:53:00.274 [main] INFO ai.timefold.solver.core.impl.constructionheuristic.DefaultConstructionHeuristicPhase -- Construction Heuristic phase (0) ended: time spent (7), best score ([0/0/0/0/0]hard/[0/-9000]soft), move evaluation speed (4333/sec), step total (4).
16:53:00.517 [main] INFO ai.timefold.solver.core.impl.localsearch.DefaultLocalSearchPhase -- Local Search phase (1) ended: time spent (250), best score ([0/0/0/0/0]hard/[0/-9000]soft), move evaluation speed (7045/sec), step total (18).
16:53:00.518 [main] INFO ai.timefold.solver.core.impl.solver.DefaultSolver -- Solving ended: time spent (251), best score ([0/0/0/0/0]hard/[0/-9000]soft), move evaluation speed (6896/sec), phase total (2), environment mode (FULL_ASSERT), move thread count (NONE).
16:53:00.521 [main] INFO ai.timefold.solver.core.impl.solver.DefaultSolver -- Solving started: time spent (0), best score ([0/-21120/0/0/0]hard/[0/-17891]soft), environment mode (FULL_ASSERT), move thread count (NONE), random (seed 29).
16:53:00.521 [main] INFO ai.timefold.solver.core.impl.solver.DefaultSolver -- Problem scale: genuine entity count (3), genuine variable count (3), approximate value count (6), approximate problem scale (60,480).
16:53:00.771 [main] INFO ai.timefold.solver.core.impl.localsearch.DefaultLocalSearchPhase -- Local Search phase (0) ended: time spent (250), best score ([0/0/0/0/0]hard/[0/-17083]soft), move evaluation speed (7832/sec), step total (20).
16:53:00.771 [main] INFO ai.timefold.solver.core.impl.solver.DefaultSolver -- Solving ended: time spent (250), best score ([0/0/0/0/0]hard/[0/-17083]soft), move evaluation speed (7832/sec), phase total (1), environment mode (FULL_ASSERT), move thread count (NONE).
16:53:00.775 [main] INFO ai.timefold.solver.core.impl.solver.DefaultSolver -- Solving started: time spent (1), best score ([0/0/0/0/0]hard/[-0.1131468572778827977315689981096409/-17241]soft), environment mode (FULL_ASSERT), move thread count (NONE), random (seed 29).
16:53:00.775 [main] INFO ai.timefold.solver.core.impl.solver.DefaultSolver -- Problem scale: genuine entity count (3), genuine variable count (3), approximate value count (6), approximate problem scale (60,480).
16:53:01.024 [main] INFO ai.timefold.solver.core.impl.localsearch.DefaultLocalSearchPhase -- Local Search phase (0) ended: time spent (250), best score ([0/0/0/0/0]hard/[-0.026401688195757193866834698592732620/-17283]soft), move evaluation speed (7429/sec), step total (19).
16:53:01.024 [main] INFO ai.timefold.solver.core.impl.solver.DefaultSolver -- Solving ended: time spent (250), best score ([0/0/0/0/0]hard/[-0.026401688195757193866834698592732620/-17283]soft), move evaluation speed (7400/sec), phase total (1), environment mode (FULL_ASSERT), move thread count (NONE).
16:53:01.045 [main] INFO ai.timefold.solver.core.impl.solver.DefaultSolver -- Solving started: time spent (1), best score ([0/0/0/0/0]hard/[0/-17241]soft), environment mode (FULL_ASSERT), move thread count (NONE), random (seed 29).
16:53:01.045 [main] INFO ai.timefold.solver.core.impl.solver.DefaultSolver -- Problem scale: genuine entity count (3), genuine variable count (3), approximate value count (6), approximate problem scale (60,480).
16:53:01.294 [main] INFO ai.timefold.solver.core.impl.localsearch.DefaultLocalSearchPhase -- Local Search phase (0) ended: time spent (250), best score ([0/0/0/0/0]hard/[0/-16541]soft), move evaluation speed (8240/sec), step total (21).
16:53:01.294 [main] INFO ai.timefold.solver.core.impl.solver.DefaultSolver -- Solving ended: time spent (250), best score ([0/0/0/0/0]hard/[0/-16541]soft), move evaluation speed (8208/sec), phase total (1), environment mode (FULL_ASSERT), move thread count (NONE).
16:53:01.316 [main] INFO ai.timefold.solver.core.impl.solver.DefaultSolver -- Solving started: time spent (1), best score ([0/0/-4/0/0]hard/[0/-3000]soft), environment mode (FULL_ASSERT), move thread count (NONE), random (seed 29).
16:53:01.316 [main] INFO ai.timefold.solver.core.impl.solver.DefaultSolver -- Problem scale: genuine entity count (3), genuine variable count (3), approximate value count (6), approximate problem scale (60,480).
16:53:01.322 [main] INFO ai.timefold.solver.core.impl.constructionheuristic.DefaultConstructionHeuristicPhase -- Construction Heuristic phase (0) ended: time spent (7), best score ([0/0/0/0/0]hard/[0/-9000]soft), move evaluation speed (4333/sec), step total (4).
16:53:01.565 [main] INFO ai.timefold.solver.core.impl.localsearch.DefaultLocalSearchPhase -- Local Search phase (1) ended: time spent (250), best score ([0/0/0/0/0]hard/[0/-9000]soft), move evaluation speed (8520/sec), step total (21).
16:53:01.565 [main] INFO ai.timefold.solver.core.impl.solver.DefaultSolver -- Solving ended: time spent (250), best score ([0/0/0/0/0]hard/[0/-9000]soft), move evaluation speed (8352/sec), phase total (2), environment mode (FULL_ASSERT), move thread count (NONE).
16:53:01.567 [main] INFO ai.timefold.solver.core.impl.solver.DefaultSolver -- Solving started: time spent (0), best score ([0/-21120/0/0/0]hard/[0/-17891]soft), environment mode (FULL_ASSERT), move thread count (NONE), random (seed 29).
16:53:01.567 [main] INFO ai.timefold.solver.core.impl.solver.DefaultSolver -- Problem scale: genuine entity count (3), genuine variable count (3), approximate value count (6), approximate problem scale (60,480).
16:53:01.817 [main] INFO ai.timefold.solver.core.impl.localsearch.DefaultLocalSearchPhase -- Local Search phase (0) ended: time spent (250), best score ([0/0/0/0/0]hard/[0/-17083]soft), move evaluation speed (7892/sec), step total (20).
16:53:01.817 [main] INFO ai.timefold.solver.core.impl.solver.DefaultSolver -- Solving ended: time spent (250), best score ([0/0/0/0/0]hard/[0/-17083]soft), move evaluation speed (7892/sec), phase total (1), environment mode (FULL_ASSERT), move thread count (NONE).
16:53:01.820 [main] INFO ai.timefold.solver.core.impl.solver.DefaultSolver -- Solving started: time spent (1), best score ([0/0/0/0/0]hard/[-0.1131468572778827977315689981096409/-17241]soft), environment mode (FULL_ASSERT), move thread count (NONE), random (seed 29).
16:53:01.820 [main] INFO ai.timefold.solver.core.impl.solver.DefaultSolver -- Problem scale: genuine entity count (3), genuine variable count (3), approximate value count (6), approximate problem scale (60,480).
16:53:02.069 [main] INFO ai.timefold.solver.core.impl.localsearch.DefaultLocalSearchPhase -- Local Search phase (0) ended: time spent (250), best score ([0/0/0/0/0]hard/[-0.026401688195757193866834698592732620/-17283]soft), move evaluation speed (7405/sec), step total (19).
16:53:02.069 [main] INFO ai.timefold.solver.core.impl.solver.DefaultSolver -- Solving ended: time spent (250), best score ([0/0/0/0/0]hard/[-0.026401688195757193866834698592732620/-17283]soft), move evaluation speed (7376/sec), phase total (1), environment mode (FULL_ASSERT), move thread count (NONE).
16:53:02.089 [main] INFO ai.timefold.solver.core.impl.solver.DefaultSolver -- Solving started: time spent (0), best score ([0/0/0/0/0]hard/[0/-17241]soft), environment mode (FULL_ASSERT), move thread count (NONE), random (seed 29).
16:53:02.089 [main] INFO ai.timefold.solver.core.impl.solver.DefaultSolver -- Problem scale: genuine entity count (3), genuine variable count (3), approximate value count (6), approximate problem scale (60,480).
16:53:02.339 [main] INFO ai.timefold.solver.core.impl.localsearch.DefaultLocalSearchPhase -- Local Search phase (0) ended: time spent (250), best score ([0/0/0/0/0]hard/[0/-16541]soft), move evaluation speed (5859/sec), step total (231).
16:53:02.339 [main] INFO ai.timefold.solver.core.impl.solver.DefaultSolver -- Solving ended: time spent (250), best score ([0/0/0/0/0]hard/[0/-16541]soft), move evaluation speed (5836/sec), phase total (1), environment mode (FULL_ASSERT), move thread count (NONE).
16:53:02.361 [main] INFO ai.timefold.solver.core.impl.solver.DefaultSolver -- Solving started: time spent (1), best score ([0/0/-4/0/0]hard/[0/-3000]soft), environment mode (FULL_ASSERT), move thread count (NONE), random (seed 29).
16:53:02.361 [main] INFO ai.timefold.solver.core.impl.solver.DefaultSolver -- Problem scale: genuine entity count (3), genuine variable count (3), approximate value count (6), approximate problem scale (60,480).
16:53:02.364 [main] INFO ai.timefold.solver.core.impl.constructionheuristic.DefaultConstructionHeuristicPhase -- Construction Heuristic phase (0) ended: time spent (4), best score ([0/0/0/0/0]hard/[0/-9000]soft), move evaluation speed (8666/sec), step total (4).
16:53:02.610 [main] INFO ai.timefold.solver.core.impl.localsearch.DefaultLocalSearchPhase -- Local Search phase (1) ended: time spent (250), best score ([0/0/0/0/0]hard/[0/-9000]soft), move evaluation speed (2573/sec), step total (546).
16:53:02.610 [main] INFO ai.timefold.solver.core.impl.solver.DefaultSolver -- Solving ended: time spent (250), best score ([0/0/0/0/0]hard/[0/-9000]soft), move evaluation speed (2616/sec), phase total (2), environment mode (FULL_ASSERT), move thread count (NONE).
16:53:02.613 [main] INFO ai.timefold.solver.core.impl.solver.DefaultSolver -- Solving started: time spent (0), best score ([0/-21120/0/0/0]hard/[0/-17891]soft), environment mode (FULL_ASSERT), move thread count (NONE), random (seed 29).
16:53:02.613 [main] INFO ai.timefold.solver.core.impl.solver.DefaultSolver -- Problem scale: genuine entity count (3), genuine variable count (3), approximate value count (6), approximate problem scale (60,480).
16:53:02.863 [main] INFO ai.timefold.solver.core.impl.localsearch.DefaultLocalSearchPhase -- Local Search phase (0) ended: time spent (250), best score ([0/0/0/0/0]hard/[0/-16591]soft), move evaluation speed (5568/sec), step total (243).
16:53:02.863 [main] INFO ai.timefold.solver.core.impl.solver.DefaultSolver -- Solving ended: time spent (250), best score ([0/0/0/0/0]hard/[0/-16591]soft), move evaluation speed (5568/sec), phase total (1), environment mode (FULL_ASSERT), move thread count (NONE).
16:53:02.866 [main] INFO ai.timefold.solver.core.impl.solver.DefaultSolver -- Solving started: time spent (2), best score ([0/0/0/0/0]hard/[-0.1131468572778827977315689981096409/-17241]soft), environment mode (FULL_ASSERT), move thread count (NONE), random (seed 29).
16:53:02.866 [main] INFO ai.timefold.solver.core.impl.solver.DefaultSolver -- Problem scale: genuine entity count (3), genuine variable count (3), approximate value count (6), approximate problem scale (60,480).
16:53:03.115 [main] INFO ai.timefold.solver.core.impl.localsearch.DefaultLocalSearchPhase -- Local Search phase (0) ended: time spent (251), best score ([0/0/0/0/0]hard/[-0.032178048204158790170132325141776930/-17183]soft), move evaluation speed (5875/sec), step total (223).
16:53:03.115 [main] INFO ai.timefold.solver.core.impl.solver.DefaultSolver -- Solving ended: time spent (251), best score ([0/0/0/0/0]hard/[-0.032178048204158790170132325141776930/-17183]soft), move evaluation speed (5828/sec), phase total (1), environment mode (FULL_ASSERT), move thread count (NONE).
16:53:03.133 [main] INFO ai.timefold.solver.core.impl.solver.DefaultSolver -- Solving started: time spent (1), best score ([0/0/0/0/0]hard/[0/-17241]soft), environment mode (FULL_ASSERT), move thread count (NONE), random (seed 29).
16:53:03.133 [main] INFO ai.timefold.solver.core.impl.solver.DefaultSolver -- Problem scale: genuine entity count (3), genuine variable count (3), approximate value count (6), approximate problem scale (60,480).
16:53:03.382 [main] INFO ai.timefold.solver.core.impl.localsearch.DefaultLocalSearchPhase -- Local Search phase (0) ended: time spent (250), best score ([0/0/0/0/0]hard/[0/-16541]soft), move evaluation speed (5979/sec), step total (251).
16:53:03.382 [main] INFO ai.timefold.solver.core.impl.solver.DefaultSolver -- Solving ended: time spent (250), best score ([0/0/0/0/0]hard/[0/-16541]soft), move evaluation speed (5956/sec), phase total (1), environment mode (FULL_ASSERT), move thread count (NONE).
16:53:03.400 [main] INFO ai.timefold.solver.core.impl.solver.DefaultSolver -- Solving started: time spent (0), best score ([0/0/-4/0/0]hard/[0/-3000]soft), environment mode (FULL_ASSERT), move thread count (NONE), random (seed 29).
16:53:03.400 [main] INFO ai.timefold.solver.core.impl.solver.DefaultSolver -- Problem scale: genuine entity count (3), genuine variable count (3), approximate value count (6), approximate problem scale (60,480).
16:53:03.407 [main] INFO ai.timefold.solver.core.impl.constructionheuristic.DefaultConstructionHeuristicPhase -- Construction Heuristic phase (0) ended: time spent (7), best score ([0/0/0/0/0]hard/[0/-9000]soft), move evaluation speed (3714/sec), step total (4).
16:53:03.650 [main] INFO ai.timefold.solver.core.impl.localsearch.DefaultLocalSearchPhase -- Local Search phase (1) ended: time spent (250), best score ([0/0/0/0/0]hard/[0/-9000]soft), move evaluation speed (2637/sec), step total (597).
16:53:03.650 [main] INFO ai.timefold.solver.core.impl.solver.DefaultSolver -- Solving ended: time spent (250), best score ([0/0/0/0/0]hard/[0/-9000]soft), move evaluation speed (2668/sec), phase total (2), environment mode (FULL_ASSERT), move thread count (NONE).
16:53:03.652 [main] INFO ai.timefold.solver.core.impl.solver.DefaultSolver -- Solving started: time spent (0), best score ([0/-21120/0/0/0]hard/[0/-17891]soft), environment mode (FULL_ASSERT), move thread count (NONE), random (seed 29).
16:53:03.652 [main] INFO ai.timefold.solver.core.impl.solver.DefaultSolver -- Problem scale: genuine entity count (3), genuine variable count (3), approximate value count (6), approximate problem scale (60,480).
16:53:03.902 [main] INFO ai.timefold.solver.core.impl.localsearch.DefaultLocalSearchPhase -- Local Search phase (0) ended: time spent (250), best score ([0/0/0/0/0]hard/[0/-17083]soft), move evaluation speed (5432/sec), step total (323).
16:53:03.902 [main] INFO ai.timefold.solver.core.impl.solver.DefaultSolver -- Solving ended: time spent (250), best score ([0/0/0/0/0]hard/[0/-17083]soft), move evaluation speed (5432/sec), phase total (1), environment mode (FULL_ASSERT), move thread count (NONE).
16:53:03.904 [main] INFO ai.timefold.solver.core.impl.solver.DefaultSolver -- Solving started: time spent (0), best score ([0/0/0/0/0]hard/[-0.1131468572778827977315689981096409/-17241]soft), environment mode (FULL_ASSERT), move thread count (NONE), random (seed 29).
16:53:03.905 [main] INFO ai.timefold.solver.core.impl.solver.DefaultSolver -- Problem scale: genuine entity count (3), genuine variable count (3), approximate value count (6), approximate problem scale (60,480).
16:53:04.155 [main] INFO ai.timefold.solver.core.impl.localsearch.DefaultLocalSearchPhase -- Local Search phase (0) ended: time spent (251), best score ([0/0/0/0/0]hard/[-0.032178048204158790170132325141776930/-17183]soft), move evaluation speed (6508/sec), step total (141).
16:53:04.155 [main] INFO ai.timefold.solver.core.impl.solver.DefaultSolver -- Solving ended: time spent (251), best score ([0/0/0/0/0]hard/[-0.032178048204158790170132325141776930/-17183]soft), move evaluation speed (6482/sec), phase total (1), environment mode (FULL_ASSERT), move thread count (NONE).
16:53:04.178 [main] INFO ai.timefold.solver.core.impl.solver.DefaultSolver -- Solving started: time spent (1), best score ([0/0/0/0/0]hard/[0/-17241]soft), environment mode (FULL_ASSERT), move thread count (NONE), random (seed 29).
16:53:04.178 [main] INFO ai.timefold.solver.core.impl.solver.DefaultSolver -- Problem scale: genuine entity count (3), genuine variable count (3), approximate value count (6), approximate problem scale (60,480).
16:53:04.427 [main] INFO ai.timefold.solver.core.impl.localsearch.DefaultLocalSearchPhase -- Local Search phase (0) ended: time spent (250), best score ([0/0/0/0/0]hard/[0/-16541]soft), move evaluation speed (7277/sec), step total (2).
16:53:04.427 [main] INFO ai.timefold.solver.core.impl.solver.DefaultSolver -- Solving ended: time spent (250), best score ([0/0/0/0/0]hard/[0/-16541]soft), move evaluation speed (7248/sec), phase total (1), environment mode (FULL_ASSERT), move thread count (NONE).
16:53:04.448 [main] INFO ai.timefold.solver.core.impl.solver.DefaultSolver -- Solving started: time spent (1), best score ([0/0/-4/0/0]hard/[0/-3000]soft), environment mode (FULL_ASSERT), move thread count (NONE), random (seed 29).
16:53:04.448 [main] INFO ai.timefold.solver.core.impl.solver.DefaultSolver -- Problem scale: genuine entity count (3), genuine variable count (3), approximate value count (6), approximate problem scale (60,480).
16:53:04.453 [main] INFO ai.timefold.solver.core.impl.constructionheuristic.DefaultConstructionHeuristicPhase -- Construction Heuristic phase (0) ended: time spent (6), best score ([0/0/0/0/0]hard/[0/-9000]soft), move evaluation speed (5200/sec), step total (4).
16:53:04.697 [main] INFO ai.timefold.solver.core.impl.localsearch.DefaultLocalSearchPhase -- Local Search phase (1) ended: time spent (250), best score ([0/0/0/0/0]hard/[0/-9000]soft), move evaluation speed (8627/sec), step total (2).
16:53:04.697 [main] INFO ai.timefold.solver.core.impl.solver.DefaultSolver -- Solving ended: time spent (250), best score ([0/0/0/0/0]hard/[0/-9000]soft), move evaluation speed (8524/sec), phase total (2), environment mode (FULL_ASSERT), move thread count (NONE).
16:53:04.699 [main] INFO ai.timefold.solver.core.impl.solver.DefaultSolver -- Solving started: time spent (0), best score ([0/-21120/0/0/0]hard/[0/-17891]soft), environment mode (FULL_ASSERT), move thread count (NONE), random (seed 29).
16:53:04.699 [main] INFO ai.timefold.solver.core.impl.solver.DefaultSolver -- Problem scale: genuine entity count (3), genuine variable count (3), approximate value count (6), approximate problem scale (60,480).
16:53:04.949 [main] INFO ai.timefold.solver.core.impl.localsearch.DefaultLocalSearchPhase -- Local Search phase (0) ended: time spent (250), best score ([0/-13980/0/0/0]hard/[0/-17733]soft), move evaluation speed (8344/sec), step total (2).
16:53:04.949 [main] INFO ai.timefold.solver.core.impl.solver.DefaultSolver -- Solving ended: time spent (250), best score ([0/-13980/0/0/0]hard/[0/-17733]soft), move evaluation speed (8344/sec), phase total (1), environment mode (FULL_ASSERT), move thread count (NONE).
16:53:04.951 [main] INFO ai.timefold.solver.core.impl.solver.DefaultSolver -- Solving started: time spent (0), best score ([0/0/0/0/0]hard/[-0.1131468572778827977315689981096409/-17241]soft), environment mode (FULL_ASSERT), move thread count (NONE), random (seed 29).
16:53:04.952 [main] INFO ai.timefold.solver.core.impl.solver.DefaultSolver -- Problem scale: genuine entity count (3), genuine variable count (3), approximate value count (6), approximate problem scale (60,480).
16:53:05.202 [main] INFO ai.timefold.solver.core.impl.localsearch.DefaultLocalSearchPhase -- Local Search phase (0) ended: time spent (251), best score ([0/0/0/0/0]hard/[-0.10399436830497794580970384373030880/-16541]soft), move evaluation speed (7156/sec), step total (2).
16:53:05.202 [main] INFO ai.timefold.solver.core.impl.solver.DefaultSolver -- Solving ended: time spent (251), best score ([0/0/0/0/0]hard/[-0.10399436830497794580970384373030880/-16541]soft), move evaluation speed (7127/sec), phase total (1), environment mode (FULL_ASSERT), move thread count (NONE).
16:53:05.223 [main] INFO ai.timefold.solver.core.impl.solver.DefaultSolver -- Solving started: time spent (1), best score ([0/0/0/0/0]hard/[0/-17241]soft), environment mode (FULL_ASSERT), move thread count (NONE), random (seed 29).
16:53:05.223 [main] INFO ai.timefold.solver.core.impl.solver.DefaultSolver -- Problem scale: genuine entity count (3), genuine variable count (3), approximate value count (6), approximate problem scale (60,480).
16:53:05.472 [main] INFO ai.timefold.solver.core.impl.localsearch.DefaultLocalSearchPhase -- Local Search phase (0) ended: time spent (250), best score ([0/0/0/0/0]hard/[0/-16541]soft), move evaluation speed (4863/sec), step total (150).
16:53:05.473 [main] INFO ai.timefold.solver.core.impl.solver.DefaultSolver -- Solving ended: time spent (251), best score ([0/0/0/0/0]hard/[0/-16541]soft), move evaluation speed (4824/sec), phase total (1), environment mode (FULL_ASSERT), move thread count (NONE).
16:53:05.493 [main] INFO ai.timefold.solver.core.impl.solver.DefaultSolver -- Solving started: time spent (0), best score ([0/0/-4/0/0]hard/[0/-3000]soft), environment mode (FULL_ASSERT), move thread count (NONE), random (seed 29).
16:53:05.494 [main] INFO ai.timefold.solver.core.impl.solver.DefaultSolver -- Problem scale: genuine entity count (3), genuine variable count (3), approximate value count (6), approximate problem scale (60,480).
16:53:05.499 [main] INFO ai.timefold.solver.core.impl.constructionheuristic.DefaultConstructionHeuristicPhase -- Construction Heuristic phase (0) ended: time spent (6), best score ([0/0/0/0/0]hard/[0/-9000]soft), move evaluation speed (5200/sec), step total (4).
16:53:05.743 [main] INFO ai.timefold.solver.core.impl.localsearch.DefaultLocalSearchPhase -- Local Search phase (1) ended: time spent (250), best score ([0/0/0/0/0]hard/[0/-9000]soft), move evaluation speed (2238/sec), step total (511).
16:53:05.743 [main] INFO ai.timefold.solver.core.impl.solver.DefaultSolver -- Solving ended: time spent (250), best score ([0/0/0/0/0]hard/[0/-9000]soft), move evaluation speed (2280/sec), phase total (2), environment mode (FULL_ASSERT), move thread count (NONE).
16:53:05.746 [main] INFO ai.timefold.solver.core.impl.solver.DefaultSolver -- Solving started: time spent (0), best score ([0/-21120/0/0/0]hard/[0/-17891]soft), environment mode (FULL_ASSERT), move thread count (NONE), random (seed 29).
16:53:05.746 [main] INFO ai.timefold.solver.core.impl.solver.DefaultSolver -- Problem scale: genuine entity count (3), genuine variable count (3), approximate value count (6), approximate problem scale (60,480).
16:53:05.996 [main] INFO ai.timefold.solver.core.impl.localsearch.DefaultLocalSearchPhase -- Local Search phase (0) ended: time spent (250), best score ([0/0/0/0/0]hard/[0/-16591]soft), move evaluation speed (5348/sec), step total (282).
16:53:05.996 [main] INFO ai.timefold.solver.core.impl.solver.DefaultSolver -- Solving ended: time spent (250), best score ([0/0/0/0/0]hard/[0/-16591]soft), move evaluation speed (5348/sec), phase total (1), environment mode (FULL_ASSERT), move thread count (NONE).
16:53:05.997 [main] INFO ai.timefold.solver.core.impl.solver.DefaultSolver -- Solving started: time spent (0), best score ([0/0/0/0/0]hard/[-0.1131468572778827977315689981096409/-17241]soft), environment mode (FULL_ASSERT), move thread count (NONE), random (seed 29).
16:53:05.997 [main] INFO ai.timefold.solver.core.impl.solver.DefaultSolver -- Problem scale: genuine entity count (3), genuine variable count (3), approximate value count (6), approximate problem scale (60,480).
16:53:06.247 [main] INFO ai.timefold.solver.core.impl.localsearch.DefaultLocalSearchPhase -- Local Search phase (0) ended: time spent (250), best score ([0/0/0/0/0]hard/[-0.03664432179614126684069973294926036/-17033]soft), move evaluation speed (5876/sec), step total (242).
16:53:06.247 [main] INFO ai.timefold.solver.core.impl.solver.DefaultSolver -- Solving ended: time spent (250), best score ([0/0/0/0/0]hard/[-0.03664432179614126684069973294926036/-17033]soft), move evaluation speed (5876/sec), phase total (1), environment mode (FULL_ASSERT), move thread count (NONE).
16:53:06.268 [main] INFO ai.timefold.solver.core.impl.solver.DefaultSolver -- Solving started: time spent (1), best score ([0/0/0/0/0]hard/[0/-17241]soft), environment mode (FULL_ASSERT), move thread count (NONE), random (seed 29).
16:53:06.268 [main] INFO ai.timefold.solver.core.impl.solver.DefaultSolver -- Problem scale: genuine entity count (3), genuine variable count (3), approximate value count (6), approximate problem scale (60,480).
16:53:06.517 [main] INFO ai.timefold.solver.core.impl.localsearch.DefaultLocalSearchPhase -- Local Search phase (0) ended: time spent (250), best score ([0/0/0/0/0]hard/[0/-16541]soft), move evaluation speed (6212/sec), step total (196).
16:53:06.518 [main] INFO ai.timefold.solver.core.impl.solver.DefaultSolver -- Solving ended: time spent (251), best score ([0/0/0/0/0]hard/[0/-16541]soft), move evaluation speed (6163/sec), phase total (1), environment mode (FULL_ASSERT), move thread count (NONE).
16:53:06.540 [main] INFO ai.timefold.solver.core.impl.solver.DefaultSolver -- Solving started: time spent (0), best score ([0/0/-4/0/0]hard/[0/-3000]soft), environment mode (FULL_ASSERT), move thread count (NONE), random (seed 29).
16:53:06.540 [main] INFO ai.timefold.solver.core.impl.solver.DefaultSolver -- Problem scale: genuine entity count (3), genuine variable count (3), approximate value count (6), approximate problem scale (60,480).
16:53:06.547 [main] INFO ai.timefold.solver.core.impl.constructionheuristic.DefaultConstructionHeuristicPhase -- Construction Heuristic phase (0) ended: time spent (7), best score ([0/0/0/0/0]hard/[0/-9000]soft), move evaluation speed (3714/sec), step total (4).
16:53:06.790 [main] INFO ai.timefold.solver.core.impl.localsearch.DefaultLocalSearchPhase -- Local Search phase (1) ended: time spent (250), best score ([0/0/0/0/0]hard/[0/-9000]soft), move evaluation speed (2691/sec), step total (613).
16:53:06.791 [main] INFO ai.timefold.solver.core.impl.solver.DefaultSolver -- Solving ended: time spent (250), best score ([0/0/0/0/0]hard/[0/-9000]soft), move evaluation speed (2720/sec), phase total (2), environment mode (FULL_ASSERT), move thread count (NONE).
16:53:06.793 [main] INFO ai.timefold.solver.core.impl.solver.DefaultSolver -- Solving started: time spent (0), best score ([0/-21120/0/0/0]hard/[0/-17891]soft), environment mode (FULL_ASSERT), move thread count (NONE), random (seed 29).
16:53:06.793 [main] INFO ai.timefold.solver.core.impl.solver.DefaultSolver -- Problem scale: genuine entity count (3), genuine variable count (3), approximate value count (6), approximate problem scale (60,480).
16:53:07.043 [main] INFO ai.timefold.solver.core.impl.localsearch.DefaultLocalSearchPhase -- Local Search phase (0) ended: time spent (250), best score ([0/0/0/0/0]hard/[0/-16591]soft), move evaluation speed (5112/sec), step total (303).
16:53:07.043 [main] INFO ai.timefold.solver.core.impl.solver.DefaultSolver -- Solving ended: time spent (250), best score ([0/0/0/0/0]hard/[0/-16591]soft), move evaluation speed (5112/sec), phase total (1), environment mode (FULL_ASSERT), move thread count (NONE).
16:53:07.045 [main] INFO ai.timefold.solver.core.impl.solver.DefaultSolver -- Solving started: time spent (0), best score ([0/0/0/0/0]hard/[-0.1131468572778827977315689981096409/-17241]soft), environment mode (FULL_ASSERT), move thread count (NONE), random (seed 29).
16:53:07.045 [main] INFO ai.timefold.solver.core.impl.solver.DefaultSolver -- Problem scale: genuine entity count (3), genuine variable count (3), approximate value count (6), approximate problem scale (60,480).
16:53:07.295 [main] INFO ai.timefold.solver.core.impl.localsearch.DefaultLocalSearchPhase -- Local Search phase (0) ended: time spent (250), best score ([0/0/0/0/0]hard/[-0.026401688195757193866834698592732620/-17283]soft), move evaluation speed (5852/sec), step total (131).
16:53:07.295 [main] INFO ai.timefold.solver.core.impl.solver.DefaultSolver -- Solving ended: time spent (250), best score ([0/0/0/0/0]hard/[-0.026401688195757193866834698592732620/-17283]soft), move evaluation speed (5852/sec), phase total (1), environment mode (FULL_ASSERT), move thread count (NONE).
16:53:07.312 [main] INFO ai.timefold.solver.core.impl.solver.DefaultSolver -- Solving started: time spent (0), best score ([0/0/0/0/0]hard/[0/-17241]soft), environment mode (FULL_ASSERT), move thread count (NONE), random (seed 29).
16:53:07.313 [main] INFO ai.timefold.solver.core.impl.solver.DefaultSolver -- Problem scale: genuine entity count (3), genuine variable count (3), approximate value count (6), approximate problem scale (60,480).
16:53:07.562 [main] INFO ai.timefold.solver.core.impl.localsearch.DefaultLocalSearchPhase -- Local Search phase (0) ended: time spent (250), best score ([0/0/0/0/0]hard/[0/-16541]soft), move evaluation speed (5987/sec), step total (258).
16:53:07.562 [main] INFO ai.timefold.solver.core.impl.solver.DefaultSolver -- Solving ended: time spent (250), best score ([0/0/0/0/0]hard/[0/-16541]soft), move evaluation speed (5964/sec), phase total (1), environment mode (FULL_ASSERT), move thread count (NONE).
16:53:07.580 [main] INFO ai.timefold.solver.core.impl.solver.DefaultSolver -- Solving started: time spent (0), best score ([0/-21120/0/0/0]hard/[0/-17891]soft), environment mode (FULL_ASSERT), move thread count (NONE), random (seed 29).
16:53:07.580 [main] INFO ai.timefold.solver.core.impl.solver.DefaultSolver -- Problem scale: genuine entity count (3), genuine variable count (3), approximate value count (6), approximate problem scale (60,480).
16:53:07.830 [main] INFO ai.timefold.solver.core.impl.localsearch.DefaultLocalSearchPhase -- Local Search phase (0) ended: time spent (250), best score ([0/0/0/0/0]hard/[0/-16591]soft), move evaluation speed (5480/sec), step total (238).
16:53:07.830 [main] INFO ai.timefold.solver.core.impl.solver.DefaultSolver -- Solving ended: time spent (250), best score ([0/0/0/0/0]hard/[0/-16591]soft), move evaluation speed (5480/sec), phase total (1), environment mode (FULL_ASSERT), move thread count (NONE).
16:53:07.833 [main] INFO ai.timefold.solver.core.impl.solver.DefaultSolver -- Solving started: time spent (1), best score ([0/0/0/0/0]hard/[-0.1131468572778827977315689981096409/-17241]soft), environment mode (FULL_ASSERT), move thread count (NONE), random (seed 29).
16:53:07.833 [main] INFO ai.timefold.solver.core.impl.solver.DefaultSolver -- Problem scale: genuine entity count (3), genuine variable count (3), approximate value count (6), approximate problem scale (60,480).
16:53:08.082 [main] INFO ai.timefold.solver.core.impl.localsearch.DefaultLocalSearchPhase -- Local Search phase (0) ended: time spent (250), best score ([0/0/0/0/0]hard/[-0.0264016881957571938668346985927326200/-17283]soft), move evaluation speed (5995/sec), step total (181).
16:53:08.082 [main] INFO ai.timefold.solver.core.impl.solver.DefaultSolver -- Solving ended: time spent (250), best score ([0/0/0/0/0]hard/[-0.0264016881957571938668346985927326200/-17283]soft), move evaluation speed (5948/sec), phase total (1), environment mode (FULL_ASSERT), move thread count (NONE).
16:53:08.097 [main] INFO ai.timefold.solver.core.impl.solver.DefaultSolver -- Solving started: time spent (0), best score ([0/0/0/0/0]hard/[0/-17241]soft), environment mode (FULL_ASSERT), move thread count (NONE), random (seed 41).
16:53:08.097 [main] INFO ai.timefold.solver.core.impl.solver.DefaultSolver -- Problem scale: genuine entity count (3), genuine variable count (3), approximate value count (6), approximate problem scale (60,480).
16:53:08.347 [main] INFO ai.timefold.solver.core.impl.localsearch.DefaultLocalSearchPhase -- Local Search phase (0) ended: time spent (250), best score ([0/0/0/0/0]hard/[0/-16541]soft), move evaluation speed (8292/sec), step total (21).
16:53:08.347 [main] INFO ai.timefold.solver.core.impl.solver.DefaultSolver -- Solving ended: time spent (250), best score ([0/0/0/0/0]hard/[0/-16541]soft), move evaluation speed (8292/sec), phase total (1), environment mode (FULL_ASSERT), move thread count (NONE).
16:53:08.363 [main] INFO ai.timefold.solver.core.impl.solver.DefaultSolver -- Solving started: time spent (0), best score ([0/0/-4/0/0]hard/[0/-3000]soft), environment mode (FULL_ASSERT), move thread count (NONE), random (seed 41).
16:53:08.363 [main] INFO ai.timefold.solver.core.impl.solver.DefaultSolver -- Problem scale: genuine entity count (3), genuine variable count (3), approximate value count (6), approximate problem scale (60,480).
16:53:08.368 [main] INFO ai.timefold.solver.core.impl.constructionheuristic.DefaultConstructionHeuristicPhase -- Construction Heuristic phase (0) ended: time spent (5), best score ([0/0/0/0/0]hard/[0/-9000]soft), move evaluation speed (5200/sec), step total (4).
16:53:08.613 [main] INFO ai.timefold.solver.core.impl.localsearch.DefaultLocalSearchPhase -- Local Search phase (1) ended: time spent (250), best score ([0/0/0/0/0]hard/[0/-9000]soft), move evaluation speed (8477/sec), step total (21).
16:53:08.614 [main] INFO ai.timefold.solver.core.impl.solver.DefaultSolver -- Solving ended: time spent (250), best score ([0/0/0/0/0]hard/[0/-9000]soft), move evaluation speed (8412/sec), phase total (2), environment mode (FULL_ASSERT), move thread count (NONE).
16:53:08.615 [main] INFO ai.timefold.solver.core.impl.solver.DefaultSolver -- Solving started: time spent (0), best score ([0/-21120/0/0/0]hard/[0/-17891]soft), environment mode (FULL_ASSERT), move thread count (NONE), random (seed 41).
16:53:08.615 [main] INFO ai.timefold.solver.core.impl.solver.DefaultSolver -- Problem scale: genuine entity count (3), genuine variable count (3), approximate value count (6), approximate problem scale (60,480).
16:53:08.865 [main] INFO ai.timefold.solver.core.impl.localsearch.DefaultLocalSearchPhase -- Local Search phase (0) ended: time spent (250), best score ([0/0/0/0/0]hard/[0/-17083]soft), move evaluation speed (7784/sec), step total (20).
16:53:08.865 [main] INFO ai.timefold.solver.core.impl.solver.DefaultSolver -- Solving ended: time spent (250), best score ([0/0/0/0/0]hard/[0/-17083]soft), move evaluation speed (7784/sec), phase total (1), environment mode (FULL_ASSERT), move thread count (NONE).
16:53:08.867 [main] INFO ai.timefold.solver.core.impl.solver.DefaultSolver -- Solving started: time spent (0), best score ([0/0/0/0/0]hard/[-0.1131468572778827977315689981096409/-17241]soft), environment mode (FULL_ASSERT), move thread count (NONE), random (seed 41).
16:53:08.868 [main] INFO ai.timefold.solver.core.impl.solver.DefaultSolver -- Problem scale: genuine entity count (3), genuine variable count (3), approximate value count (6), approximate problem scale (60,480).
16:53:09.117 [main] INFO ai.timefold.solver.core.impl.localsearch.DefaultLocalSearchPhase -- Local Search phase (0) ended: time spent (250), best score ([0/0/0/0/0]hard/[-0.03664432179614126684069973294926036/-17033]soft), move evaluation speed (7349/sec), step total (19).
16:53:09.117 [main] INFO ai.timefold.solver.core.impl.solver.DefaultSolver -- Solving ended: time spent (250), best score ([0/0/0/0/0]hard/[-0.03664432179614126684069973294926036/-17033]soft), move evaluation speed (7320/sec), phase total (1), environment mode (FULL_ASSERT), move thread count (NONE).
16:53:09.134 [main] INFO ai.timefold.solver.core.impl.solver.DefaultSolver -- Solving started: time spent (1), best score ([0/0/0/0/0]hard/[0/-17241]soft), environment mode (FULL_ASSERT), move thread count (NONE), random (seed 41).
16:53:09.134 [main] INFO ai.timefold.solver.core.impl.solver.DefaultSolver -- Problem scale: genuine entity count (3), genuine variable count (3), approximate value count (6), approximate problem scale (60,480).
16:53:09.383 [main] INFO ai.timefold.solver.core.impl.localsearch.DefaultLocalSearchPhase -- Local Search phase (0) ended: time spent (250), best score ([0/0/0/0/0]hard/[0/-16541]soft), move evaluation speed (7666/sec), step total (20).
16:53:09.383 [main] INFO ai.timefold.solver.core.impl.solver.DefaultSolver -- Solving ended: time spent (250), best score ([0/0/0/0/0]hard/[0/-16541]soft), move evaluation speed (7636/sec), phase total (1), environment mode (FULL_ASSERT), move thread count (NONE).
16:53:09.399 [main] INFO ai.timefold.solver.core.impl.solver.DefaultSolver -- Solving started: time spent (1), best score ([0/0/-4/0/0]hard/[0/-3000]soft), environment mode (FULL_ASSERT), move thread count (NONE), random (seed 41).
16:53:09.399 [main] INFO ai.timefold.solver.core.impl.solver.DefaultSolver -- Problem scale: genuine entity count (3), genuine variable count (3), approximate value count (6), approximate problem scale (60,480).
16:53:09.403 [main] INFO ai.timefold.solver.core.impl.constructionheuristic.DefaultConstructionHeuristicPhase -- Construction Heuristic phase (0) ended: time spent (5), best score ([0/0/0/0/0]hard/[0/-9000]soft), move evaluation speed (6500/sec), step total (4).
16:53:09.648 [main] INFO ai.timefold.solver.core.impl.localsearch.DefaultLocalSearchPhase -- Local Search phase (1) ended: time spent (250), best score ([0/0/0/0/0]hard/[0/-9000]soft), move evaluation speed (8209/sec), step total (21).
16:53:09.649 [main] INFO ai.timefold.solver.core.impl.solver.DefaultSolver -- Solving ended: time spent (251), best score ([0/0/0/0/0]hard/[0/-9000]soft), move evaluation speed (8083/sec), phase total (2), environment mode (FULL_ASSERT), move thread count (NONE).
16:53:09.650 [main] INFO ai.timefold.solver.core.impl.solver.DefaultSolver -- Solving started: time spent (0), best score ([0/-21120/0/0/0]hard/[0/-17891]soft), environment mode (FULL_ASSERT), move thread count (NONE), random (seed 41).
16:53:09.650 [main] INFO ai.timefold.solver.core.impl.solver.DefaultSolver -- Problem scale: genuine entity count (3), genuine variable count (3), approximate value count (6), approximate problem scale (60,480).
16:53:09.900 [main] INFO ai.timefold.solver.core.impl.localsearch.DefaultLocalSearchPhase -- Local Search phase (0) ended: time spent (250), best score ([0/0/0/0/0]hard/[0/-17083]soft), move evaluation speed (8164/sec), step total (21).
16:53:09.900 [main] INFO ai.timefold.solver.core.impl.solver.DefaultSolver -- Solving ended: time spent (250), best score ([0/0/0/0/0]hard/[0/-17083]soft), move evaluation speed (8164/sec), phase total (1), environment mode (FULL_ASSERT), move thread count (NONE).
16:53:09.902 [main] INFO ai.timefold.solver.core.impl.solver.DefaultSolver -- Solving started: time spent (0), best score ([0/0/0/0/0]hard/[-0.1131468572778827977315689981096409/-17241]soft), environment mode (FULL_ASSERT), move thread count (NONE), random (seed 41).
16:53:09.902 [main] INFO ai.timefold.solver.core.impl.solver.DefaultSolver -- Problem scale: genuine entity count (3), genuine variable count (3), approximate value count (6), approximate problem scale (60,480).
16:53:10.152 [main] INFO ai.timefold.solver.core.impl.localsearch.DefaultLocalSearchPhase -- Local Search phase (0) ended: time spent (250), best score ([0/0/0/0/0]hard/[-0.03664432179614126684069973294926036/-17033]soft), move evaluation speed (7540/sec), step total (19).
16:53:10.152 [main] INFO ai.timefold.solver.core.impl.solver.DefaultSolver -- Solving ended: time spent (250), best score ([0/0/0/0/0]hard/[-0.03664432179614126684069973294926036/-17033]soft), move evaluation speed (7540/sec), phase total (1), environment mode (FULL_ASSERT), move thread count (NONE).
16:53:10.168 [main] INFO ai.timefold.solver.core.impl.solver.DefaultSolver -- Solving started: time spent (0), best score ([0/0/0/0/0]hard/[0/-17241]soft), environment mode (FULL_ASSERT), move thread count (NONE), random (seed 41).
16:53:10.168 [main] INFO ai.timefold.solver.core.impl.solver.DefaultSolver -- Problem scale: genuine entity count (3), genuine variable count (3), approximate value count (6), approximate problem scale (60,480).
16:53:10.418 [main] INFO ai.timefold.solver.core.impl.localsearch.DefaultLocalSearchPhase -- Local Search phase (0) ended: time spent (250), best score ([0/0/0/0/0]hard/[0/-16541]soft), move evaluation speed (6452/sec), step total (268).
16:53:10.419 [main] INFO ai.timefold.solver.core.impl.solver.DefaultSolver -- Solving ended: time spent (250), best score ([0/0/0/0/0]hard/[0/-16541]soft), move evaluation speed (6452/sec), phase total (1), environment mode (FULL_ASSERT), move thread count (NONE).
16:53:10.433 [main] INFO ai.timefold.solver.core.impl.solver.DefaultSolver -- Solving started: time spent (0), best score ([0/0/-4/0/0]hard/[0/-3000]soft), environment mode (FULL_ASSERT), move thread count (NONE), random (seed 41).
16:53:10.433 [main] INFO ai.timefold.solver.core.impl.solver.DefaultSolver -- Problem scale: genuine entity count (3), genuine variable count (3), approximate value count (6), approximate problem scale (60,480).
16:53:10.438 [main] INFO ai.timefold.solver.core.impl.constructionheuristic.DefaultConstructionHeuristicPhase -- Construction Heuristic phase (0) ended: time spent (5), best score ([0/0/0/0/0]hard/[0/-9000]soft), move evaluation speed (5200/sec), step total (4).
16:53:10.683 [main] INFO ai.timefold.solver.core.impl.localsearch.DefaultLocalSearchPhase -- Local Search phase (1) ended: time spent (250), best score ([0/0/0/0/0]hard/[0/-9000]soft), move evaluation speed (3138/sec), step total (681).
16:53:10.683 [main] INFO ai.timefold.solver.core.impl.solver.DefaultSolver -- Solving ended: time spent (250), best score ([0/0/0/0/0]hard/[0/-9000]soft), move evaluation speed (3180/sec), phase total (2), environment mode (FULL_ASSERT), move thread count (NONE).
16:53:10.685 [main] INFO ai.timefold.solver.core.impl.solver.DefaultSolver -- Solving started: time spent (0), best score ([0/-21120/0/0/0]hard/[0/-17891]soft), environment mode (FULL_ASSERT), move thread count (NONE), random (seed 41).
16:53:10.685 [main] INFO ai.timefold.solver.core.impl.solver.DefaultSolver -- Problem scale: genuine entity count (3), genuine variable count (3), approximate value count (6), approximate problem scale (60,480).
16:53:10.935 [main] INFO ai.timefold.solver.core.impl.localsearch.DefaultLocalSearchPhase -- Local Search phase (0) ended: time spent (250), best score ([0/0/0/0/0]hard/[0/-16591]soft), move evaluation speed (5740/sec), step total (334).
16:53:10.935 [main] INFO ai.timefold.solver.core.impl.solver.DefaultSolver -- Solving ended: time spent (250), best score ([0/0/0/0/0]hard/[0/-16591]soft), move evaluation speed (5740/sec), phase total (1), environment mode (FULL_ASSERT), move thread count (NONE).
16:53:10.937 [main] INFO ai.timefold.solver.core.impl.solver.DefaultSolver -- Solving started: time spent (0), best score ([0/0/0/0/0]hard/[-0.1131468572778827977315689981096409/-17241]soft), environment mode (FULL_ASSERT), move thread count (NONE), random (seed 41).
16:53:10.937 [main] INFO ai.timefold.solver.core.impl.solver.DefaultSolver -- Problem scale: genuine entity count (3), genuine variable count (3), approximate value count (6), approximate problem scale (60,480).
16:53:11.187 [main] INFO ai.timefold.solver.core.impl.localsearch.DefaultLocalSearchPhase -- Local Search phase (0) ended: time spent (250), best score ([0/0/0/0/0]hard/[-0.032178048204158790170132325141776930/-17183]soft), move evaluation speed (4500/sec), step total (111).
16:53:11.187 [main] INFO ai.timefold.solver.core.impl.solver.DefaultSolver -- Solving ended: time spent (250), best score ([0/0/0/0/0]hard/[-0.032178048204158790170132325141776930/-17183]soft), move evaluation speed (4500/sec), phase total (1), environment mode (FULL_ASSERT), move thread count (NONE).
16:53:11.203 [main] INFO ai.timefold.solver.core.impl.solver.DefaultSolver -- Solving started: time spent (1), best score ([0/0/0/0/0]hard/[0/-17241]soft), environment mode (FULL_ASSERT), move thread count (NONE), random (seed 41).
16:53:11.203 [main] INFO ai.timefold.solver.core.impl.solver.DefaultSolver -- Problem scale: genuine entity count (3), genuine variable count (3), approximate value count (6), approximate problem scale (60,480).
16:53:11.452 [main] INFO ai.timefold.solver.core.impl.localsearch.DefaultLocalSearchPhase -- Local Search phase (0) ended: time spent (250), best score ([0/0/0/0/0]hard/[0/-16541]soft), move evaluation speed (6220/sec), step total (288).
16:53:11.453 [main] INFO ai.timefold.solver.core.impl.solver.DefaultSolver -- Solving ended: time spent (251), best score ([0/0/0/0/0]hard/[0/-16541]soft), move evaluation speed (6171/sec), phase total (1), environment mode (FULL_ASSERT), move thread count (NONE).
16:53:11.469 [main] INFO ai.timefold.solver.core.impl.solver.DefaultSolver -- Solving started: time spent (0), best score ([0/0/-4/0/0]hard/[0/-3000]soft), environment mode (FULL_ASSERT), move thread count (NONE), random (seed 41).
16:53:11.470 [main] INFO ai.timefold.solver.core.impl.solver.DefaultSolver -- Problem scale: genuine entity count (3), genuine variable count (3), approximate value count (6), approximate problem scale (60,480).
16:53:11.476 [main] INFO ai.timefold.solver.core.impl.constructionheuristic.DefaultConstructionHeuristicPhase -- Construction Heuristic phase (0) ended: time spent (7), best score ([0/0/0/0/0]hard/[0/-9000]soft), move evaluation speed (4333/sec), step total (4).
16:53:11.719 [main] INFO ai.timefold.solver.core.impl.localsearch.DefaultLocalSearchPhase -- Local Search phase (1) ended: time spent (250), best score ([0/0/0/0/0]hard/[0/-9000]soft), move evaluation speed (2855/sec), step total (654).
16:53:11.719 [main] INFO ai.timefold.solver.core.impl.solver.DefaultSolver -- Solving ended: time spent (250), best score ([0/0/0/0/0]hard/[0/-9000]soft), move evaluation speed (2880/sec), phase total (2), environment mode (FULL_ASSERT), move thread count (NONE).
16:53:11.721 [main] INFO ai.timefold.solver.core.impl.solver.DefaultSolver -- Solving started: time spent (0), best score ([0/-21120/0/0/0]hard/[0/-17891]soft), environment mode (FULL_ASSERT), move thread count (NONE), random (seed 41).
16:53:11.721 [main] INFO ai.timefold.solver.core.impl.solver.DefaultSolver -- Problem scale: genuine entity count (3), genuine variable count (3), approximate value count (6), approximate problem scale (60,480).
16:53:11.971 [main] INFO ai.timefold.solver.core.impl.localsearch.DefaultLocalSearchPhase -- Local Search phase (0) ended: time spent (250), best score ([0/0/0/0/0]hard/[0/-16591]soft), move evaluation speed (6632/sec), step total (218).
16:53:11.971 [main] INFO ai.timefold.solver.core.impl.solver.DefaultSolver -- Solving ended: time spent (250), best score ([0/0/0/0/0]hard/[0/-16591]soft), move evaluation speed (6632/sec), phase total (1), environment mode (FULL_ASSERT), move thread count (NONE).
16:53:11.973 [main] INFO ai.timefold.solver.core.impl.solver.DefaultSolver -- Solving started: time spent (0), best score ([0/0/0/0/0]hard/[-0.1131468572778827977315689981096409/-17241]soft), environment mode (FULL_ASSERT), move thread count (NONE), random (seed 41).
16:53:11.973 [main] INFO ai.timefold.solver.core.impl.solver.DefaultSolver -- Problem scale: genuine entity count (3), genuine variable count (3), approximate value count (6), approximate problem scale (60,480).
16:53:12.223 [main] INFO ai.timefold.solver.core.impl.localsearch.DefaultLocalSearchPhase -- Local Search phase (0) ended: time spent (250), best score ([0/0/0/0/0]hard/[-0.03664432179614126684069973294926036/-17033]soft), move evaluation speed (6000/sec), step total (244).
16:53:12.223 [main] INFO ai.timefold.solver.core.impl.solver.DefaultSolver -- Solving ended: time spent (250), best score ([0/0/0/0/0]hard/[-0.03664432179614126684069973294926036/-17033]soft), move evaluation speed (6000/sec), phase total (1), environment mode (FULL_ASSERT), move thread count (NONE).
16:53:12.239 [main] INFO ai.timefold.solver.core.impl.solver.DefaultSolver -- Solving started: time spent (1), best score ([0/0/0/0/0]hard/[0/-17241]soft), environment mode (FULL_ASSERT), move thread count (NONE), random (seed 41).
16:53:12.239 [main] INFO ai.timefold.solver.core.impl.solver.DefaultSolver -- Problem scale: genuine entity count (3), genuine variable count (3), approximate value count (6), approximate problem scale (60,480).
16:53:12.488 [main] INFO ai.timefold.solver.core.impl.localsearch.DefaultLocalSearchPhase -- Local Search phase (0) ended: time spent (250), best score ([0/0/0/0/0]hard/[0/-16541]soft), move evaluation speed (8144/sec), step total (2).
16:53:12.488 [main] INFO ai.timefold.solver.core.impl.solver.DefaultSolver -- Solving ended: time spent (250), best score ([0/0/0/0/0]hard/[0/-16541]soft), move evaluation speed (8112/sec), phase total (1), environment mode (FULL_ASSERT), move thread count (NONE).
16:53:12.502 [main] INFO ai.timefold.solver.core.impl.solver.DefaultSolver -- Solving started: time spent (0), best score ([0/0/-4/0/0]hard/[0/-3000]soft), environment mode (FULL_ASSERT), move thread count (NONE), random (seed 41).
16:53:12.502 [main] INFO ai.timefold.solver.core.impl.solver.DefaultSolver -- Problem scale: genuine entity count (3), genuine variable count (3), approximate value count (6), approximate problem scale (60,480).
16:53:12.508 [main] INFO ai.timefold.solver.core.impl.constructionheuristic.DefaultConstructionHeuristicPhase -- Construction Heuristic phase (0) ended: time spent (6), best score ([0/0/0/0/0]hard/[0/-9000]soft), move evaluation speed (4333/sec), step total (4).
16:53:12.752 [main] INFO ai.timefold.solver.core.impl.localsearch.DefaultLocalSearchPhase -- Local Search phase (1) ended: time spent (250), best score ([0/0/0/0/0]hard/[0/-9000]soft), move evaluation speed (8741/sec), step total (2).
16:53:12.752 [main] INFO ai.timefold.solver.core.impl.solver.DefaultSolver -- Solving ended: time spent (250), best score ([0/0/0/0/0]hard/[0/-9000]soft), move evaluation speed (8636/sec), phase total (2), environment mode (FULL_ASSERT), move thread count (NONE).
16:53:12.754 [main] INFO ai.timefold.solver.core.impl.solver.DefaultSolver -- Solving started: time spent (0), best score ([0/-21120/0/0/0]hard/[0/-17891]soft), environment mode (FULL_ASSERT), move thread count (NONE), random (seed 41).
16:53:12.754 [main] INFO ai.timefold.solver.core.impl.solver.DefaultSolver -- Problem scale: genuine entity count (3), genuine variable count (3), approximate value count (6), approximate problem scale (60,480).
16:53:13.004 [main] INFO ai.timefold.solver.core.impl.localsearch.DefaultLocalSearchPhase -- Local Search phase (0) ended: time spent (250), best score ([0/-13980/0/0/0]hard/[0/-17733]soft), move evaluation speed (8580/sec), step total (2).
16:53:13.004 [main] INFO ai.timefold.solver.core.impl.solver.DefaultSolver -- Solving ended: time spent (250), best score ([0/-13980/0/0/0]hard/[0/-17733]soft), move evaluation speed (8580/sec), phase total (1), environment mode (FULL_ASSERT), move thread count (NONE).
16:53:13.007 [main] INFO ai.timefold.solver.core.impl.solver.DefaultSolver -- Solving started: time spent (2), best score ([0/0/0/0/0]hard/[-0.1131468572778827977315689981096409/-17241]soft), environment mode (FULL_ASSERT), move thread count (NONE), random (seed 41).
16:53:13.007 [main] INFO ai.timefold.solver.core.impl.solver.DefaultSolver -- Problem scale: genuine entity count (3), genuine variable count (3), approximate value count (6), approximate problem scale (60,480).
16:53:13.255 [main] INFO ai.timefold.solver.core.impl.localsearch.DefaultLocalSearchPhase -- Local Search phase (0) ended: time spent (250), best score ([0/0/0/0/0]hard/[-0.10399436830497794580970384373030880/-16541]soft), move evaluation speed (7903/sec), step total (2).
16:53:13.255 [main] INFO ai.timefold.solver.core.impl.solver.DefaultSolver -- Solving ended: time spent (250), best score ([0/0/0/0/0]hard/[-0.10399436830497794580970384373030880/-16541]soft), move evaluation speed (7840/sec), phase total (1), environment mode (FULL_ASSERT), move thread count (NONE).
16:53:13.270 [main] INFO ai.timefold.solver.core.impl.solver.DefaultSolver -- Solving started: time spent (0), best score ([0/0/0/0/0]hard/[0/-17241]soft), environment mode (FULL_ASSERT), move thread count (NONE), random (seed 41).
16:53:13.270 [main] INFO ai.timefold.solver.core.impl.solver.DefaultSolver -- Problem scale: genuine entity count (3), genuine variable count (3), approximate value count (6), approximate problem scale (60,480).
16:53:13.520 [main] INFO ai.timefold.solver.core.impl.localsearch.DefaultLocalSearchPhase -- Local Search phase (0) ended: time spent (250), best score ([0/0/0/0/0]hard/[0/-16541]soft), move evaluation speed (6132/sec), step total (313).
16:53:13.520 [main] INFO ai.timefold.solver.core.impl.solver.DefaultSolver -- Solving ended: time spent (250), best score ([0/0/0/0/0]hard/[0/-16541]soft), move evaluation speed (6132/sec), phase total (1), environment mode (FULL_ASSERT), move thread count (NONE).
16:53:13.537 [main] INFO ai.timefold.solver.core.impl.solver.DefaultSolver -- Solving started: time spent (0), best score ([0/0/-4/0/0]hard/[0/-3000]soft), environment mode (FULL_ASSERT), move thread count (NONE), random (seed 41).
16:53:13.537 [main] INFO ai.timefold.solver.core.impl.solver.DefaultSolver -- Problem scale: genuine entity count (3), genuine variable count (3), approximate value count (6), approximate problem scale (60,480).
16:53:13.542 [main] INFO ai.timefold.solver.core.impl.constructionheuristic.DefaultConstructionHeuristicPhase -- Construction Heuristic phase (0) ended: time spent (5), best score ([0/0/0/0/0]hard/[0/-9000]soft), move evaluation speed (5200/sec), step total (4).
16:53:13.787 [main] INFO ai.timefold.solver.core.impl.localsearch.DefaultLocalSearchPhase -- Local Search phase (1) ended: time spent (250), best score ([0/0/0/0/0]hard/[0/-9000]soft), move evaluation speed (3008/sec), step total (683).
16:53:13.787 [main] INFO ai.timefold.solver.core.impl.solver.DefaultSolver -- Solving ended: time spent (250), best score ([0/0/0/0/0]hard/[0/-9000]soft), move evaluation speed (3040/sec), phase total (2), environment mode (FULL_ASSERT), move thread count (NONE).
16:53:13.789 [main] INFO ai.timefold.solver.core.impl.solver.DefaultSolver -- Solving started: time spent (0), best score ([0/-21120/0/0/0]hard/[0/-17891]soft), environment mode (FULL_ASSERT), move thread count (NONE), random (seed 41).
16:53:13.789 [main] INFO ai.timefold.solver.core.impl.solver.DefaultSolver -- Problem scale: genuine entity count (3), genuine variable count (3), approximate value count (6), approximate problem scale (60,480).
16:53:14.039 [main] INFO ai.timefold.solver.core.impl.localsearch.DefaultLocalSearchPhase -- Local Search phase (0) ended: time spent (250), best score ([0/0/0/0/0]hard/[0/-16591]soft), move evaluation speed (5928/sec), step total (282).
16:53:14.039 [main] INFO ai.timefold.solver.core.impl.solver.DefaultSolver -- Solving ended: time spent (250), best score ([0/0/0/0/0]hard/[0/-16591]soft), move evaluation speed (5928/sec), phase total (1), environment mode (FULL_ASSERT), move thread count (NONE).
16:53:14.041 [main] INFO ai.timefold.solver.core.impl.solver.DefaultSolver -- Solving started: time spent (0), best score ([0/0/0/0/0]hard/[-0.1131468572778827977315689981096409/-17241]soft), environment mode (FULL_ASSERT), move thread count (NONE), random (seed 41).
16:53:14.041 [main] INFO ai.timefold.solver.core.impl.solver.DefaultSolver -- Problem scale: genuine entity count (3), genuine variable count (3), approximate value count (6), approximate problem scale (60,480).
16:53:14.291 [main] INFO ai.timefold.solver.core.impl.localsearch.DefaultLocalSearchPhase -- Local Search phase (0) ended: time spent (250), best score ([0/0/0/0/0]hard/[-0.036644321796141266840699732949260360/-17033]soft), move evaluation speed (5732/sec), step total (221).
16:53:14.291 [main] INFO ai.timefold.solver.core.impl.solver.DefaultSolver -- Solving ended: time spent (250), best score ([0/0/0/0/0]hard/[-0.036644321796141266840699732949260360/-17033]soft), move evaluation speed (5732/sec), phase total (1), environment mode (FULL_ASSERT), move thread count (NONE).
16:53:14.307 [main] INFO ai.timefold.solver.core.impl.solver.DefaultSolver -- Solving started: time spent (1), best score ([0/0/0/0/0]hard/[0/-17241]soft), environment mode (FULL_ASSERT), move thread count (NONE), random (seed 41).
16:53:14.307 [main] INFO ai.timefold.solver.core.impl.solver.DefaultSolver -- Problem scale: genuine entity count (3), genuine variable count (3), approximate value count (6), approximate problem scale (60,480).
16:53:14.556 [main] INFO ai.timefold.solver.core.impl.localsearch.DefaultLocalSearchPhase -- Local Search phase (0) ended: time spent (250), best score ([0/0/0/0/0]hard/[0/-16541]soft), move evaluation speed (7176/sec), step total (142).
16:53:14.556 [main] INFO ai.timefold.solver.core.impl.solver.DefaultSolver -- Solving ended: time spent (250), best score ([0/0/0/0/0]hard/[0/-16541]soft), move evaluation speed (7148/sec), phase total (1), environment mode (FULL_ASSERT), move thread count (NONE).
16:53:14.583 [main] INFO ai.timefold.solver.core.impl.solver.DefaultSolver -- Solving started: time spent (0), best score ([0/0/-4/0/0]hard/[0/-3000]soft), environment mode (FULL_ASSERT), move thread count (NONE), random (seed 41).
16:53:14.583 [main] INFO ai.timefold.solver.core.impl.solver.DefaultSolver -- Problem scale: genuine entity count (3), genuine variable count (3), approximate value count (6), approximate problem scale (60,480).
16:53:14.588 [main] INFO ai.timefold.solver.core.impl.constructionheuristic.DefaultConstructionHeuristicPhase -- Construction Heuristic phase (0) ended: time spent (5), best score ([0/0/0/0/0]hard/[0/-9000]soft), move evaluation speed (5200/sec), step total (4).
16:53:14.833 [main] INFO ai.timefold.solver.core.impl.localsearch.DefaultLocalSearchPhase -- Local Search phase (1) ended: time spent (250), best score ([0/0/0/0/0]hard/[0/-9000]soft), move evaluation speed (2734/sec), step total (631).
16:53:14.833 [main] INFO ai.timefold.solver.core.impl.solver.DefaultSolver -- Solving ended: time spent (250), best score ([0/0/0/0/0]hard/[0/-9000]soft), move evaluation speed (2784/sec), phase total (2), environment mode (FULL_ASSERT), move thread count (NONE).
16:53:14.835 [main] INFO ai.timefold.solver.core.impl.solver.DefaultSolver -- Solving started: time spent (0), best score ([0/-21120/0/0/0]hard/[0/-17891]soft), environment mode (FULL_ASSERT), move thread count (NONE), random (seed 41).
16:53:14.835 [main] INFO ai.timefold.solver.core.impl.solver.DefaultSolver -- Problem scale: genuine entity count (3), genuine variable count (3), approximate value count (6), approximate problem scale (60,480).
16:53:15.085 [main] INFO ai.timefold.solver.core.impl.localsearch.DefaultLocalSearchPhase -- Local Search phase (0) ended: time spent (250), best score ([0/0/0/0/0]hard/[0/-16591]soft), move evaluation speed (5104/sec), step total (226).
16:53:15.085 [main] INFO ai.timefold.solver.core.impl.solver.DefaultSolver -- Solving ended: time spent (250), best score ([0/0/0/0/0]hard/[0/-16591]soft), move evaluation speed (5104/sec), phase total (1), environment mode (FULL_ASSERT), move thread count (NONE).
16:53:15.088 [main] INFO ai.timefold.solver.core.impl.solver.DefaultSolver -- Solving started: time spent (1), best score ([0/0/0/0/0]hard/[-0.1131468572778827977315689981096409/-17241]soft), environment mode (FULL_ASSERT), move thread count (NONE), random (seed 41).
16:53:15.088 [main] INFO ai.timefold.solver.core.impl.solver.DefaultSolver -- Problem scale: genuine entity count (3), genuine variable count (3), approximate value count (6), approximate problem scale (60,480).
16:53:15.337 [main] INFO ai.timefold.solver.core.impl.localsearch.DefaultLocalSearchPhase -- Local Search phase (0) ended: time spent (250), best score ([0/0/0/0/0]hard/[-0.033788988657844990548204158790170140/-17133]soft), move evaluation speed (4987/sec), step total (132).
16:53:15.337 [main] INFO ai.timefold.solver.core.impl.solver.DefaultSolver -- Solving ended: time spent (250), best score ([0/0/0/0/0]hard/[-0.033788988657844990548204158790170140/-17133]soft), move evaluation speed (4968/sec), phase total (1), environment mode (FULL_ASSERT), move thread count (NONE).
16:53:15.357 [main] INFO ai.timefold.solver.core.impl.solver.DefaultSolver -- Solving started: time spent (0), best score ([0/0/0/0/0]hard/[0/-17241]soft), environment mode (FULL_ASSERT), move thread count (NONE), random (seed 41).
16:53:15.357 [main] INFO ai.timefold.solver.core.impl.solver.DefaultSolver -- Problem scale: genuine entity count (3), genuine variable count (3), approximate value count (6), approximate problem scale (60,480).
16:53:15.607 [main] INFO ai.timefold.solver.core.impl.localsearch.DefaultLocalSearchPhase -- Local Search phase (0) ended: time spent (250), best score ([0/0/0/0/0]hard/[0/-16541]soft), move evaluation speed (4856/sec), step total (168).
16:53:15.607 [main] INFO ai.timefold.solver.core.impl.solver.DefaultSolver -- Solving ended: time spent (250), best score ([0/0/0/0/0]hard/[0/-16541]soft), move evaluation speed (4856/sec), phase total (1), environment mode (FULL_ASSERT), move thread count (NONE).
16:53:15.627 [main] INFO ai.timefold.solver.core.impl.solver.DefaultSolver -- Solving started: time spent (1), best score ([0/-21120/0/0/0]hard/[0/-17891]soft), environment mode (FULL_ASSERT), move thread count (NONE), random (seed 41).
16:53:15.627 [main] INFO ai.timefold.solver.core.impl.solver.DefaultSolver -- Problem scale: genuine entity count (3), genuine variable count (3), approximate value count (6), approximate problem scale (60,480).
16:53:15.876 [main] INFO ai.timefold.solver.core.impl.localsearch.DefaultLocalSearchPhase -- Local Search phase (0) ended: time spent (250), best score ([0/0/0/0/0]hard/[0/-16591]soft), move evaluation speed (5357/sec), step total (267).
16:53:15.876 [main] INFO ai.timefold.solver.core.impl.solver.DefaultSolver -- Solving ended: time spent (250), best score ([0/0/0/0/0]hard/[0/-16591]soft), move evaluation speed (5336/sec), phase total (1), environment mode (FULL_ASSERT), move thread count (NONE).
16:53:15.879 [main] INFO ai.timefold.solver.core.impl.solver.DefaultSolver -- Solving started: time spent (1), best score ([0/0/0/0/0]hard/[-0.1131468572778827977315689981096409/-17241]soft), environment mode (FULL_ASSERT), move thread count (NONE), random (seed 41).
16:53:15.879 [main] INFO ai.timefold.solver.core.impl.solver.DefaultSolver -- Problem scale: genuine entity count (3), genuine variable count (3), approximate value count (6), approximate problem scale (60,480).
16:53:16.128 [main] INFO ai.timefold.solver.core.impl.localsearch.DefaultLocalSearchPhase -- Local Search phase (0) ended: time spent (250), best score ([0/0/0/0/0]hard/[-0.0264016881957571938668346985927326200/-17283]soft), move evaluation speed (6148/sec), step total (152).
16:53:16.128 [main] INFO ai.timefold.solver.core.impl.solver.DefaultSolver -- Solving ended: time spent (250), best score ([0/0/0/0/0]hard/[-0.0264016881957571938668346985927326200/-17283]soft), move evaluation speed (6124/sec), phase total (1), environment mode (FULL_ASSERT), move thread count (NONE).
[INFO] Tests run: 1, Failures: 0, Errors: 0, Skipped: 0, Time elapsed: 25.18 s -- in dev.waterflex.scheduler.optimizer.AssertionCampaignTest
[INFO] 
[INFO] Results:
[INFO] 
[INFO] Tests run: 1, Failures: 0, Errors: 0, Skipped: 0
[INFO] 
[INFO] ------------------------------------------------------------------------
[INFO] BUILD SUCCESS
[INFO] ------------------------------------------------------------------------
[INFO] Total time:  26.775 s
[INFO] Finished at: 2026-10-06T16:53:16-05:00
[INFO] ------------------------------------------------------------------------
