WARNING: A restricted method in java.lang.System has been called
WARNING: java.lang.System::load has been called by org.fusesource.jansi.internal.JansiLoader in an unnamed module (file:/C:/Users/mcgee/.m2/wrapper/dists/apache-maven-3.9.16-bin/4200fbc6/apache-maven-3.9.16/lib/jansi-2.4.3.jar)
WARNING: Use --enable-native-access=ALL-UNNAMED to avoid a warning for callers in this module
WARNING: Restricted methods will be blocked in a future release unless native access is enabled

[INFO] Scanning for projects...
[INFO] ------------------------------------------------------------------------
[INFO] Reactor Build Order:
[INFO] 
[INFO] calculation-engine                                                 [jar]
[INFO] scheduler-service                                                  [jar]
[INFO] 
[INFO] ------------------< dev.waterflex:calculation-engine >------------------
[INFO] Building calculation-engine 0.1.0-SNAPSHOT                         [1/2]
[INFO]   from pom.xml
[INFO] --------------------------------[ jar ]---------------------------------
[INFO] 
[INFO] --- resources:3.5.0:resources (default-resources) @ calculation-engine ---
[INFO] Copying 0 resource from src\main\resources to target\classes
[INFO] Copying 1 resource from src\main\resources to target\classes
[INFO] 
[INFO] --- compiler:3.15.0:compile (default-compile) @ calculation-engine ---
[INFO] Nothing to compile - all classes are up to date.
[INFO] 
[INFO] --- resources:3.5.0:testResources (default-testResources) @ calculation-engine ---
[INFO] skip non existing resourceDirectory C:\Users\mcgee\OneDrive\Desktop\waterflex\waterflex-scheduler-java\calculation-engine\src\test\resources
[INFO] 
[INFO] --- compiler:3.15.0:testCompile (default-testCompile) @ calculation-engine ---
[INFO] No sources to compile
[INFO] 
[INFO] --- surefire:3.5.6:test (default-test) @ calculation-engine ---
[INFO] No tests to run.
[INFO] 
[INFO] ------------------< dev.waterflex:scheduler-service >-------------------
[INFO] Building scheduler-service 0.1.0-SNAPSHOT                          [2/2]
[INFO]   from C:\Users\mcgee\OneDrive\Desktop\waterflex\waterflex-scheduler-java\scheduler-service\pom.xml
[INFO] --------------------------------[ jar ]---------------------------------
[INFO] 
[INFO] --- resources:3.5.0:resources (default-resources) @ scheduler-service ---
[INFO] Copying 2 resources from src\main\resources to target\classes
[INFO] Copying 0 resource from src\main\resources to target\classes
[INFO] 
[INFO] --- compiler:3.15.0:compile (default-compile) @ scheduler-service ---
[INFO] Nothing to compile - all classes are up to date.
[INFO] 
[INFO] --- resources:3.5.0:testResources (default-testResources) @ scheduler-service ---
[INFO] Copying 1 resource from src\test\resources to target\test-classes
[INFO] 
[INFO] --- compiler:3.15.0:testCompile (default-testCompile) @ scheduler-service ---
[INFO] Nothing to compile - all classes are up to date.
[INFO] 
[INFO] --- surefire:3.5.6:test (default-test) @ scheduler-service ---
[INFO] Using auto detected provider org.apache.maven.surefire.junitplatform.JUnitPlatformProvider
[INFO] 
[INFO] -------------------------------------------------------
[INFO]  T E S T S
[INFO] -------------------------------------------------------
Oct 06, 2026 8:40:51 PM org.junit.platform.launcher.core.DiscoveryIssueNotifier logIssues
SEVERE: TestEngine with ID 'junit-jupiter' encountered a critical issue during test discovery:

(1) [ERROR] ClassSelector [className = 'dev.waterflex.scheduler.optimizer.DailyPolicyDiagnosticsTest', classLoader = null] resolution failed
    Source: ClassSource [className = 'dev.waterflex.scheduler.optimizer.DailyPolicyDiagnosticsTest', filePosition = null]
            at dev.waterflex.scheduler.optimizer.DailyPolicyDiagnosticsTest.<no-method>(SourceFile:0)
    Cause: java.lang.NoClassDefFoundError: DailyPolicyDiagnostics/Fairness
	at java.base/java.lang.Class.getDeclaredMethods0(Native Method)
	at java.base/java.lang.Class.privateGetDeclaredMethods(Class.java:3010)
	at java.base/java.lang.Class.getDeclaredMethods(Class.java:2329)
	at org.junit.platform.commons.util.ReflectionUtils.getDeclaredMethods(ReflectionUtils.java:1664)
	at org.junit.platform.commons.util.ReflectionUtils.findMethod(ReflectionUtils.java:1511)
	at org.junit.platform.commons.util.ReflectionUtils.isMethodPresent(ReflectionUtils.java:1379)
	at org.junit.jupiter.engine.discovery.predicates.TestClassPredicates.hasTestOrTestFactoryOrTestTemplateMethods(TestClassPredicates.java:107)
	at org.junit.jupiter.engine.discovery.predicates.TestClassPredicates.looksLikeIntendedTestClass(TestClassPredicates.java:82)
	at org.junit.jupiter.engine.discovery.predicates.TestClassPredicates.looksLikeIntendedTestClass(TestClassPredicates.java:76)
	at org.junit.jupiter.engine.discovery.ClassSelectorResolver.isAcceptedStandaloneTestClass(ClassSelectorResolver.java:114)
	at org.junit.jupiter.engine.discovery.ClassSelectorResolver.resolveStandaloneTestClass(ClassSelectorResolver.java:105)
	at org.junit.jupiter.engine.discovery.ClassSelectorResolver.resolve(ClassSelectorResolver.java:101)
	at org.junit.platform.engine.support.discovery.EngineDiscoveryRequestResolution.lambda$resolve$0(EngineDiscoveryRequestResolution.java:137)
	at java.base/java.util.stream.ReferencePipeline$3$1.accept(ReferencePipeline.java:214)
	at java.base/java.util.ArrayList$ArrayListSpliterator.tryAdvance(ArrayList.java:1693)
	at java.base/java.util.stream.ReferencePipeline.forEachWithCancel(ReferencePipeline.java:147)
	at java.base/java.util.stream.AbstractPipeline.copyIntoWithCancel(AbstractPipeline.java:588)
	at java.base/java.util.stream.AbstractPipeline.copyInto(AbstractPipeline.java:574)
	at java.base/java.util.stream.AbstractPipeline.wrapAndCopyInto(AbstractPipeline.java:560)
	at java.base/java.util.stream.FindOps$FindOp.evaluateSequential(FindOps.java:150)
	at java.base/java.util.stream.AbstractPipeline.evaluate(AbstractPipeline.java:265)
	at java.base/java.util.stream.ReferencePipeline.findFirst(ReferencePipeline.java:683)
	at org.junit.platform.engine.support.discovery.EngineDiscoveryRequestResolution.resolve(EngineDiscoveryRequestResolution.java:191)
	at org.junit.platform.engine.support.discovery.EngineDiscoveryRequestResolution.resolve(EngineDiscoveryRequestResolution.java:128)
	at org.junit.platform.engine.support.discovery.EngineDiscoveryRequestResolution.resolveCompletely(EngineDiscoveryRequestResolution.java:94)
	at org.junit.platform.engine.support.discovery.EngineDiscoveryRequestResolution.run(EngineDiscoveryRequestResolution.java:85)
	at org.junit.platform.engine.support.discovery.EngineDiscoveryRequestResolver.resolve(EngineDiscoveryRequestResolver.java:150)
	at org.junit.jupiter.engine.discovery.DiscoverySelectorResolver.resolveSelectors(DiscoverySelectorResolver.java:62)
	at org.junit.jupiter.engine.JupiterTestEngine.discover(JupiterTestEngine.java:74)
	at org.junit.platform.launcher.core.EngineDiscoveryOrchestrator.discoverEngineRoot(EngineDiscoveryOrchestrator.java:195)
	at org.junit.platform.launcher.core.EngineDiscoveryOrchestrator.discoverSafely(EngineDiscoveryOrchestrator.java:174)
	at org.junit.platform.launcher.core.EngineDiscoveryOrchestrator.discover(EngineDiscoveryOrchestrator.java:119)
	at org.junit.platform.launcher.core.EngineDiscoveryOrchestrator.discover(EngineDiscoveryOrchestrator.java:84)
	at org.junit.platform.launcher.core.DefaultLauncher.discover(DefaultLauncher.java:119)
	at org.junit.platform.launcher.core.DefaultLauncher.discover(DefaultLauncher.java:85)
	at org.junit.platform.launcher.core.DelegatingLauncher.discover(DelegatingLauncher.java:43)
	at org.junit.platform.launcher.core.InterceptingLauncher.lambda$discover$0(InterceptingLauncher.java:35)
	at org.junit.platform.launcher.core.ClasspathAlignmentCheckingLauncherInterceptor.intercept(ClasspathAlignmentCheckingLauncherInterceptor.java:25)
	at org.junit.platform.launcher.core.InterceptingLauncher.discover(InterceptingLauncher.java:35)
	at org.junit.platform.launcher.core.DelegatingLauncher.discover(DelegatingLauncher.java:43)
	at org.apache.maven.surefire.junitplatform.LauncherAdapter.discover(LauncherAdapter.java:47)
	at org.apache.maven.surefire.junitplatform.TestPlanScannerFilter.accept(TestPlanScannerFilter.java:51)
	at org.apache.maven.surefire.api.util.DefaultScanResult.applyFilter(DefaultScanResult.java:87)
	at org.apache.maven.surefire.junitplatform.JUnitPlatformProvider.scanClasspath(JUnitPlatformProvider.java:156)
	at org.apache.maven.surefire.junitplatform.JUnitPlatformProvider.invoke(JUnitPlatformProvider.java:136)
	at org.apache.maven.surefire.booter.ForkedBooter.runSuitesInProcess(ForkedBooter.java:385)
	at org.apache.maven.surefire.booter.ForkedBooter.execute(ForkedBooter.java:162)
	at org.apache.maven.surefire.booter.ForkedBooter.run(ForkedBooter.java:507)
	at org.apache.maven.surefire.booter.ForkedBooter.main(ForkedBooter.java:495)
Caused by: java.lang.ClassNotFoundException: DailyPolicyDiagnostics.Fairness
	at java.base/jdk.internal.loader.BuiltinClassLoader.loadClass(BuiltinClassLoader.java:580)
	at java.base/java.lang.ClassLoader.loadClass(ClassLoader.java:490)
	... 49 more

[ERROR] TestEngine with ID 'junit-jupiter' encountered a critical issue during test discovery:

(1) [ERROR] ClassSelector [className = 'dev.waterflex.scheduler.optimizer.DailyPolicyDiagnosticsTest', classLoader = null] resolution failed
    Source: ClassSource [className = 'dev.waterflex.scheduler.optimizer.DailyPolicyDiagnosticsTest', filePosition = null]
            at dev.waterflex.scheduler.optimizer.DailyPolicyDiagnosticsTest.<no-method>(SourceFile:0)
    Cause: java.lang.NoClassDefFoundError: DailyPolicyDiagnostics/Fairness
	at java.base/java.lang.Class.getDeclaredMethods0(Native Method)
	at java.base/java.lang.Class.privateGetDeclaredMethods(Class.java:3010)
	at java.base/java.lang.Class.getDeclaredMethods(Class.java:2329)
	at org.junit.platform.commons.util.ReflectionUtils.getDeclaredMethods(ReflectionUtils.java:1664)
	at org.junit.platform.commons.util.ReflectionUtils.findMethod(ReflectionUtils.java:1511)
	at org.junit.platform.commons.util.ReflectionUtils.isMethodPresent(ReflectionUtils.java:1379)
	at org.junit.jupiter.engine.discovery.predicates.TestClassPredicates.hasTestOrTestFactoryOrTestTemplateMethods(TestClassPredicates.java:107)
	at org.junit.jupiter.engine.discovery.predicates.TestClassPredicates.looksLikeIntendedTestClass(TestClassPredicates.java:82)
	at org.junit.jupiter.engine.discovery.predicates.TestClassPredicates.looksLikeIntendedTestClass(TestClassPredicates.java:76)
	at org.junit.jupiter.engine.discovery.ClassSelectorResolver.isAcceptedStandaloneTestClass(ClassSelectorResolver.java:114)
	at org.junit.jupiter.engine.discovery.ClassSelectorResolver.resolveStandaloneTestClass(ClassSelectorResolver.java:105)
	at org.junit.jupiter.engine.discovery.ClassSelectorResolver.resolve(ClassSelectorResolver.java:101)
	at org.junit.platform.engine.support.discovery.EngineDiscoveryRequestResolution.lambda$resolve$0(EngineDiscoveryRequestResolution.java:137)
	at java.base/java.util.stream.ReferencePipeline$3$1.accept(ReferencePipeline.java:214)
	at java.base/java.util.ArrayList$ArrayListSpliterator.tryAdvance(ArrayList.java:1693)
	at java.base/java.util.stream.ReferencePipeline.forEachWithCancel(ReferencePipeline.java:147)
	at java.base/java.util.stream.AbstractPipeline.copyIntoWithCancel(AbstractPipeline.java:588)
	at java.base/java.util.stream.AbstractPipeline.copyInto(AbstractPipeline.java:574)
	at java.base/java.util.stream.AbstractPipeline.wrapAndCopyInto(AbstractPipeline.java:560)
	at java.base/java.util.stream.FindOps$FindOp.evaluateSequential(FindOps.java:150)
	at java.base/java.util.stream.AbstractPipeline.evaluate(AbstractPipeline.java:265)
	at java.base/java.util.stream.ReferencePipeline.findFirst(ReferencePipeline.java:683)
	at org.junit.platform.engine.support.discovery.EngineDiscoveryRequestResolution.resolve(EngineDiscoveryRequestResolution.java:191)
	at org.junit.platform.engine.support.discovery.EngineDiscoveryRequestResolution.resolve(EngineDiscoveryRequestResolution.java:128)
	at org.junit.platform.engine.support.discovery.EngineDiscoveryRequestResolution.resolveCompletely(EngineDiscoveryRequestResolution.java:94)
	at org.junit.platform.engine.support.discovery.EngineDiscoveryRequestResolution.run(EngineDiscoveryRequestResolution.java:85)
	at org.junit.platform.engine.support.discovery.EngineDiscoveryRequestResolver.resolve(EngineDiscoveryRequestResolver.java:150)
	at org.junit.jupiter.engine.discovery.DiscoverySelectorResolver.resolveSelectors(DiscoverySelectorResolver.java:62)
	at org.junit.jupiter.engine.JupiterTestEngine.discover(JupiterTestEngine.java:74)
	at org.junit.platform.launcher.core.EngineDiscoveryOrchestrator.discoverEngineRoot(EngineDiscoveryOrchestrator.java:195)
	at org.junit.platform.launcher.core.EngineDiscoveryOrchestrator.discoverSafely(EngineDiscoveryOrchestrator.java:174)
	at org.junit.platform.launcher.core.EngineDiscoveryOrchestrator.discover(EngineDiscoveryOrchestrator.java:119)
	at org.junit.platform.launcher.core.EngineDiscoveryOrchestrator.discover(EngineDiscoveryOrchestrator.java:84)
	at org.junit.platform.launcher.core.DefaultLauncher.discover(DefaultLauncher.java:119)
	at org.junit.platform.launcher.core.DefaultLauncher.discover(DefaultLauncher.java:85)
	at org.junit.platform.launcher.core.DelegatingLauncher.discover(DelegatingLauncher.java:43)
	at org.junit.platform.launcher.core.InterceptingLauncher.lambda$discover$0(InterceptingLauncher.java:35)
	at org.junit.platform.launcher.core.ClasspathAlignmentCheckingLauncherInterceptor.intercept(ClasspathAlignmentCheckingLauncherInterceptor.java:25)
	at org.junit.platform.launcher.core.InterceptingLauncher.discover(InterceptingLauncher.java:35)
	at org.junit.platform.launcher.core.DelegatingLauncher.discover(DelegatingLauncher.java:43)
	at org.apache.maven.surefire.junitplatform.LauncherAdapter.discover(LauncherAdapter.java:47)
	at org.apache.maven.surefire.junitplatform.TestPlanScannerFilter.accept(TestPlanScannerFilter.java:51)
	at org.apache.maven.surefire.api.util.DefaultScanResult.applyFilter(DefaultScanResult.java:87)
	at org.apache.maven.surefire.junitplatform.JUnitPlatformProvider.scanClasspath(JUnitPlatformProvider.java:156)
	at org.apache.maven.surefire.junitplatform.JUnitPlatformProvider.invoke(JUnitPlatformProvider.java:136)
	at org.apache.maven.surefire.booter.ForkedBooter.runSuitesInProcess(ForkedBooter.java:385)
	at org.apache.maven.surefire.booter.ForkedBooter.execute(ForkedBooter.java:162)
	at org.apache.maven.surefire.booter.ForkedBooter.run(ForkedBooter.java:507)
	at org.apache.maven.surefire.booter.ForkedBooter.main(ForkedBooter.java:495)
Caused by: java.lang.ClassNotFoundException: DailyPolicyDiagnostics.Fairness
	at java.base/jdk.internal.loader.BuiltinClassLoader.loadClass(BuiltinClassLoader.java:580)
	at java.base/java.lang.ClassLoader.loadClass(ClassLoader.java:490)
	... 49 more
[INFO] 
[INFO] Results:
[INFO] 
[INFO] Tests run: 0, Failures: 0, Errors: 0, Skipped: 0
[INFO] 
[INFO] ------------------------------------------------------------------------
[INFO] Reactor Summary for calculation-engine 0.1.0-SNAPSHOT:
[INFO] 
[INFO] calculation-engine ................................. SUCCESS [  0.594 s]
[INFO] scheduler-service .................................. FAILURE [  0.844 s]
[INFO] ------------------------------------------------------------------------
[INFO] BUILD FAILURE
[INFO] ------------------------------------------------------------------------
[INFO] Total time:  1.714 s
[INFO] Finished at: 2026-10-06T20:40:52-05:00
[INFO] ------------------------------------------------------------------------
[ERROR] Failed to execute goal org.apache.maven.plugins:maven-surefire-plugin:3.5.6:test (default-test) on project scheduler-service: 
[ERROR] 
[ERROR] See C:\Users\mcgee\OneDrive\Desktop\waterflex\waterflex-scheduler-java\scheduler-service\target\surefire-reports for the individual test results.
[ERROR] See dump files (if any exist) [date].dump, [date]-jvmRun[N].dump and [date].dumpstream.
[ERROR] There was an error in the forked process
[ERROR] TestEngine with ID 'junit-jupiter' encountered a critical issue during test discovery:
[ERROR] 
[ERROR] (1) [ERROR] ClassSelector [className = 'dev.waterflex.scheduler.optimizer.DailyPolicyDiagnosticsTest', classLoader = null] resolution failed
[ERROR]     Source: ClassSource [className = 'dev.waterflex.scheduler.optimizer.DailyPolicyDiagnosticsTest', filePosition = null]
[ERROR]             at dev.waterflex.scheduler.optimizer.DailyPolicyDiagnosticsTest.<no-method>(SourceFile:0)
[ERROR]     Cause: java.lang.NoClassDefFoundError: DailyPolicyDiagnostics/Fairness
[ERROR] 	at java.base/java.lang.Class.getDeclaredMethods0(Native Method)
[ERROR] 	at java.base/java.lang.Class.privateGetDeclaredMethods(Class.java:3010)
[ERROR] 	at java.base/java.lang.Class.getDeclaredMethods(Class.java:2329)
[ERROR] 	at org.junit.platform.commons.util.ReflectionUtils.getDeclaredMethods(ReflectionUtils.java:1664)
[ERROR] 	at org.junit.platform.commons.util.ReflectionUtils.findMethod(ReflectionUtils.java:1511)
[ERROR] 	at org.junit.platform.commons.util.ReflectionUtils.isMethodPresent(ReflectionUtils.java:1379)
[ERROR] 	at org.junit.jupiter.engine.discovery.predicates.TestClassPredicates.hasTestOrTestFactoryOrTestTemplateMethods(TestClassPredicates.java:107)
[ERROR] 	at org.junit.jupiter.engine.discovery.predicates.TestClassPredicates.looksLikeIntendedTestClass(TestClassPredicates.java:82)
[ERROR] 	at org.junit.jupiter.engine.discovery.predicates.TestClassPredicates.looksLikeIntendedTestClass(TestClassPredicates.java:76)
[ERROR] 	at org.junit.jupiter.engine.discovery.ClassSelectorResolver.isAcceptedStandaloneTestClass(ClassSelectorResolver.java:114)
[ERROR] 	at org.junit.jupiter.engine.discovery.ClassSelectorResolver.resolveStandaloneTestClass(ClassSelectorResolver.java:105)
[ERROR] 	at org.junit.jupiter.engine.discovery.ClassSelectorResolver.resolve(ClassSelectorResolver.java:101)
[ERROR] 	at org.junit.platform.engine.support.discovery.EngineDiscoveryRequestResolution.lambda$resolve$0(EngineDiscoveryRequestResolution.java:137)
[ERROR] 	at java.base/java.util.stream.ReferencePipeline$3$1.accept(ReferencePipeline.java:214)
[ERROR] 	at java.base/java.util.ArrayList$ArrayListSpliterator.tryAdvance(ArrayList.java:1693)
[ERROR] 	at java.base/java.util.stream.ReferencePipeline.forEachWithCancel(ReferencePipeline.java:147)
[ERROR] 	at java.base/java.util.stream.AbstractPipeline.copyIntoWithCancel(AbstractPipeline.java:588)
[ERROR] 	at java.base/java.util.stream.AbstractPipeline.copyInto(AbstractPipeline.java:574)
[ERROR] 	at java.base/java.util.stream.AbstractPipeline.wrapAndCopyInto(AbstractPipeline.java:560)
[ERROR] 	at java.base/java.util.stream.FindOps$FindOp.evaluateSequential(FindOps.java:150)
[ERROR] 	at java.base/java.util.stream.AbstractPipeline.evaluate(AbstractPipeline.java:265)
[ERROR] 	at java.base/java.util.stream.ReferencePipeline.findFirst(ReferencePipeline.java:683)
[ERROR] 	at org.junit.platform.engine.support.discovery.EngineDiscoveryRequestResolution.resolve(EngineDiscoveryRequestResolution.java:191)
[ERROR] 	at org.junit.platform.engine.support.discovery.EngineDiscoveryRequestResolution.resolve(EngineDiscoveryRequestResolution.java:128)
[ERROR] 	at org.junit.platform.engine.support.discovery.EngineDiscoveryRequestResolution.resolveCompletely(EngineDiscoveryRequestResolution.java:94)
[ERROR] 	at org.junit.platform.engine.support.discovery.EngineDiscoveryRequestResolution.run(EngineDiscoveryRequestResolution.java:85)
[ERROR] 	at org.junit.platform.engine.support.discovery.EngineDiscoveryRequestResolver.resolve(EngineDiscoveryRequestResolver.java:150)
[ERROR] 	at org.junit.jupiter.engine.discovery.DiscoverySelectorResolver.resolveSelectors(DiscoverySelectorResolver.java:62)
[ERROR] 	at org.junit.jupiter.engine.JupiterTestEngine.discover(JupiterTestEngine.java:74)
[ERROR] 	at org.junit.platform.launcher.core.EngineDiscoveryOrchestrator.discoverEngineRoot(EngineDiscoveryOrchestrator.java:195)
[ERROR] 	at org.junit.platform.launcher.core.EngineDiscoveryOrchestrator.discoverSafely(EngineDiscoveryOrchestrator.java:174)
[ERROR] 	at org.junit.platform.launcher.core.EngineDiscoveryOrchestrator.discover(EngineDiscoveryOrchestrator.java:119)
[ERROR] 	at org.junit.platform.launcher.core.EngineDiscoveryOrchestrator.discover(EngineDiscoveryOrchestrator.java:84)
[ERROR] 	at org.junit.platform.launcher.core.DefaultLauncher.discover(DefaultLauncher.java:119)
[ERROR] 	at org.junit.platform.launcher.core.DefaultLauncher.discover(DefaultLauncher.java:85)
[ERROR] 	at org.junit.platform.launcher.core.DelegatingLauncher.discover(DelegatingLauncher.java:43)
[ERROR] 	at org.junit.platform.launcher.core.InterceptingLauncher.lambda$discover$0(InterceptingLauncher.java:35)
[ERROR] 	at org.junit.platform.launcher.core.ClasspathAlignmentCheckingLauncherInterceptor.intercept(ClasspathAlignmentCheckingLauncherInterceptor.java:25)
[ERROR] 	at org.junit.platform.launcher.core.InterceptingLauncher.discover(InterceptingLauncher.java:35)
[ERROR] 	at org.junit.platform.launcher.core.DelegatingLauncher.discover(DelegatingLauncher.java:43)
[ERROR] 	at org.apache.maven.surefire.junitplatform.LauncherAdapter.discover(LauncherAdapter.java:47)
[ERROR] 	at org.apache.maven.surefire.junitplatform.TestPlanScannerFilter.accept(TestPlanScannerFilter.java:51)
[ERROR] 	at org.apache.maven.surefire.api.util.DefaultScanResult.applyFilter(DefaultScanResult.java:87)
[ERROR] 	at org.apache.maven.surefire.junitplatform.JUnitPlatformProvider.scanClasspath(JUnitPlatformProvider.java:156)
[ERROR] 	at org.apache.maven.surefire.junitplatform.JUnitPlatformProvider.invoke(JUnitPlatformProvider.java:136)
[ERROR] 	at org.apache.maven.surefire.booter.ForkedBooter.runSuitesInProcess(ForkedBooter.java:385)
[ERROR] 	at org.apache.maven.surefire.booter.ForkedBooter.execute(ForkedBooter.java:162)
[ERROR] 	at org.apache.maven.surefire.booter.ForkedBooter.run(ForkedBooter.java:507)
[ERROR] 	at org.apache.maven.surefire.booter.ForkedBooter.main(ForkedBooter.java:495)
[ERROR] Caused by: java.lang.ClassNotFoundException: DailyPolicyDiagnostics.Fairness
[ERROR] 	at java.base/jdk.internal.loader.BuiltinClassLoader.loadClass(BuiltinClassLoader.java:580)
[ERROR] 	at java.base/java.lang.ClassLoader.loadClass(ClassLoader.java:490)
[ERROR] 	... 49 more
[ERROR] 
[ERROR] org.apache.maven.surefire.booter.SurefireBooterForkException: There was an error in the forked process
[ERROR] TestEngine with ID 'junit-jupiter' encountered a critical issue during test discovery:
[ERROR] 
[ERROR] (1) [ERROR] ClassSelector [className = 'dev.waterflex.scheduler.optimizer.DailyPolicyDiagnosticsTest', classLoader = null] resolution failed
[ERROR]     Source: ClassSource [className = 'dev.waterflex.scheduler.optimizer.DailyPolicyDiagnosticsTest', filePosition = null]
[ERROR]             at dev.waterflex.scheduler.optimizer.DailyPolicyDiagnosticsTest.<no-method>(SourceFile:0)
[ERROR]     Cause: java.lang.NoClassDefFoundError: DailyPolicyDiagnostics/Fairness
[ERROR] 	at java.base/java.lang.Class.getDeclaredMethods0(Native Method)
[ERROR] 	at java.base/java.lang.Class.privateGetDeclaredMethods(Class.java:3010)
[ERROR] 	at java.base/java.lang.Class.getDeclaredMethods(Class.java:2329)
[ERROR] 	at org.junit.platform.commons.util.ReflectionUtils.getDeclaredMethods(ReflectionUtils.java:1664)
[ERROR] 	at org.junit.platform.commons.util.ReflectionUtils.findMethod(ReflectionUtils.java:1511)
[ERROR] 	at org.junit.platform.commons.util.ReflectionUtils.isMethodPresent(ReflectionUtils.java:1379)
[ERROR] 	at org.junit.jupiter.engine.discovery.predicates.TestClassPredicates.hasTestOrTestFactoryOrTestTemplateMethods(TestClassPredicates.java:107)
[ERROR] 	at org.junit.jupiter.engine.discovery.predicates.TestClassPredicates.looksLikeIntendedTestClass(TestClassPredicates.java:82)
[ERROR] 	at org.junit.jupiter.engine.discovery.predicates.TestClassPredicates.looksLikeIntendedTestClass(TestClassPredicates.java:76)
[ERROR] 	at org.junit.jupiter.engine.discovery.ClassSelectorResolver.isAcceptedStandaloneTestClass(ClassSelectorResolver.java:114)
[ERROR] 	at org.junit.jupiter.engine.discovery.ClassSelectorResolver.resolveStandaloneTestClass(ClassSelectorResolver.java:105)
[ERROR] 	at org.junit.jupiter.engine.discovery.ClassSelectorResolver.resolve(ClassSelectorResolver.java:101)
[ERROR] 	at org.junit.platform.engine.support.discovery.EngineDiscoveryRequestResolution.lambda$resolve$0(EngineDiscoveryRequestResolution.java:137)
[ERROR] 	at java.base/java.util.stream.ReferencePipeline$3$1.accept(ReferencePipeline.java:214)
[ERROR] 	at java.base/java.util.ArrayList$ArrayListSpliterator.tryAdvance(ArrayList.java:1693)
[ERROR] 	at java.base/java.util.stream.ReferencePipeline.forEachWithCancel(ReferencePipeline.java:147)
[ERROR] 	at java.base/java.util.stream.AbstractPipeline.copyIntoWithCancel(AbstractPipeline.java:588)
[ERROR] 	at java.base/java.util.stream.AbstractPipeline.copyInto(AbstractPipeline.java:574)
[ERROR] 	at java.base/java.util.stream.AbstractPipeline.wrapAndCopyInto(AbstractPipeline.java:560)
[ERROR] 	at java.base/java.util.stream.FindOps$FindOp.evaluateSequential(FindOps.java:150)
[ERROR] 	at java.base/java.util.stream.AbstractPipeline.evaluate(AbstractPipeline.java:265)
[ERROR] 	at java.base/java.util.stream.ReferencePipeline.findFirst(ReferencePipeline.java:683)
[ERROR] 	at org.junit.platform.engine.support.discovery.EngineDiscoveryRequestResolution.resolve(EngineDiscoveryRequestResolution.java:191)
[ERROR] 	at org.junit.platform.engine.support.discovery.EngineDiscoveryRequestResolution.resolve(EngineDiscoveryRequestResolution.java:128)
[ERROR] 	at org.junit.platform.engine.support.discovery.EngineDiscoveryRequestResolution.resolveCompletely(EngineDiscoveryRequestResolution.java:94)
[ERROR] 	at org.junit.platform.engine.support.discovery.EngineDiscoveryRequestResolution.run(EngineDiscoveryRequestResolution.java:85)
[ERROR] 	at org.junit.platform.engine.support.discovery.EngineDiscoveryRequestResolver.resolve(EngineDiscoveryRequestResolver.java:150)
[ERROR] 	at org.junit.jupiter.engine.discovery.DiscoverySelectorResolver.resolveSelectors(DiscoverySelectorResolver.java:62)
[ERROR] 	at org.junit.jupiter.engine.JupiterTestEngine.discover(JupiterTestEngine.java:74)
[ERROR] 	at org.junit.platform.launcher.core.EngineDiscoveryOrchestrator.discoverEngineRoot(EngineDiscoveryOrchestrator.java:195)
[ERROR] 	at org.junit.platform.launcher.core.EngineDiscoveryOrchestrator.discoverSafely(EngineDiscoveryOrchestrator.java:174)
[ERROR] 	at org.junit.platform.launcher.core.EngineDiscoveryOrchestrator.discover(EngineDiscoveryOrchestrator.java:119)
[ERROR] 	at org.junit.platform.launcher.core.EngineDiscoveryOrchestrator.discover(EngineDiscoveryOrchestrator.java:84)
[ERROR] 	at org.junit.platform.launcher.core.DefaultLauncher.discover(DefaultLauncher.java:119)
[ERROR] 	at org.junit.platform.launcher.core.DefaultLauncher.discover(DefaultLauncher.java:85)
[ERROR] 	at org.junit.platform.launcher.core.DelegatingLauncher.discover(DelegatingLauncher.java:43)
[ERROR] 	at org.junit.platform.launcher.core.InterceptingLauncher.lambda$discover$0(InterceptingLauncher.java:35)
[ERROR] 	at org.junit.platform.launcher.core.ClasspathAlignmentCheckingLauncherInterceptor.intercept(ClasspathAlignmentCheckingLauncherInterceptor.java:25)
[ERROR] 	at org.junit.platform.launcher.core.InterceptingLauncher.discover(InterceptingLauncher.java:35)
[ERROR] 	at org.junit.platform.launcher.core.DelegatingLauncher.discover(DelegatingLauncher.java:43)
[ERROR] 	at org.apache.maven.surefire.junitplatform.LauncherAdapter.discover(LauncherAdapter.java:47)
[ERROR] 	at org.apache.maven.surefire.junitplatform.TestPlanScannerFilter.accept(TestPlanScannerFilter.java:51)
[ERROR] 	at org.apache.maven.surefire.api.util.DefaultScanResult.applyFilter(DefaultScanResult.java:87)
[ERROR] 	at org.apache.maven.surefire.junitplatform.JUnitPlatformProvider.scanClasspath(JUnitPlatformProvider.java:156)
[ERROR] 	at org.apache.maven.surefire.junitplatform.JUnitPlatformProvider.invoke(JUnitPlatformProvider.java:136)
[ERROR] 	at org.apache.maven.surefire.booter.ForkedBooter.runSuitesInProcess(ForkedBooter.java:385)
[ERROR] 	at org.apache.maven.surefire.booter.ForkedBooter.execute(ForkedBooter.java:162)
[ERROR] 	at org.apache.maven.surefire.booter.ForkedBooter.run(ForkedBooter.java:507)
[ERROR] 	at org.apache.maven.surefire.booter.ForkedBooter.main(ForkedBooter.java:495)
[ERROR] Caused by: java.lang.ClassNotFoundException: DailyPolicyDiagnostics.Fairness
[ERROR] 	at java.base/jdk.internal.loader.BuiltinClassLoader.loadClass(BuiltinClassLoader.java:580)
[ERROR] 	at java.base/java.lang.ClassLoader.loadClass(ClassLoader.java:490)
[ERROR] 	... 49 more
[ERROR] 
[ERROR] 	at org.apache.maven.plugin.surefire.booterclient.ForkStarter.fork(ForkStarter.java:631)
[ERROR] 	at org.apache.maven.plugin.surefire.booterclient.ForkStarter.run(ForkStarter.java:285)
[ERROR] 	at org.apache.maven.plugin.surefire.booterclient.ForkStarter.run(ForkStarter.java:250)
[ERROR] 	at org.apache.maven.plugin.surefire.AbstractSurefireMojo.executeProvider(AbstractSurefireMojo.java:1356)
[ERROR] 	at org.apache.maven.plugin.surefire.AbstractSurefireMojo.executeAfterPreconditionsChecked(AbstractSurefireMojo.java:1154)
[ERROR] 	at org.apache.maven.plugin.surefire.AbstractSurefireMojo.execute(AbstractSurefireMojo.java:988)
[ERROR] 	at org.apache.maven.plugin.DefaultBuildPluginManager.executeMojo(DefaultBuildPluginManager.java:126)
[ERROR] 	at org.apache.maven.lifecycle.internal.MojoExecutor.doExecute2(MojoExecutor.java:328)
[ERROR] 	at org.apache.maven.lifecycle.internal.MojoExecutor.doExecute(MojoExecutor.java:316)
[ERROR] 	at org.apache.maven.lifecycle.internal.MojoExecutor.execute(MojoExecutor.java:212)
[ERROR] 	at org.apache.maven.lifecycle.internal.MojoExecutor.execute(MojoExecutor.java:174)
[ERROR] 	at org.apache.maven.lifecycle.internal.MojoExecutor.access$000(MojoExecutor.java:75)
[ERROR] 	at org.apache.maven.lifecycle.internal.MojoExecutor$1.run(MojoExecutor.java:162)
[ERROR] 	at org.apache.maven.plugin.DefaultMojosExecutionStrategy.execute(DefaultMojosExecutionStrategy.java:39)
[ERROR] 	at org.apache.maven.lifecycle.internal.MojoExecutor.execute(MojoExecutor.java:159)
[ERROR] 	at org.apache.maven.lifecycle.internal.LifecycleModuleBuilder.buildProject(LifecycleModuleBuilder.java:105)
[ERROR] 	at org.apache.maven.lifecycle.internal.LifecycleModuleBuilder.buildProject(LifecycleModuleBuilder.java:73)
[ERROR] 	at org.apache.maven.lifecycle.internal.builder.singlethreaded.SingleThreadedBuilder.build(SingleThreadedBuilder.java:53)
[ERROR] 	at org.apache.maven.lifecycle.internal.LifecycleStarter.execute(LifecycleStarter.java:118)
[ERROR] 	at org.apache.maven.DefaultMaven.doExecute(DefaultMaven.java:261)
[ERROR] 	at org.apache.maven.DefaultMaven.doExecute(DefaultMaven.java:173)
[ERROR] 	at org.apache.maven.DefaultMaven.execute(DefaultMaven.java:101)
[ERROR] 	at org.apache.maven.cli.MavenCli.execute(MavenCli.java:919)
[ERROR] 	at org.apache.maven.cli.MavenCli.doMain(MavenCli.java:285)
[ERROR] 	at org.apache.maven.cli.MavenCli.main(MavenCli.java:207)
[ERROR] 	at java.base/jdk.internal.reflect.DirectMethodHandleAccessor.invoke(DirectMethodHandleAccessor.java:104)
[ERROR] 	at java.base/java.lang.reflect.Method.invoke(Method.java:565)
[ERROR] 	at org.codehaus.plexus.classworlds.launcher.Launcher.launchEnhanced(Launcher.java:255)
[ERROR] 	at org.codehaus.plexus.classworlds.launcher.Launcher.launch(Launcher.java:201)
[ERROR] 	at org.codehaus.plexus.classworlds.launcher.Launcher.mainWithExitCode(Launcher.java:362)
[ERROR] 	at org.codehaus.plexus.classworlds.launcher.Launcher.main(Launcher.java:314)
[ERROR] 	at java.base/jdk.internal.reflect.DirectMethodHandleAccessor.invoke(DirectMethodHandleAccessor.java:104)
[ERROR] 	at java.base/java.lang.reflect.Method.invoke(Method.java:565)
[ERROR] 	at org.apache.maven.wrapper.BootstrapMainStarter.start(BootstrapMainStarter.java:52)
[ERROR] 	at org.apache.maven.wrapper.WrapperExecutor.execute(WrapperExecutor.java:161)
[ERROR] 	at org.apache.maven.wrapper.MavenWrapperMain.main(MavenWrapperMain.java:73)
[ERROR] -> [Help 1]
[ERROR] 
[ERROR] To see the full stack trace of the errors, re-run Maven with the -e switch.
[ERROR] Re-run Maven using the -X switch to enable full debug logging.
[ERROR] 
[ERROR] For more information about the errors and possible solutions, please read the following articles:
[ERROR] [Help 1] http://cwiki.apache.org/confluence/display/MAVEN/MojoExecutionException
[ERROR] 
[ERROR] After correcting the problems, you can resume the build with the command
[ERROR]   mvn <args> -rf :scheduler-service
