
> waterflex-web@0.1.0 test:unit
> tsx scripts/run-unit-tests.ts

Discovered 18 unit test files:
lib\bookingLocation.test.ts
lib\bookingTestAddresses.test.ts
lib\bookingTestCore.test.ts
lib\currentRouteTiming.test.ts
lib\dailyOutcome.test.ts
lib\dailyPolicyDiagnostics.test.ts
lib\dispatchGeometry.test.ts
lib\fakeDataCore.test.ts
lib\geocode.test.ts
lib\monetaryContract.test.ts
lib\nullability.test.ts
lib\optimizationAnalysis.test.ts
lib\optimizationExport.test.ts
lib\phoneDate.test.ts
lib\technicianAvailability.test.ts
scripts\benchmarkDiagnostics.test.ts
scripts\benchmarkExperiment.test.ts
scripts\poll-until.test.ts
✔ a valid locality-only response is not malformed address evidence (31.1357ms)
✔ North 169th Street's Jefferson Precinct is approximate evidence for postal Bennington (2.0766ms)
✔ North 169th Street: incomplete street evidence is a manual starting point, never an exact house (1.6772ms)
✔ Reflection Circle: incomplete street evidence is a manual starting point, never an exact house (0.9098ms)
✔ Appaloosa Drive: incomplete street evidence is a manual starting point, never an exact house (0.9327ms)
✔ Valley Street: incomplete street evidence is a manual starting point, never an exact house (0.8283ms)
✔ Grandview Avenue: incomplete street evidence is a manual starting point, never an exact house (0.6847ms)
✔ Cascio Drive: incomplete street evidence is a manual starting point, never an exact house (0.6428ms)
✔ Elkhorn suburb and rural locality categories can identify an exact address (1.1995ms)
✔ multiple street segments are retained, repeats are deduplicated, malformed mixtures fail (2.2429ms)
✔ manual request identity covers address, contact, service, pin and intent (2.5565ms)
✔ coverage includes all bearings plus margin and rejects missing persisted configuration (2.5443ms)
✔ candidate batches persist deterministic random state and rotate fairly across missing ordinals (2.205ms)
✔ candidate sampling is deterministic and remains inside the selected run radius (0.8885ms)
✔ reverse-geocoded locations outside the selected run radius are rejected (0.4171ms)
✔ a recovered pending batch rejects duplicate and unroutable results without changing its candidates (0.4791ms)
✔ explicit seeds produce deterministic unique routable real-address inputs (0.8629ms)
✔ collisions and unroutable candidates are rejected before later candidates succeed (0.5192ms)
✔ attempt exhaustion reports an exact shortfall and returns no partial inputs (2.8981ms)
✔ malformed or incomplete Nominatim responses are rejected (43.8544ms)
✔ configured state completes bounded Nominatim results and rejects conflicts (1.1756ms)
✔ seeded generation uses weights and stable order (7.1893ms)
✔ offer policies choose only returned windows without mutating scheduler order (10.855ms)
✔ horizon follows Chicago tomorrow plus ten weekdays across weekends and DST (13.9295ms)
✔ test APIs require explicit enablement and local same-origin requests (18.6967ms)
✔ current timing requires matching versions, exact confirmed coverage and valid intervals (4.7597ms)
✔ partial diagnostic coverage remains explicit and cannot become policy eligible (4.0208ms)
✔ time-off reports retain unresolved demand and remain ineligible for approval (1.5914ms)
▶ Daily policy diagnostic boundaries
  ✔ preserves a rejected overtime improvement separately from apply coverage (2.4244ms)
  ✔ rejects fabricated or missing reference targets and duplicate unresolved identities (1.2026ms)
✔ Daily policy diagnostic boundaries (4.474ms)
✔ accepts road coordinates and empty schedules (1.2737ms)
✔ validates saved segment timing and coverage before rendering (0.6356ms)
✔ rejects Java tree metadata and malformed coordinates before map rendering (0.2327ms)
✔ rejects stale dates, phases, missing routes, and invalid stop times (0.3505ms)
✔ seeded call planning is deterministic and uses weekdays only (6.7354ms)
✔ service weighting boundaries match the requested mix (0.2024ms)
✔ each fake call gets a random street address and geocode in the Omaha metro (0.9231ms)
✔ different generated seeds produce different Omaha addresses (0.4045ms)
✔ input validation accepts 31 days and rejects invalid ranges (1.3771ms)
✔ versioned external IDs retain the service date for scoped cleanup (0.2703ms)
✔ all 206 USPS primary suffix pairs work only in suffix position (9.2306ms)
✔ Omaha direction and plaza spellings agree, with strict ZIP and road checks (8.5428ms)
✔ invalid coordinates and null address data remain malformed (2.3265ms)
✔ retries without state and labels the Papillion street result approximate (1.3033ms)
✔ rejects conflicting address details (2.4972ms)
✔ rejects a street response without usable bounds as malformed (0.3254ms)
✔ accepts an exact matching house without manual confirmation (0.436ms)
✔ separates transport, timeout, malformed response, and genuine miss (0.905ms)
✔ technician lookup API reports misses and geocoder failures separately (5.014ms)
✔ street abbreviations never normalize locality names (0.5391ms)
✔ monetary strings retain exact digits and reject binary-number or noncanonical inputs (2.0678ms)
✔ cent formatting retains cents at safe integer bounds and negative deltas (0.3663ms)
✔ operating rates and cost provenance preserve the exact wire contract (1.7781ms)
✔ refresh preserves the browser deadline and rejects expired or malformed values before scheduling (17.1882ms)
✔ time-off travel retains unavailable history and rejects malformed accounting (1.0234ms)
✔ road travel and buffer reporting rejects missing or inconsistent components (0.3823ms)
✔ solver diagnostics require measured phase counts and explicit unavailable optional metrics (2.0093ms)
✔ v2 solver diagnostics preserve nulls and reject missing reasons or false observation (1.1641ms)
✔ depot pin accepts nearby adjustment and rejects distant or missing geocoder candidates (0.1671ms)
✔ invalid request bodies fail before downstream requests or writes (10.7465ms)
✔ depot ownership and technician assignment fields are required (1.182ms)
✔ scheduler client preserves status and rejects malformed success and transport failures (1.8599ms)
✔ geocoder rejects null, blank, nonfinite and out-of-range strings but retains valid zero (3.9883ms)
✔ browser and journal decoders reject incomplete state while permitting unavailable shifts (1.4648ms)
✔ appointment outcomes reject missing or contradictory search evidence (0.5462ms)
✔ scheduler search timing is kept separate from client transport duration (0.2378ms)
✔ selection conflicts preserve retryable refresh outcomes and transport failures (1.5873ms)
✔ an already abandoned search sends only durable cancellation with its own live signal (0.3364ms)
✔ calendar utilities reject missing or invalid calendar values (12.0382ms)
✔ time-off contracts reject invalid categories, intervals, and persisted reports (1.1398ms)
✔ repair approval sums increases by day without cancelling them against another day's reduction (0.4458ms)
✔ quick analysis recommends a safe cross-profile winner (1.7126ms)
✔ customer tolerances and safety violations disqualify candidates (0.4096ms)
✔ drive minutes break a paid-time tie within one percent (1.6991ms)
✔ paid minutes per appointment safely handles zero bookings (0.1044ms)
✔ validation increments and wraps unsigned 32-bit seeds (0.5879ms)
✔ validation sequencing preserves completed runs when a later seed fails (0.2038ms)
✔ twenty consistent runs produce summaries and a validated recommendation (4.86ms)
✔ partial validation results are retained but inconclusive (0.575ms)
✔ one unsafe validation run makes the outcome inconclusive (1.6142ms)
✔ incomplete simulation results cannot produce recommendations (1.0926ms)
✔ JSON export retains reproducibility metadata and raw metrics (3.7775ms)
✔ CSV export includes configuration, metrics, and both delta forms (0.4154ms)
✔ validation JSON includes aggregate conclusions and every raw run (8.1033ms)
✔ validation CSV has one complete row per seed, profile, and strategy (5.3611ms)
✔ formatPhone formats as the number is typed (1.1197ms)
✔ formatPhone accepts pasted country codes and keeps extra text (0.2236ms)
✔ formatPhone lets backspace remove the last digit (0.1116ms)
✔ isValidPhone requires seven digits (0.1247ms)
✔ maskUsDate inserts slashes and leaves other text alone (0.207ms)
✔ parseUsDate only accepts real calendar dates (1.2301ms)
✔ earliestMoveDate mirrors the 06:00 Chicago freeze (22.2919ms)
✔ technician profile address fields are supplied together (3.453ms)
✔ formatStoredPhone only reformats ten digit numbers (10.0886ms)
✔ weekly versions select by calendar date and preserve weekend hours (4.5569ms)
✔ tenth weekday horizon counts intervening weekends and daylight saving dates (20.8951ms)
✔ malformed weeks and technician profiles fail validation (2.7085ms)
✔ diagnostics preserve retries and explicitly identify unavailable jobs (14.7489ms)
✔ malformed required diagnostic values fail instead of becoming zero (16.2698ms)
✔ frozen horizons reject missing/null/malformed dates and expired comparisons (20.7712ms)
✔ labels cannot substitute for actual strategy and feature settings (1.5742ms)
✔ frozen calendar survives midnight, cutoff, weekend and DST: 2026-09-30T04:59:59Z (1.5533ms)
✔ frozen calendar survives midnight, cutoff, weekend and DST: 2026-09-30T10:59:59Z (1.1692ms)
✔ frozen calendar survives midnight, cutoff, weekend and DST: 2026-10-03T04:59:59Z (1.148ms)
✔ frozen calendar survives midnight, cutoff, weekend and DST: 2026-03-08T07:59:59Z (2.2303ms)
✔ frozen calendar survives midnight, cutoff, weekend and DST: 2026-11-01T06:59:59Z (1.6528ms)
✔ effective isolation and calendar are mandatory before and after measurement (1.1134ms)
✔ polling returns the observed terminal state (2.4441ms)
✔ deadline failures include the last observed state (0.4587ms)
✔ read failures propagate instead of becoming fabricated states (0.1322ms)
ℹ tests 110
ℹ suites 1
ℹ pass 110
ℹ fail 0
ℹ cancelled 0
ℹ skipped 0
ℹ todo 0
ℹ duration_ms 732.3052
