
> waterflex-web@0.1.0 test:unit
> tsx scripts/run-unit-tests.ts

Discovered 18 unit test files:
lib\bookingLocation.test.ts
lib\bookingTestAddresses.test.ts
lib\bookingTestCore.test.ts
lib\currentRouteTiming.test.ts
lib\dailyOutcome.test.ts
lib\dailyPolicyDiagnostics.test.ts
lib\dispatchGeometry.test.ts
lib\fakeDataCore.test.ts
lib\geocode.test.ts
lib\monetaryContract.test.ts
lib\nullability.test.ts
lib\optimizationAnalysis.test.ts
lib\optimizationExport.test.ts
lib\phoneDate.test.ts
lib\technicianAvailability.test.ts
scripts\benchmarkDiagnostics.test.ts
scripts\benchmarkExperiment.test.ts
scripts\poll-until.test.ts
✔ a valid locality-only response is not malformed address evidence (25.8736ms)
✔ North 169th Street's Jefferson Precinct is approximate evidence for postal Bennington (2.947ms)
✔ North 169th Street: incomplete street evidence is a manual starting point, never an exact house (2.585ms)
✔ Reflection Circle: incomplete street evidence is a manual starting point, never an exact house (3.292ms)
✔ Appaloosa Drive: incomplete street evidence is a manual starting point, never an exact house (1.2477ms)
✔ Valley Street: incomplete street evidence is a manual starting point, never an exact house (1.3303ms)
✔ Grandview Avenue: incomplete street evidence is a manual starting point, never an exact house (1.8284ms)
✔ Cascio Drive: incomplete street evidence is a manual starting point, never an exact house (0.816ms)
✔ Elkhorn suburb and rural locality categories can identify an exact address (2.3698ms)
✔ multiple street segments are retained, repeats are deduplicated, malformed mixtures fail (3.5391ms)
✔ manual request identity covers address, contact, service, pin and intent (11.3625ms)
✔ coverage includes all bearings plus margin and rejects missing persisted configuration (3.3618ms)
✔ candidate batches persist deterministic random state and rotate fairly across missing ordinals (2.6389ms)
✔ candidate sampling is deterministic and remains inside the selected run radius (0.8437ms)
✔ reverse-geocoded locations outside the selected run radius are rejected (0.4387ms)
✔ a recovered pending batch rejects duplicate and unroutable results without changing its candidates (0.5759ms)
✔ explicit seeds produce deterministic unique routable real-address inputs (0.9513ms)
✔ collisions and unroutable candidates are rejected before later candidates succeed (0.5584ms)
✔ attempt exhaustion reports an exact shortfall and returns no partial inputs (2.9314ms)
✔ malformed or incomplete Nominatim responses are rejected (37.4513ms)
✔ configured state completes bounded Nominatim results and rejects conflicts (1.2809ms)
✔ seeded generation uses weights and stable order (7.142ms)
✔ offer policies choose only returned windows without mutating scheduler order (14.5053ms)
✔ horizon follows Chicago tomorrow plus ten weekdays across weekends and DST (14.585ms)
✔ test APIs require explicit enablement and local same-origin requests (22.4335ms)
✔ current timing requires matching versions, exact confirmed coverage and valid intervals (4.6474ms)
✔ partial diagnostic coverage remains explicit and cannot become policy eligible (4.2492ms)
✔ time-off reports retain unresolved demand and remain ineligible for approval (1.7912ms)
▶ Daily policy diagnostic boundaries
  ✔ preserves a rejected overtime improvement separately from apply coverage (2.6342ms)
  ✔ rejects fabricated or missing reference targets and duplicate unresolved identities (1.2444ms)
✔ Daily policy diagnostic boundaries (4.7757ms)
✔ accepts road coordinates and empty schedules (1.2081ms)
✔ validates saved segment timing and coverage before rendering (0.5187ms)
✔ rejects Java tree metadata and malformed coordinates before map rendering (0.2036ms)
✔ rejects stale dates, phases, missing routes, and invalid stop times (0.2216ms)
✔ seeded call planning is deterministic and uses weekdays only (4.1775ms)
✔ service weighting boundaries match the requested mix (0.251ms)
✔ each fake call gets a random street address and geocode in the Omaha metro (1.062ms)
✔ different generated seeds produce different Omaha addresses (0.5621ms)
✔ input validation accepts 31 days and rejects invalid ranges (1.1882ms)
✔ versioned external IDs retain the service date for scoped cleanup (0.2679ms)
✔ all 206 USPS primary suffix pairs work only in suffix position (12.1299ms)
✔ Omaha direction and plaza spellings agree, with strict ZIP and road checks (9.3603ms)
✔ invalid coordinates and null address data remain malformed (2.6598ms)
✔ retries without state and labels the Papillion street result approximate (1.411ms)
✔ rejects conflicting address details (3.349ms)
✔ rejects a street response without usable bounds as malformed (0.4444ms)
✔ accepts an exact matching house without manual confirmation (0.6333ms)
✔ separates transport, timeout, malformed response, and genuine miss (2.1719ms)
✔ technician lookup API reports misses and geocoder failures separately (8.152ms)
✔ street abbreviations never normalize locality names (0.6913ms)
✔ monetary strings retain exact digits and reject binary-number or noncanonical inputs (2.2117ms)
✔ cent formatting retains cents at safe integer bounds and negative deltas (0.4429ms)
✔ operating rates and cost provenance preserve the exact wire contract (2.2452ms)
✔ refresh preserves the browser deadline and rejects expired or malformed values before scheduling (24.9139ms)
✔ time-off travel retains unavailable history and rejects malformed accounting (1.0938ms)
✔ road travel and buffer reporting rejects missing or inconsistent components (0.388ms)
✔ solver diagnostics require measured phase counts and explicit unavailable optional metrics (2.182ms)
✔ v2 solver diagnostics preserve nulls and reject missing reasons or false observation (1.2055ms)
✔ depot pin accepts nearby adjustment and rejects distant or missing geocoder candidates (0.1762ms)
✔ invalid request bodies fail before downstream requests or writes (12.1127ms)
✔ depot ownership and technician assignment fields are required (1.2629ms)
✔ scheduler client preserves status and rejects malformed success and transport failures (1.9272ms)
✔ geocoder rejects null, blank, nonfinite and out-of-range strings but retains valid zero (3.6239ms)
✔ browser and journal decoders reject incomplete state while permitting unavailable shifts (1.3024ms)
✔ appointment outcomes reject missing or contradictory search evidence (0.5548ms)
✔ scheduler search timing is kept separate from client transport duration (0.2554ms)
✔ selection conflicts preserve retryable refresh outcomes and transport failures (1.8633ms)
✔ an already abandoned search sends only durable cancellation with its own live signal (0.3426ms)
✔ calendar utilities reject missing or invalid calendar values (12.4929ms)
✔ time-off contracts reject invalid categories, intervals, and persisted reports (1.2723ms)
✔ repair approval sums increases by day without cancelling them against another day's reduction (0.3866ms)
✔ quick analysis recommends a safe cross-profile winner (1.7432ms)
✔ customer tolerances and safety violations disqualify candidates (0.4389ms)
✔ drive minutes break a paid-time tie within one percent (0.2256ms)
✔ paid minutes per appointment safely handles zero bookings (0.1187ms)
✔ validation increments and wraps unsigned 32-bit seeds (0.688ms)
✔ validation sequencing preserves completed runs when a later seed fails (0.289ms)
✔ twenty consistent runs produce summaries and a validated recommendation (5.0456ms)
✔ partial validation results are retained but inconclusive (0.7862ms)
✔ one unsafe validation run makes the outcome inconclusive (2.551ms)
✔ incomplete simulation results cannot produce recommendations (1.0545ms)
✔ JSON export retains reproducibility metadata and raw metrics (1.9511ms)
✔ CSV export includes configuration, metrics, and both delta forms (0.4247ms)
✔ validation JSON includes aggregate conclusions and every raw run (9.7216ms)
✔ validation CSV has one complete row per seed, profile, and strategy (5.4139ms)
✔ formatPhone formats as the number is typed (1.1461ms)
✔ formatPhone accepts pasted country codes and keeps extra text (0.1724ms)
✔ formatPhone lets backspace remove the last digit (0.0975ms)
✔ isValidPhone requires seven digits (0.1227ms)
✔ maskUsDate inserts slashes and leaves other text alone (0.2178ms)
✔ parseUsDate only accepts real calendar dates (1.1442ms)
✔ earliestMoveDate mirrors the 06:00 Chicago freeze (14.9218ms)
✔ technician profile address fields are supplied together (2.7578ms)
✔ formatStoredPhone only reformats ten digit numbers (9.9489ms)
✔ weekly versions select by calendar date and preserve weekend hours (4.0413ms)
✔ tenth weekday horizon counts intervening weekends and daylight saving dates (15.1948ms)
✔ malformed weeks and technician profiles fail validation (1.3626ms)
✔ diagnostics preserve retries and explicitly identify unavailable jobs (22.5729ms)
✔ malformed required diagnostic values fail instead of becoming zero (37.8328ms)
✔ frozen horizons reject missing/null/malformed dates and expired comparisons (33.4555ms)
✔ labels cannot substitute for actual strategy and feature settings (2.065ms)
✔ frozen calendar survives midnight, cutoff, weekend and DST: 2026-09-30T04:59:59Z (2.3147ms)
✔ frozen calendar survives midnight, cutoff, weekend and DST: 2026-09-30T10:59:59Z (1.5805ms)
✔ frozen calendar survives midnight, cutoff, weekend and DST: 2026-10-03T04:59:59Z (1.5867ms)
✔ frozen calendar survives midnight, cutoff, weekend and DST: 2026-03-08T07:59:59Z (1.5317ms)
✔ frozen calendar survives midnight, cutoff, weekend and DST: 2026-11-01T06:59:59Z (1.676ms)
✔ effective isolation and calendar are mandatory before and after measurement (1.6183ms)
✔ polling returns the observed terminal state (2.9027ms)
✔ deadline failures include the last observed state (0.6505ms)
✔ read failures propagate instead of becoming fabricated states (0.2023ms)
ℹ tests 110
ℹ suites 1
ℹ pass 110
ℹ fail 0
ℹ cancelled 0
ℹ skipped 0
ℹ todo 0
ℹ duration_ms 885.0663
